10:30:46 **** Incremental Build of configuration Debug for project MotorController ****
make -j12 all 
arm-none-eabi-gcc "../Drivers/STM32L4xx_HAL_Driver/Src/stm32l4xx_hal.c" -mcpu=cortex-m4 -std=gnu11 -g3 -DDEBUG -DUSE_HAL_DRIVER -DSTM32L432xx -c -I../Drivers/CMSIS/Include -I../Core/Inc -I../Drivers/CMSIS/Device/ST/STM32L4xx/Include -I../Drivers/STM32L4xx_HAL_Driver/Inc -I../Drivers/STM32L4xx_HAL_Driver/Inc/Legacy -O0 -ffunction-sections -fdata-sections -Wall -fstack-usage -MMD -MP -MF"Drivers/STM32L4xx_HAL_Driver/Src/stm32l4xx_hal.d" -MT"Drivers/STM32L4xx_HAL_Driver/Src/stm32l4xx_hal.o" --specs=nano.specs -mfpu=fpv4-sp-d16 -mfloat-abi=hard -mthumb -o "Drivers/STM32L4xx_HAL_Driver/Src/stm32l4xx_hal.o"
arm-none-eabi-gcc "../Drivers/STM32L4xx_HAL_Driver/Src/stm32l4xx_hal_adc.c" -mcpu=cortex-m4 -std=gnu11 -g3 -DDEBUG -DUSE_HAL_DRIVER -DSTM32L432xx -c -I../Drivers/CMSIS/Include -I../Core/Inc -I../Drivers/CMSIS/Device/ST/STM32L4xx/Include -I../Drivers/STM32L4xx_HAL_Driver/Inc -I../Drivers/STM32L4xx_HAL_Driver/Inc/Legacy -O0 -ffunction-sections -fdata-sections -Wall -fstack-usage -MMD -MP -MF"Drivers/STM32L4xx_HAL_Driver/Src/stm32l4xx_hal_adc.d" -MT"Drivers/STM32L4xx_HAL_Driver/Src/stm32l4xx_hal_adc.o" --specs=nano.specs -mfpu=fpv4-sp-d16 -mfloat-abi=hard -mthumb -o "Drivers/STM32L4xx_HAL_Driver/Src/stm32l4xx_hal_adc.o"
arm-none-eabi-gcc "../Drivers/STM32L4xx_HAL_Driver/Src/stm32l4xx_hal_adc_ex.c" -mcpu=cortex-m4 -std=gnu11 -g3 -DDEBUG -DUSE_HAL_DRIVER -DSTM32L432xx -c -I../Drivers/CMSIS/Include -I../Core/Inc -I../Drivers/CMSIS/Device/ST/STM32L4xx/Include -I../Drivers/STM32L4xx_HAL_Driver/Inc -I../Drivers/STM32L4xx_HAL_Driver/Inc/Legacy -O0 -ffunction-sections -fdata-sections -Wall -fstack-usage -MMD -MP -MF"Drivers/STM32L4xx_HAL_Driver/Src/stm32l4xx_hal_adc_ex.d" -MT"Drivers/STM32L4xx_HAL_Driver/Src/stm32l4xx_hal_adc_ex.o" --specs=nano.specs -mfpu=fpv4-sp-d16 -mfloat-abi=hard -mthumb -o "Drivers/STM32L4xx_HAL_Driver/Src/stm32l4xx_hal_adc_ex.o"
arm-none-eabi-gcc "../Drivers/STM32L4xx_HAL_Driver/Src/stm32l4xx_hal_cortex.c" -mcpu=cortex-m4 -std=gnu11 -g3 -DDEBUG -DUSE_HAL_DRIVER -DSTM32L432xx -c -I../Drivers/CMSIS/Include -I../Core/Inc -I../Drivers/CMSIS/Device/ST/STM32L4xx/Include -I../Drivers/STM32L4xx_HAL_Driver/Inc -I../Drivers/STM32L4xx_HAL_Driver/Inc/Legacy -O0 -ffunction-sections -fdata-sections -Wall -fstack-usage -MMD -MP -MF"Drivers/STM32L4xx_HAL_Driver/Src/stm32l4xx_hal_cortex.d" -MT"Drivers/STM32L4xx_HAL_Driver/Src/stm32l4xx_hal_cortex.o" --specs=nano.specs -mfpu=fpv4-sp-d16 -mfloat-abi=hard -mthumb -o "Drivers/STM32L4xx_HAL_Driver/Src/stm32l4xx_hal_cortex.o"
arm-none-eabi-gcc "../Drivers/STM32L4xx_HAL_Driver/Src/stm32l4xx_hal_dma.c" -mcpu=cortex-m4 -std=gnu11 -g3 -DDEBUG -DUSE_HAL_DRIVER -DSTM32L432xx -c -I../Drivers/CMSIS/Include -I../Core/Inc -I../Drivers/CMSIS/Device/ST/STM32L4xx/Include -I../Drivers/STM32L4xx_HAL_Driver/Inc -I../Drivers/STM32L4xx_HAL_Driver/Inc/Legacy -O0 -ffunction-sections -fdata-sections -Wall -fstack-usage -MMD -MP -MF"Drivers/STM32L4xx_HAL_Driver/Src/stm32l4xx_hal_dma.d" -MT"Drivers/STM32L4xx_HAL_Driver/Src/stm32l4xx_hal_dma.o" --specs=nano.specs -mfpu=fpv4-sp-d16 -mfloat-abi=hard -mthumb -o "Drivers/STM32L4xx_HAL_Driver/Src/stm32l4xx_hal_dma.o"
arm-none-eabi-gcc "../Drivers/STM32L4xx_HAL_Driver/Src/stm32l4xx_hal_dma_ex.c" -mcpu=cortex-m4 -std=gnu11 -g3 -DDEBUG -DUSE_HAL_DRIVER -DSTM32L432xx -c -I../Drivers/CMSIS/Include -I../Core/Inc -I../Drivers/CMSIS/Device/ST/STM32L4xx/Include -I../Drivers/STM32L4xx_HAL_Driver/Inc -I../Drivers/STM32L4xx_HAL_Driver/Inc/Legacy -O0 -ffunction-sections -fdata-sections -Wall -fstack-usage -MMD -MP -MF"Drivers/STM32L4xx_HAL_Driver/Src/stm32l4xx_hal_dma_ex.d" -MT"Drivers/STM32L4xx_HAL_Driver/Src/stm32l4xx_hal_dma_ex.o" --specs=nano.specs -mfpu=fpv4-sp-d16 -mfloat-abi=hard -mthumb -o "Drivers/STM32L4xx_HAL_Driver/Src/stm32l4xx_hal_dma_ex.o"
arm-none-eabi-gcc "../Drivers/STM32L4xx_HAL_Driver/Src/stm32l4xx_hal_exti.c" -mcpu=cortex-m4 -std=gnu11 -g3 -DDEBUG -DUSE_HAL_DRIVER -DSTM32L432xx -c -I../Drivers/CMSIS/Include -I../Core/Inc -I../Drivers/CMSIS/Device/ST/STM32L4xx/Include -I../Drivers/STM32L4xx_HAL_Driver/Inc -I../Drivers/STM32L4xx_HAL_Driver/Inc/Legacy -O0 -ffunction-sections -fdata-sections -Wall -fstack-usage -MMD -MP -MF"Drivers/STM32L4xx_HAL_Driver/Src/stm32l4xx_hal_exti.d" -MT"Drivers/STM32L4xx_HAL_Driver/Src/stm32l4xx_hal_exti.o" --specs=nano.specs -mfpu=fpv4-sp-d16 -mfloat-abi=hard -mthumb -o "Drivers/STM32L4xx_HAL_Driver/Src/stm32l4xx_hal_exti.o"
arm-none-eabi-gcc "../Drivers/STM32L4xx_HAL_Driver/Src/stm32l4xx_hal_flash.c" -mcpu=cortex-m4 -std=gnu11 -g3 -DDEBUG -DUSE_HAL_DRIVER -DSTM32L432xx -c -I../Drivers/CMSIS/Include -I../Core/Inc -I../Drivers/CMSIS/Device/ST/STM32L4xx/Include -I../Drivers/STM32L4xx_HAL_Driver/Inc -I../Drivers/STM32L4xx_HAL_Driver/Inc/Legacy -O0 -ffunction-sections -fdata-sections -Wall -fstack-usage -MMD -MP -MF"Drivers/STM32L4xx_HAL_Driver/Src/stm32l4xx_hal_flash.d" -MT"Drivers/STM32L4xx_HAL_Driver/Src/stm32l4xx_hal_flash.o" --specs=nano.specs -mfpu=fpv4-sp-d16 -mfloat-abi=hard -mthumb -o "Drivers/STM32L4xx_HAL_Driver/Src/stm32l4xx_hal_flash.o"
arm-none-eabi-gcc "../Drivers/STM32L4xx_HAL_Driver/Src/stm32l4xx_hal_flash_ex.c" -mcpu=cortex-m4 -std=gnu11 -g3 -DDEBUG -DUSE_HAL_DRIVER -DSTM32L432xx -c -I../Drivers/CMSIS/Include -I../Core/Inc -I../Drivers/CMSIS/Device/ST/STM32L4xx/Include -I../Drivers/STM32L4xx_HAL_Driver/Inc -I../Drivers/STM32L4xx_HAL_Driver/Inc/Legacy -O0 -ffunction-sections -fdata-sections -Wall -fstack-usage -MMD -MP -MF"Drivers/STM32L4xx_HAL_Driver/Src/stm32l4xx_hal_flash_ex.d" -MT"Drivers/STM32L4xx_HAL_Driver/Src/stm32l4xx_hal_flash_ex.o" --specs=nano.specs -mfpu=fpv4-sp-d16 -mfloat-abi=hard -mthumb -o "Drivers/STM32L4xx_HAL_Driver/Src/stm32l4xx_hal_flash_ex.o"
arm-none-eabi-gcc "../Drivers/STM32L4xx_HAL_Driver/Src/stm32l4xx_hal_flash_ramfunc.c" -mcpu=cortex-m4 -std=gnu11 -g3 -DDEBUG -DUSE_HAL_DRIVER -DSTM32L432xx -c -I../Drivers/CMSIS/Include -I../Core/Inc -I../Drivers/CMSIS/Device/ST/STM32L4xx/Include -I../Drivers/STM32L4xx_HAL_Driver/Inc -I../Drivers/STM32L4xx_HAL_Driver/Inc/Legacy -O0 -ffunction-sections -fdata-sections -Wall -fstack-usage -MMD -MP -MF"Drivers/STM32L4xx_HAL_Driver/Src/stm32l4xx_hal_flash_ramfunc.d" -MT"Drivers/STM32L4xx_HAL_Driver/Src/stm32l4xx_hal_flash_ramfunc.o" --specs=nano.specs -mfpu=fpv4-sp-d16 -mfloat-abi=hard -mthumb -o "Drivers/STM32L4xx_HAL_Driver/Src/stm32l4xx_hal_flash_ramfunc.o"
arm-none-eabi-gcc "../Drivers/STM32L4xx_HAL_Driver/Src/stm32l4xx_hal_gpio.c" -mcpu=cortex-m4 -std=gnu11 -g3 -DDEBUG -DUSE_HAL_DRIVER -DSTM32L432xx -c -I../Drivers/CMSIS/Include -I../Core/Inc -I../Drivers/CMSIS/Device/ST/STM32L4xx/Include -I../Drivers/STM32L4xx_HAL_Driver/Inc -I../Drivers/STM32L4xx_HAL_Driver/Inc/Legacy -O0 -ffunction-sections -fdata-sections -Wall -fstack-usage -MMD -MP -MF"Drivers/STM32L4xx_HAL_Driver/Src/stm32l4xx_hal_gpio.d" -MT"Drivers/STM32L4xx_HAL_Driver/Src/stm32l4xx_hal_gpio.o" --specs=nano.specs -mfpu=fpv4-sp-d16 -mfloat-abi=hard -mthumb -o "Drivers/STM32L4xx_HAL_Driver/Src/stm32l4xx_hal_gpio.o"
arm-none-eabi-gcc "../Drivers/STM32L4xx_HAL_Driver/Src/stm32l4xx_hal_i2c.c" -mcpu=cortex-m4 -std=gnu11 -g3 -DDEBUG -DUSE_HAL_DRIVER -DSTM32L432xx -c -I../Drivers/CMSIS/Include -I../Core/Inc -I../Drivers/CMSIS/Device/ST/STM32L4xx/Include -I../Drivers/STM32L4xx_HAL_Driver/Inc -I../Drivers/STM32L4xx_HAL_Driver/Inc/Legacy -O0 -ffunction-sections -fdata-sections -Wall -fstack-usage -MMD -MP -MF"Drivers/STM32L4xx_HAL_Driver/Src/stm32l4xx_hal_i2c.d" -MT"Drivers/STM32L4xx_HAL_Driver/Src/stm32l4xx_hal_i2c.o" --specs=nano.specs -mfpu=fpv4-sp-d16 -mfloat-abi=hard -mthumb -o "Drivers/STM32L4xx_HAL_Driver/Src/stm32l4xx_hal_i2c.o"
arm-none-eabi-gcc "../Drivers/STM32L4xx_HAL_Driver/Src/stm32l4xx_hal_i2c_ex.c" -mcpu=cortex-m4 -std=gnu11 -g3 -DDEBUG -DUSE_HAL_DRIVER -DSTM32L432xx -c -I../Drivers/CMSIS/Include -I../Core/Inc -I../Drivers/CMSIS/Device/ST/STM32L4xx/Include -I../Drivers/STM32L4xx_HAL_Driver/Inc -I../Drivers/STM32L4xx_HAL_Driver/Inc/Legacy -O0 -ffunction-sections -fdata-sections -Wall -fstack-usage -MMD -MP -MF"Drivers/STM32L4xx_HAL_Driver/Src/stm32l4xx_hal_i2c_ex.d" -MT"Drivers/STM32L4xx_HAL_Driver/Src/stm32l4xx_hal_i2c_ex.o" --specs=nano.specs -mfpu=fpv4-sp-d16 -mfloat-abi=hard -mthumb -o "Drivers/STM32L4xx_HAL_Driver/Src/stm32l4xx_hal_i2c_ex.o"
arm-none-eabi-gcc "../Drivers/STM32L4xx_HAL_Driver/Src/stm32l4xx_hal_pwr.c" -mcpu=cortex-m4 -std=gnu11 -g3 -DDEBUG -DUSE_HAL_DRIVER -DSTM32L432xx -c -I../Drivers/CMSIS/Include -I../Core/Inc -I../Drivers/CMSIS/Device/ST/STM32L4xx/Include -I../Drivers/STM32L4xx_HAL_Driver/Inc -I../Drivers/STM32L4xx_HAL_Driver/Inc/Legacy -O0 -ffunction-sections -fdata-sections -Wall -fstack-usage -MMD -MP -MF"Drivers/STM32L4xx_HAL_Driver/Src/stm32l4xx_hal_pwr.d" -MT"Drivers/STM32L4xx_HAL_Driver/Src/stm32l4xx_hal_pwr.o" --specs=nano.specs -mfpu=fpv4-sp-d16 -mfloat-abi=hard -mthumb -o "Drivers/STM32L4xx_HAL_Driver/Src/stm32l4xx_hal_pwr.o"
arm-none-eabi-gcc "../Drivers/STM32L4xx_HAL_Driver/Src/stm32l4xx_hal_pwr_ex.c" -mcpu=cortex-m4 -std=gnu11 -g3 -DDEBUG -DUSE_HAL_DRIVER -DSTM32L432xx -c -I../Drivers/CMSIS/Include -I../Core/Inc -I../Drivers/CMSIS/Device/ST/STM32L4xx/Include -I../Drivers/STM32L4xx_HAL_Driver/Inc -I../Drivers/STM32L4xx_HAL_Driver/Inc/Legacy -O0 -ffunction-sections -fdata-sections -Wall -fstack-usage -MMD -MP -MF"Drivers/STM32L4xx_HAL_Driver/Src/stm32l4xx_hal_pwr_ex.d" -MT"Drivers/STM32L4xx_HAL_Driver/Src/stm32l4xx_hal_pwr_ex.o" --specs=nano.specs -mfpu=fpv4-sp-d16 -mfloat-abi=hard -mthumb -o "Drivers/STM32L4xx_HAL_Driver/Src/stm32l4xx_hal_pwr_ex.o"
arm-none-eabi-gcc "../Drivers/STM32L4xx_HAL_Driver/Src/stm32l4xx_hal_rcc.c" -mcpu=cortex-m4 -std=gnu11 -g3 -DDEBUG -DUSE_HAL_DRIVER -DSTM32L432xx -c -I../Drivers/CMSIS/Include -I../Core/Inc -I../Drivers/CMSIS/Device/ST/STM32L4xx/Include -I../Drivers/STM32L4xx_HAL_Driver/Inc -I../Drivers/STM32L4xx_HAL_Driver/Inc/Legacy -O0 -ffunction-sections -fdata-sections -Wall -fstack-usage -MMD -MP -MF"Drivers/STM32L4xx_HAL_Driver/Src/stm32l4xx_hal_rcc.d" -MT"Drivers/STM32L4xx_HAL_Driver/Src/stm32l4xx_hal_rcc.o" --specs=nano.specs -mfpu=fpv4-sp-d16 -mfloat-abi=hard -mthumb -o "Drivers/STM32L4xx_HAL_Driver/Src/stm32l4xx_hal_rcc.o"
arm-none-eabi-gcc "../Drivers/STM32L4xx_HAL_Driver/Src/stm32l4xx_hal_rcc_ex.c" -mcpu=cortex-m4 -std=gnu11 -g3 -DDEBUG -DUSE_HAL_DRIVER -DSTM32L432xx -c -I../Drivers/CMSIS/Include -I../Core/Inc -I../Drivers/CMSIS/Device/ST/STM32L4xx/Include -I../Drivers/STM32L4xx_HAL_Driver/Inc -I../Drivers/STM32L4xx_HAL_Driver/Inc/Legacy -O0 -ffunction-sections -fdata-sections -Wall -fstack-usage -MMD -MP -MF"Drivers/STM32L4xx_HAL_Driver/Src/stm32l4xx_hal_rcc_ex.d" -MT"Drivers/STM32L4xx_HAL_Driver/Src/stm32l4xx_hal_rcc_ex.o" --specs=nano.specs -mfpu=fpv4-sp-d16 -mfloat-abi=hard -mthumb -o "Drivers/STM32L4xx_HAL_Driver/Src/stm32l4xx_hal_rcc_ex.o"
arm-none-eabi-gcc "../Drivers/STM32L4xx_HAL_Driver/Src/stm32l4xx_hal_tim.c" -mcpu=cortex-m4 -std=gnu11 -g3 -DDEBUG -DUSE_HAL_DRIVER -DSTM32L432xx -c -I../Drivers/CMSIS/Include -I../Core/Inc -I../Drivers/CMSIS/Device/ST/STM32L4xx/Include -I../Drivers/STM32L4xx_HAL_Driver/Inc -I../Drivers/STM32L4xx_HAL_Driver/Inc/Legacy -O0 -ffunction-sections -fdata-sections -Wall -fstack-usage -MMD -MP -MF"Drivers/STM32L4xx_HAL_Driver/Src/stm32l4xx_hal_tim.d" -MT"Drivers/STM32L4xx_HAL_Driver/Src/stm32l4xx_hal_tim.o" --specs=nano.specs -mfpu=fpv4-sp-d16 -mfloat-abi=hard -mthumb -o "Drivers/STM32L4xx_HAL_Driver/Src/stm32l4xx_hal_tim.o"
arm-none-eabi-gcc "../Drivers/STM32L4xx_HAL_Driver/Src/stm32l4xx_hal_tim_ex.c" -mcpu=cortex-m4 -std=gnu11 -g3 -DDEBUG -DUSE_HAL_DRIVER -DSTM32L432xx -c -I../Drivers/CMSIS/Include -I../Core/Inc -I../Drivers/CMSIS/Device/ST/STM32L4xx/Include -I../Drivers/STM32L4xx_HAL_Driver/Inc -I../Drivers/STM32L4xx_HAL_Driver/Inc/Legacy -O0 -ffunction-sections -fdata-sections -Wall -fstack-usage -MMD -MP -MF"Drivers/STM32L4xx_HAL_Driver/Src/stm32l4xx_hal_tim_ex.d" -MT"Drivers/STM32L4xx_HAL_Driver/Src/stm32l4xx_hal_tim_ex.o" --specs=nano.specs -mfpu=fpv4-sp-d16 -mfloat-abi=hard -mthumb -o "Drivers/STM32L4xx_HAL_Driver/Src/stm32l4xx_hal_tim_ex.o"
arm-none-eabi-gcc "../Drivers/STM32L4xx_HAL_Driver/Src/stm32l4xx_hal_uart.c" -mcpu=cortex-m4 -std=gnu11 -g3 -DDEBUG -DUSE_HAL_DRIVER -DSTM32L432xx -c -I../Drivers/CMSIS/Include -I../Core/Inc -I../Drivers/CMSIS/Device/ST/STM32L4xx/Include -I../Drivers/STM32L4xx_HAL_Driver/Inc -I../Drivers/STM32L4xx_HAL_Driver/Inc/Legacy -O0 -ffunction-sections -fdata-sections -Wall -fstack-usage -MMD -MP -MF"Drivers/STM32L4xx_HAL_Driver/Src/stm32l4xx_hal_uart.d" -MT"Drivers/STM32L4xx_HAL_Driver/Src/stm32l4xx_hal_uart.o" --specs=nano.specs -mfpu=fpv4-sp-d16 -mfloat-abi=hard -mthumb -o "Drivers/STM32L4xx_HAL_Driver/Src/stm32l4xx_hal_uart.o"
arm-none-eabi-gcc "../Drivers/STM32L4xx_HAL_Driver/Src/stm32l4xx_hal_uart_ex.c" -mcpu=cortex-m4 -std=gnu11 -g3 -DDEBUG -DUSE_HAL_DRIVER -DSTM32L432xx -c -I../Drivers/CMSIS/Include -I../Core/Inc -I../Drivers/CMSIS/Device/ST/STM32L4xx/Include -I../Drivers/STM32L4xx_HAL_Driver/Inc -I../Drivers/STM32L4xx_HAL_Driver/Inc/Legacy -O0 -ffunction-sections -fdata-sections -Wall -fstack-usage -MMD -MP -MF"Drivers/STM32L4xx_HAL_Driver/Src/stm32l4xx_hal_uart_ex.d" -MT"Drivers/STM32L4xx_HAL_Driver/Src/stm32l4xx_hal_uart_ex.o" --specs=nano.specs -mfpu=fpv4-sp-d16 -mfloat-abi=hard -mthumb -o "Drivers/STM32L4xx_HAL_Driver/Src/stm32l4xx_hal_uart_ex.o"
arm-none-eabi-gcc "../Core/Src/DCMotorDriver.c" -mcpu=cortex-m4 -std=gnu11 -g3 -DDEBUG -DUSE_HAL_DRIVER -DSTM32L432xx -c -I../Drivers/CMSIS/Include -I../Core/Inc -I../Drivers/CMSIS/Device/ST/STM32L4xx/Include -I../Drivers/STM32L4xx_HAL_Driver/Inc -I../Drivers/STM32L4xx_HAL_Driver/Inc/Legacy -O0 -ffunction-sections -fdata-sections -Wall -fstack-usage -MMD -MP -MF"Core/Src/DCMotorDriver.d" -MT"Core/Src/DCMotorDriver.o" --specs=nano.specs -mfpu=fpv4-sp-d16 -mfloat-abi=hard -mthumb -o "Core/Src/DCMotorDriver.o"
arm-none-eabi-gcc "../Core/Src/comm_relay.c" -mcpu=cortex-m4 -std=gnu11 -g3 -DDEBUG -DUSE_HAL_DRIVER -DSTM32L432xx -c -I../Drivers/CMSIS/Include -I../Core/Inc -I../Drivers/CMSIS/Device/ST/STM32L4xx/Include -I../Drivers/STM32L4xx_HAL_Driver/Inc -I../Drivers/STM32L4xx_HAL_Driver/Inc/Legacy -O0 -ffunction-sections -fdata-sections -Wall -fstack-usage -MMD -MP -MF"Core/Src/comm_relay.d" -MT"Core/Src/comm_relay.o" --specs=nano.specs -mfpu=fpv4-sp-d16 -mfloat-abi=hard -mthumb -o "Core/Src/comm_relay.o"
arm-none-eabi-gcc "../Core/Src/main.c" -mcpu=cortex-m4 -std=gnu11 -g3 -DDEBUG -DUSE_HAL_DRIVER -DSTM32L432xx -c -I../Drivers/CMSIS/Include -I../Core/Inc -I../Drivers/CMSIS/Device/ST/STM32L4xx/Include -I../Drivers/STM32L4xx_HAL_Driver/Inc -I../Drivers/STM32L4xx_HAL_Driver/Inc/Legacy -O0 -ffunction-sections -fdata-sections -Wall -fstack-usage -MMD -MP -MF"Core/Src/main.d" -MT"Core/Src/main.o" --specs=nano.specs -mfpu=fpv4-sp-d16 -mfloat-abi=hard -mthumb -o "Core/Src/main.o"
../Core/Src/comm_relay.c: In function 'to_frame':
../Core/Src/comm_relay.c:17:11: warning: assignment to 'char' from 'uint8_t *' {aka 'unsigned char *'} makes integer from pointer without a cast [-Wint-conversion]
   17 |  frame[1] = ID;
      |           ^
../Core/Src/comm_relay.c:19:9: warning: comparison between pointer and integer
   19 |  if (ID == 3) {
      |         ^~
../Core/Src/comm_relay.c:21:16: warning: comparison between pointer and integer
   21 |  } else if (ID == 2) {
      |                ^~
../Core/Src/main.c: In function 'main':
../Core/Src/main.c:146:2: warning: implicit declaration of function 'motor_init'; did you mean 'motor_initi'? [-Wimplicit-function-declaration]
  146 |  motor_init(&motorR, 'R');
      |  ^~~~~~~~~~
      |  motor_initi
../Core/Src/main.c:149:2: warning: implicit declaration of function 'motorEncoder_init' [-Wimplicit-function-declaration]
  149 |  motorEncoder_init(&encoderR);
      |  ^~~~~~~~~~~~~~~~~
../Core/Src/main.c:152:2: warning: implicit declaration of function 'motorController_init' [-Wimplicit-function-declaration]
  152 |  motorController_init(&controllerR, &motorR, &encoderR);
      |  ^~~~~~~~~~~~~~~~~~~~
../Core/Src/main.c:174:32: warning: pointer targets in passing argument 2 of 'HAL_UART_Receive_DMA' differ in signedness [-Wpointer-sign]
  174 |  HAL_UART_Receive_DMA(&huart2, uart_in, UART_IN_BUF_SIZE);
      |                                ^~~~~~~
      |                                |
      |                                char *
In file included from ../Core/Inc/stm32l4xx_hal_conf.h:449,
                 from ../Drivers/STM32L4xx_HAL_Driver/Inc/stm32l4xx_hal.h:30,
                 from ../Core/Inc/main.h:31,
                 from ../Core/Src/main.c:21:
../Drivers/STM32L4xx_HAL_Driver/Inc/stm32l4xx_hal_uart.h:1684:76: note: expected 'uint8_t *' {aka 'unsigned char *'} but argument is of type 'char *'
 1684 | HAL_StatusTypeDef HAL_UART_Receive_DMA(UART_HandleTypeDef *huart, uint8_t *pData, uint16_t Size);
      |                                                                   ~~~~~~~~~^~~~~
../Core/Src/main.c: At top level:
../Core/Src/main.c:622:6: warning: conflicting types for 'motor_init'
  622 | void motor_init(Motor *m, char name) {
      |      ^~~~~~~~~~
../Core/Src/main.c:146:2: note: previous implicit declaration of 'motor_init' was here
  146 |  motor_init(&motorR, 'R');
      |  ^~~~~~~~~~
../Core/Src/main.c:628:6: warning: conflicting types for 'motorEncoder_init'
  628 | void motorEncoder_init(MotorEncoder *e) {
      |      ^~~~~~~~~~~~~~~~~
../Core/Src/main.c:149:2: note: previous implicit declaration of 'motorEncoder_init' was here
  149 |  motorEncoder_init(&encoderR);
      |  ^~~~~~~~~~~~~~~~~
../Core/Src/main.c:636:6: warning: conflicting types for 'motorController_init'
  636 | void motorController_init(MotorController *c, Motor *m, MotorEncoder *e) {
      |      ^~~~~~~~~~~~~~~~~~~~
../Core/Src/main.c:152:2: note: previous implicit declaration of 'motorController_init' was here
  152 |  motorController_init(&controllerR, &motorR, &encoderR);
      |  ^~~~~~~~~~~~~~~~~~~~
../Core/Src/main.c: In function 'updatePositionsAndVelocities':
../Core/Src/main.c:741:2: warning: implicit declaration of function 'sendPositionAndVelocity'; did you mean 'calcPositionAndVelocity'? [-Wimplicit-function-declaration]
  741 |  sendPositionAndVelocity();
      |  ^~~~~~~~~~~~~~~~~~~~~~~
      |  calcPositionAndVelocity
arm-none-eabi-gcc "../Core/Src/orientation.c" -mcpu=cortex-m4 -std=gnu11 -g3 -DDEBUG -DUSE_HAL_DRIVER -DSTM32L432xx -c -I../Drivers/CMSIS/Include -I../Core/Inc -I../Drivers/CMSIS/Device/ST/STM32L4xx/Include -I../Drivers/STM32L4xx_HAL_Driver/Inc -I../Drivers/STM32L4xx_HAL_Driver/Inc/Legacy -O0 -ffunction-sections -fdata-sections -Wall -fstack-usage -MMD -MP -MF"Core/Src/orientation.d" -MT"Core/Src/orientation.o" --specs=nano.specs -mfpu=fpv4-sp-d16 -mfloat-abi=hard -mthumb -o "Core/Src/orientation.o"
../Core/Src/main.c:744:2: warning: implicit declaration of function 'calcOrientOutput' [-Wimplicit-function-declaration]
  744 |  calcOrientOutput();
      |  ^~~~~~~~~~~~~~~~
arm-none-eabi-gcc "../Core/Src/stm32l4xx_hal_msp.c" -mcpu=cortex-m4 -std=gnu11 -g3 -DDEBUG -DUSE_HAL_DRIVER -DSTM32L432xx -c -I../Drivers/CMSIS/Include -I../Core/Inc -I../Drivers/CMSIS/Device/ST/STM32L4xx/Include -I../Drivers/STM32L4xx_HAL_Driver/Inc -I../Drivers/STM32L4xx_HAL_Driver/Inc/Legacy -O0 -ffunction-sections -fdata-sections -Wall -fstack-usage -MMD -MP -MF"Core/Src/stm32l4xx_hal_msp.d" -MT"Core/Src/stm32l4xx_hal_msp.o" --specs=nano.specs -mfpu=fpv4-sp-d16 -mfloat-abi=hard -mthumb -o "Core/Src/stm32l4xx_hal_msp.o"
../Core/Src/main.c:745:2: warning: implicit declaration of function 'sendOrientData' [-Wimplicit-function-declaration]
  745 |  sendOrientData();
      |  ^~~~~~~~~~~~~~
../Core/Src/main.c: In function 'packThe6Floats':
../Core/Src/main.c:749:21: warning: initialization of 'uint8_t *' {aka 'unsigned char *'} from incompatible pointer type 'float *' [-Wincompatible-pointer-types]
  749 |  uint8_t *pointer = &posX;
      |                     ^
../Core/Src/main.c:754:10: warning: assignment to 'uint8_t *' {aka 'unsigned char *'} from incompatible pointer type 'float *' [-Wincompatible-pointer-types]
  754 |  pointer = &posY;
      |          ^
../Core/Src/main.c:758:10: warning: assignment to 'uint8_t *' {aka 'unsigned char *'} from incompatible pointer type 'float *' [-Wincompatible-pointer-types]
  758 |  pointer = &posPhi;
      |          ^
../Core/Src/main.c:762:10: warning: assignment to 'uint8_t *' {aka 'unsigned char *'} from incompatible pointer type 'float *' [-Wincompatible-pointer-types]
  762 |  pointer = &velX;
      |          ^
../Core/Src/main.c:766:10: warning: assignment to 'uint8_t *' {aka 'unsigned char *'} from incompatible pointer type 'float *' [-Wincompatible-pointer-types]
  766 |  pointer = &velY;
      |          ^
../Core/Src/main.c:770:10: warning: assignment to 'uint8_t *' {aka 'unsigned char *'} from incompatible pointer type 'float *' [-Wincompatible-pointer-types]
  770 |  pointer = &velPhi;
      |          ^
../Core/Src/main.c: At top level:
../Core/Src/main.c:776:6: warning: conflicting types for 'sendPositionAndVelocity'
  776 | void sendPositionAndVelocity() {
      |      ^~~~~~~~~~~~~~~~~~~~~~~
arm-none-eabi-gcc "../Core/Src/stm32l4xx_it.c" -mcpu=cortex-m4 -std=gnu11 -g3 -DDEBUG -DUSE_HAL_DRIVER -DSTM32L432xx -c -I../Drivers/CMSIS/Include -I../Core/Inc -I../Drivers/CMSIS/Device/ST/STM32L4xx/Include -I../Drivers/STM32L4xx_HAL_Driver/Inc -I../Drivers/STM32L4xx_HAL_Driver/Inc/Legacy -O0 -ffunction-sections -fdata-sections -Wall -fstack-usage -MMD -MP -MF"Core/Src/stm32l4xx_it.d" -MT"Core/Src/stm32l4xx_it.o" --specs=nano.specs -mfpu=fpv4-sp-d16 -mfloat-abi=hard -mthumb -o "Core/Src/stm32l4xx_it.o"
../Core/Src/main.c:741:2: note: previous implicit declaration of 'sendPositionAndVelocity' was here
  741 |  sendPositionAndVelocity();
      |  ^~~~~~~~~~~~~~~~~~~~~~~
../Core/Src/main.c: In function 'sendPositionAndVelocity':
../Core/Src/main.c:784:39: warning: passing argument 3 of 'to_frame' makes pointer from integer without a cast [-Wint-conversion]
  784 |   to_frame(packedMotorData, position, 3);
      |                                       ^
      |                                       |
      |                                       int
In file included from ../Core/Src/main.c:26:
../Core/Inc/comm_relay.h:22:62: note: expected 'uint8_t *' {aka 'unsigned char *'} but argument is of type 'int'
   22 | int to_frame(char * frame, uint8_t *revolutionAddr, uint8_t *ID);
arm-none-eabi-gcc "../Core/Src/syscalls.c" -mcpu=cortex-m4 -std=gnu11 -g3 -DDEBUG -DUSE_HAL_DRIVER -DSTM32L432xx -c -I../Drivers/CMSIS/Include -I../Core/Inc -I../Drivers/CMSIS/Device/ST/STM32L4xx/Include -I../Drivers/STM32L4xx_HAL_Driver/Inc -I../Drivers/STM32L4xx_HAL_Driver/Inc/Legacy -O0 -ffunction-sections -fdata-sections -Wall -fstack-usage -MMD -MP -MF"Core/Src/syscalls.d" -MT"Core/Src/syscalls.o" --specs=nano.specs -mfpu=fpv4-sp-d16 -mfloat-abi=hard -mthumb -o "Core/Src/syscalls.o"
      |                                                     ~~~~~~~~~^~
../Core/Src/main.c:785:30: warning: pointer targets in passing argument 2 of 'HAL_UART_Transmit' differ in signedness [-Wpointer-sign]
  785 |   HAL_UART_Transmit(&huart2, packedMotorData, sizeof(packedMotorData), HAL_MAX_DELAY);
      |                              ^~~~~~~~~~~~~~~
      |                              |
      |                              char *
In file included from ../Core/Inc/stm32l4xx_hal_conf.h:449,
arm-none-eabi-gcc "../Core/Src/sysmem.c" -mcpu=cortex-m4 -std=gnu11 -g3 -DDEBUG -DUSE_HAL_DRIVER -DSTM32L432xx -c -I../Drivers/CMSIS/Include -I../Core/Inc -I../Drivers/CMSIS/Device/ST/STM32L4xx/Include -I../Drivers/STM32L4xx_HAL_Driver/Inc -I../Drivers/STM32L4xx_HAL_Driver/Inc/Legacy -O0 -ffunction-sections -fdata-sections -Wall -fstack-usage -MMD -MP -MF"Core/Src/sysmem.d" -MT"Core/Src/sysmem.o" --specs=nano.specs -mfpu=fpv4-sp-d16 -mfloat-abi=hard -mthumb -o "Core/Src/sysmem.o"
                 from ../Drivers/STM32L4xx_HAL_Driver/Inc/stm32l4xx_hal.h:30,
                 from ../Core/Inc/main.h:31,
                 from ../Core/Src/main.c:21:
../Drivers/STM32L4xx_HAL_Driver/Inc/stm32l4xx_hal_uart.h:1679:73: note: expected 'uint8_t *' {aka 'unsigned char *'} but argument is of type 'char *'
 1679 | HAL_StatusTypeDef HAL_UART_Transmit(UART_HandleTypeDef *huart, uint8_t *pData, uint16_t Size, uint32_t Timeout);
      |                                                                ~~~~~~~~~^~~~~
../Core/Src/main.c: In function 'clockcheckRight':
../Core/Src/main.c:798:41: warning: implicit declaration of function 'abs' [-Wimplicit-function-declaration]
  798 |   controllerR.Encoder->fineAdjustment = abs((controllerR.Encoder->fineAdjustment + controllerR.motor->direction) % TOTAL_WHEEL_TICKS);
      |                                         ^~~
../Core/Src/main.c:804:2: warning: implicit declaration of function 'checkRevolutions' [-Wimplicit-function-declaration]
  804 |  checkRevolutions(&controllerR);
      |  ^~~~~~~~~~~~~~~~
../Core/Src/main.c: At top level:
../Core/Src/main.c:843:6: warning: conflicting types for 'checkRevolutions'
  843 | void checkRevolutions(MotorController *c) {
      |      ^~~~~~~~~~~~~~~~
../Core/Src/main.c:804:2: note: previous implicit declaration of 'checkRevolutions' was here
  804 |  checkRevolutions(&controllerR);
      |  ^~~~~~~~~~~~~~~~
../Core/Src/main.c: In function 'uart_in_read':
../Core/Src/main.c:686:8: warning: 'dataLength' may be used uninitialized in this function [-Wmaybe-uninitialized]
  686 |    if (from_frame(frame, frameLength, data, dataLength) == 1) {
      |        ^~~~~~~~~~~~~~~~~~~~~~~~~~~~~~~~~~~~~~~~~~~~~~~~
arm-none-eabi-gcc "../Core/Src/system_stm32l4xx.c" -mcpu=cortex-m4 -std=gnu11 -g3 -DDEBUG -DUSE_HAL_DRIVER -DSTM32L432xx -c -I../Drivers/CMSIS/Include -I../Core/Inc -I../Drivers/CMSIS/Device/ST/STM32L4xx/Include -I../Drivers/STM32L4xx_HAL_Driver/Inc -I../Drivers/STM32L4xx_HAL_Driver/Inc/Legacy -O0 -ffunction-sections -fdata-sections -Wall -fstack-usage -MMD -MP -MF"Core/Src/system_stm32l4xx.d" -MT"Core/Src/system_stm32l4xx.o" --specs=nano.specs -mfpu=fpv4-sp-d16 -mfloat-abi=hard -mthumb -o "Core/Src/system_stm32l4xx.o"
../Core/Src/orientation.c: In function 'packOrient':
../Core/Src/orientation.c:21:17: warning: assignment to 'uint8_t *' {aka 'unsigned char *'} from incompatible pointer type 'float *' [-Wincompatible-pointer-types]
   21 |  angularPointer = &orientAngle;
      |                 ^
In file included from ../Core/Src/orientation.c:1:
../Core/Src/orientation.c: In function 'sendOrientData':
../Core/Inc/orientation.h:18:18: warning: passing argument 3 of 'to_frame' makes pointer from integer without a cast [-Wint-conversion]
   18 | #define ORIENTID 3
      |                  ^
      |                  |
      |                  int
../Core/Src/orientation.c:70:47: note: in expansion of macro 'ORIENTID'
   70 |   to_frame(packedOrientData, angularPosition, ORIENTID);
      |                                               ^~~~~~~~
In file included from ../Core/Inc/orientation.h:12,
                 from ../Core/Src/orientation.c:1:
../Core/Inc/comm_relay.h:22:62: note: expected 'uint8_t *' {aka 'unsigned char *'} but argument is of type 'int'
   22 | int to_frame(char * frame, uint8_t *revolutionAddr, uint8_t *ID);
      |                                                     ~~~~~~~~~^~
../Core/Src/orientation.c:71:30: warning: pointer targets in passing argument 2 of 'HAL_UART_Transmit' differ in signedness [-Wpointer-sign]
   71 |   HAL_UART_Transmit(&huart2, packedOrientData, sizeof(packedOrientData), HAL_MAX_DELAY);
      |                              ^~~~~~~~~~~~~~~~
      |                              |
      |                              char *
In file included from ../Core/Inc/stm32l4xx_hal_conf.h:449,
                 from ../Drivers/STM32L4xx_HAL_Driver/Inc/stm32l4xx_hal.h:30,
                 from ../Core/Inc/main.h:31,
                 from ../Core/Inc/orientation.h:13,
                 from ../Core/Src/orientation.c:1:
../Drivers/STM32L4xx_HAL_Driver/Inc/stm32l4xx_hal_uart.h:1679:73: note: expected 'uint8_t *' {aka 'unsigned char *'} but argument is of type 'char *'
 1679 | HAL_StatusTypeDef HAL_UART_Transmit(UART_HandleTypeDef *huart, uint8_t *pData, uint16_t Size, uint32_t Timeout);
      |                                                                ~~~~~~~~~^~~~~
../Core/Src/stm32l4xx_it.c: In function 'EXTI0_IRQHandler':
../Core/Src/stm32l4xx_it.c:214:2: warning: implicit declaration of function 'clockcheckRight' [-Wimplicit-function-declaration]
  214 |  clockcheckRight();
      |  ^~~~~~~~~~~~~~~
../Core/Src/stm32l4xx_it.c: In function 'EXTI1_IRQHandler':
../Core/Src/stm32l4xx_it.c:228:3: warning: implicit declaration of function 'counterclockcheckLeft' [-Wimplicit-function-declaration]
  228 |   counterclockcheckLeft();
      |   ^~~~~~~~~~~~~~~~~~~~~
../Core/Src/stm32l4xx_it.c: In function 'EXTI3_IRQHandler':
../Core/Src/stm32l4xx_it.c:242:2: warning: implicit declaration of function 'checkOrientClock' [-Wimplicit-function-declaration]
  242 |  checkOrientClock();
      |  ^~~~~~~~~~~~~~~~
../Core/Src/stm32l4xx_it.c: In function 'EXTI4_IRQHandler':
../Core/Src/stm32l4xx_it.c:256:2: warning: implicit declaration of function 'counterclockcheckRight' [-Wimplicit-function-declaration]
  256 |  counterclockcheckRight();
      |  ^~~~~~~~~~~~~~~~~~~~~~
../Core/Src/stm32l4xx_it.c: In function 'EXTI9_5_IRQHandler':
../Core/Src/stm32l4xx_it.c:284:4: warning: implicit declaration of function 'clockcheckLeft' [-Wimplicit-function-declaration]
  284 |    clockcheckLeft();
      |    ^~~~~~~~~~~~~~
../Core/Src/stm32l4xx_it.c: In function 'TIM2_IRQHandler':
../Core/Src/stm32l4xx_it.c:299:2: warning: implicit declaration of function 'controlBothMotors' [-Wimplicit-function-declaration]
  299 |  controlBothMotors();
      |  ^~~~~~~~~~~~~~~~~
../Core/Src/stm32l4xx_it.c: In function 'EXTI15_10_IRQHandler':
../Core/Src/stm32l4xx_it.c:313:2: warning: implicit declaration of function 'checkOrientCounterClock' [-Wimplicit-function-declaration]
  313 |  checkOrientCounterClock();
      |  ^~~~~~~~~~~~~~~~~~~~~~~
../Core/Src/stm32l4xx_it.c: In function 'TIM6_DAC_IRQHandler':
../Core/Src/stm32l4xx_it.c:327:2: warning: implicit declaration of function 'updatePositionsAndVelocities' [-Wimplicit-function-declaration]
  327 |  updatePositionsAndVelocities();
      |  ^~~~~~~~~~~~~~~~~~~~~~~~~~~~
arm-none-eabi-gcc -o "MotorController.elf" @"objects.list"   -mcpu=cortex-m4 -T"C:\Users\Rasmu\OneDrive\Billeder\Dokumenter\GitHub\MotorController\STM32L432KCUX_FLASH.ld" --specs=nosys.specs -Wl,-Map="MotorController.map" -Wl,--gc-sections -static --specs=nano.specs -mfpu=fpv4-sp-d16 -mfloat-abi=hard -mthumb -Wl,--start-group -lc -lm -Wl,--end-group
Finished building target: MotorController.elf
 
arm-none-eabi-size   MotorController.elf 
arm-none-eabi-objdump -h -S  MotorController.elf  > "MotorController.list"
arm-none-eabi-objcopy  -O binary  MotorController.elf  "MotorController.bin"
   text	   data	    bss	    dec	    hex	filename
  36216	     32	   2768	  39016	   9868	MotorController.elf
Finished building: default.size.stdout
 
Finished building: MotorController.bin
 
Finished building: MotorController.list
 
10:30:59 **** Incremental Build of configuration Debug for project MotorController ****
make -j12 all 
arm-none-eabi-size   MotorController.elf 
   text	   data	    bss	    dec	    hex	filename
  36216	     32	   2768	  39016	   9868	MotorController.elf
Finished building: default.size.stdout
 
10:33:04 **** Incremental Build of configuration Debug for project MotorController ****
make -j12 all 
arm-none-eabi-gcc "../Core/Src/orientation.c" -mcpu=cortex-m4 -std=gnu11 -g3 -DDEBUG -DUSE_HAL_DRIVER -DSTM32L432xx -c -I../Drivers/CMSIS/Include -I../Core/Inc -I../Drivers/CMSIS/Device/ST/STM32L4xx/Include -I../Drivers/STM32L4xx_HAL_Driver/Inc -I../Drivers/STM32L4xx_HAL_Driver/Inc/Legacy -O0 -ffunction-sections -fdata-sections -Wall -fstack-usage -MMD -MP -MF"Core/Src/orientation.d" -MT"Core/Src/orientation.o" --specs=nano.specs -mfpu=fpv4-sp-d16 -mfloat-abi=hard -mthumb -o "Core/Src/orientation.o"
../Core/Src/orientation.c: In function 'packOrient':
../Core/Src/orientation.c:21:17: warning: assignment to 'uint8_t *' {aka 'unsigned char *'} from incompatible pointer type 'float *' [-Wincompatible-pointer-types]
   21 |  angularPointer = &orientAngle;
      |                 ^
In file included from ../Core/Src/orientation.c:1:
../Core/Src/orientation.c: In function 'sendOrientData':
../Core/Inc/orientation.h:18:18: warning: passing argument 3 of 'to_frame' makes pointer from integer without a cast [-Wint-conversion]
   18 | #define ORIENTID 3
      |                  ^
      |                  |
      |                  int
../Core/Src/orientation.c:70:47: note: in expansion of macro 'ORIENTID'
   70 |   to_frame(packedOrientData, angularPosition, ORIENTID);
      |                                               ^~~~~~~~
In file included from ../Core/Inc/orientation.h:12,
                 from ../Core/Src/orientation.c:1:
../Core/Inc/comm_relay.h:22:62: note: expected 'uint8_t *' {aka 'unsigned char *'} but argument is of type 'int'
   22 | int to_frame(char * frame, uint8_t *revolutionAddr, uint8_t *ID);
      |                                                     ~~~~~~~~~^~
../Core/Src/orientation.c:71:30: warning: pointer targets in passing argument 2 of 'HAL_UART_Transmit' differ in signedness [-Wpointer-sign]
   71 |   HAL_UART_Transmit(&huart2, packedOrientData, sizeof(packedOrientData), HAL_MAX_DELAY);
      |                              ^~~~~~~~~~~~~~~~
      |                              |
      |                              char *
In file included from ../Core/Inc/stm32l4xx_hal_conf.h:449,
                 from ../Drivers/STM32L4xx_HAL_Driver/Inc/stm32l4xx_hal.h:30,
                 from ../Core/Inc/main.h:31,
                 from ../Core/Inc/orientation.h:13,
                 from ../Core/Src/orientation.c:1:
../Drivers/STM32L4xx_HAL_Driver/Inc/stm32l4xx_hal_uart.h:1679:73: note: expected 'uint8_t *' {aka 'unsigned char *'} but argument is of type 'char *'
 1679 | HAL_StatusTypeDef HAL_UART_Transmit(UART_HandleTypeDef *huart, uint8_t *pData, uint16_t Size, uint32_t Timeout);
      |                                                                ~~~~~~~~~^~~~~
arm-none-eabi-gcc -o "MotorController.elf" @"objects.list"   -mcpu=cortex-m4 -T"C:\Users\Rasmu\OneDrive\Billeder\Dokumenter\GitHub\MotorController\STM32L432KCUX_FLASH.ld" --specs=nosys.specs -Wl,-Map="MotorController.map" -Wl,--gc-sections -static --specs=nano.specs -mfpu=fpv4-sp-d16 -mfloat-abi=hard -mthumb -Wl,--start-group -lc -lm -Wl,--end-group
Finished building target: MotorController.elf
 
arm-none-eabi-size   MotorController.elf 
arm-none-eabi-objdump -h -S  MotorController.elf  > "MotorController.list"
arm-none-eabi-objcopy  -O binary  MotorController.elf  "MotorController.bin"
   text	   data	    bss	    dec	    hex	filename
  36208	     32	   2768	  39008	   9860	MotorController.elf
Finished building: default.size.stdout
 
Finished building: MotorController.bin
 
Finished building: MotorController.list
 
10:35:29 **** Incremental Build of configuration Debug for project MotorController ****
make -j12 all 
arm-none-eabi-size   MotorController.elf 
   text	   data	    bss	    dec	    hex	filename
  36208	     32	   2768	  39008	   9860	MotorController.elf
Finished building: default.size.stdout
 
10:43:50 **** Incremental Build of configuration Debug for project MotorController ****
make -j12 all 
arm-none-eabi-gcc "../Core/Src/orientation.c" -mcpu=cortex-m4 -std=gnu11 -g3 -DDEBUG -DUSE_HAL_DRIVER -DSTM32L432xx -c -I../Drivers/CMSIS/Include -I../Core/Inc -I../Drivers/CMSIS/Device/ST/STM32L4xx/Include -I../Drivers/STM32L4xx_HAL_Driver/Inc -I../Drivers/STM32L4xx_HAL_Driver/Inc/Legacy -O0 -ffunction-sections -fdata-sections -Wall -fstack-usage -MMD -MP -MF"Core/Src/orientation.d" -MT"Core/Src/orientation.o" --specs=nano.specs -mfpu=fpv4-sp-d16 -mfloat-abi=hard -mthumb -o "Core/Src/orientation.o"
../Core/Src/orientation.c: In function 'packOrient':
../Core/Src/orientation.c:21:17: warning: assignment to 'uint8_t *' {aka 'unsigned char *'} from incompatible pointer type 'float *' [-Wincompatible-pointer-types]
   21 |  angularPointer = &orientAngle;
      |                 ^
In file included from ../Core/Src/orientation.c:1:
../Core/Src/orientation.c: In function 'sendOrientData':
../Core/Inc/orientation.h:18:18: warning: passing argument 3 of 'to_frame' makes pointer from integer without a cast [-Wint-conversion]
   18 | #define ORIENTID 3
      |                  ^
      |                  |
      |                  int
../Core/Src/orientation.c:70:47: note: in expansion of macro 'ORIENTID'
   70 |   to_frame(packedOrientData, angularPosition, ORIENTID);
      |                                               ^~~~~~~~
In file included from ../Core/Inc/orientation.h:12,
                 from ../Core/Src/orientation.c:1:
../Core/Inc/comm_relay.h:22:62: note: expected 'uint8_t *' {aka 'unsigned char *'} but argument is of type 'int'
   22 | int to_frame(char * frame, uint8_t *revolutionAddr, uint8_t *ID);
      |                                                     ~~~~~~~~~^~
../Core/Src/orientation.c:71:30: warning: pointer targets in passing argument 2 of 'HAL_UART_Transmit' differ in signedness [-Wpointer-sign]
   71 |   HAL_UART_Transmit(&huart2, packedOrientData, sizeof(packedOrientData), HAL_MAX_DELAY);
      |                              ^~~~~~~~~~~~~~~~
      |                              |
      |                              char *
In file included from ../Core/Inc/stm32l4xx_hal_conf.h:449,
                 from ../Drivers/STM32L4xx_HAL_Driver/Inc/stm32l4xx_hal.h:30,
                 from ../Core/Inc/main.h:31,
                 from ../Core/Inc/orientation.h:13,
                 from ../Core/Src/orientation.c:1:
../Drivers/STM32L4xx_HAL_Driver/Inc/stm32l4xx_hal_uart.h:1679:73: note: expected 'uint8_t *' {aka 'unsigned char *'} but argument is of type 'char *'
 1679 | HAL_StatusTypeDef HAL_UART_Transmit(UART_HandleTypeDef *huart, uint8_t *pData, uint16_t Size, uint32_t Timeout);
      |                                                                ~~~~~~~~~^~~~~
arm-none-eabi-gcc -o "MotorController.elf" @"objects.list"   -mcpu=cortex-m4 -T"C:\Users\Rasmu\OneDrive\Billeder\Dokumenter\GitHub\MotorController\STM32L432KCUX_FLASH.ld" --specs=nosys.specs -Wl,-Map="MotorController.map" -Wl,--gc-sections -static --specs=nano.specs -mfpu=fpv4-sp-d16 -mfloat-abi=hard -mthumb -Wl,--start-group -lc -lm -Wl,--end-group
Finished building target: MotorController.elf
 
arm-none-eabi-size   MotorController.elf 
arm-none-eabi-objdump -h -S  MotorController.elf  > "MotorController.list"
arm-none-eabi-objcopy  -O binary  MotorController.elf  "MotorController.bin"
   text	   data	    bss	    dec	    hex	filename
  36208	     32	   2768	  39008	   9860	MotorController.elf
Finished building: default.size.stdout
 
Finished building: MotorController.bin
 
Finished building: MotorController.list
 
10:50:58 **** Incremental Build of configuration Debug for project MotorController ****
make -j12 all 
arm-none-eabi-gcc "../Core/Src/orientation.c" -mcpu=cortex-m4 -std=gnu11 -g3 -DDEBUG -DUSE_HAL_DRIVER -DSTM32L432xx -c -I../Drivers/CMSIS/Include -I../Core/Inc -I../Drivers/CMSIS/Device/ST/STM32L4xx/Include -I../Drivers/STM32L4xx_HAL_Driver/Inc -I../Drivers/STM32L4xx_HAL_Driver/Inc/Legacy -O0 -ffunction-sections -fdata-sections -Wall -fstack-usage -MMD -MP -MF"Core/Src/orientation.d" -MT"Core/Src/orientation.o" --specs=nano.specs -mfpu=fpv4-sp-d16 -mfloat-abi=hard -mthumb -o "Core/Src/orientation.o"
../Core/Src/orientation.c: In function 'packOrient':
../Core/Src/orientation.c:21:17: warning: assignment to 'uint8_t *' {aka 'unsigned char *'} from incompatible pointer type 'float *' [-Wincompatible-pointer-types]
   21 |  angularPointer = &orientAngle;
      |                 ^
In file included from ../Core/Src/orientation.c:1:
../Core/Src/orientation.c: In function 'sendOrientData':
../Core/Inc/orientation.h:18:18: warning: passing argument 3 of 'to_frame' makes pointer from integer without a cast [-Wint-conversion]
   18 | #define ORIENTID 3
      |                  ^
      |                  |
      |                  int
../Core/Src/orientation.c:70:47: note: in expansion of macro 'ORIENTID'
   70 |   to_frame(packedOrientData, angularPosition, ORIENTID);
      |                                               ^~~~~~~~
In file included from ../Core/Inc/orientation.h:12,
                 from ../Core/Src/orientation.c:1:
../Core/Inc/comm_relay.h:22:62: note: expected 'uint8_t *' {aka 'unsigned char *'} but argument is of type 'int'
   22 | int to_frame(char * frame, uint8_t *revolutionAddr, uint8_t *ID);
      |                                                     ~~~~~~~~~^~
../Core/Src/orientation.c:71:30: warning: pointer targets in passing argument 2 of 'HAL_UART_Transmit' differ in signedness [-Wpointer-sign]
   71 |   HAL_UART_Transmit(&huart2, packedOrientData, sizeof(packedOrientData), HAL_MAX_DELAY);
      |                              ^~~~~~~~~~~~~~~~
      |                              |
      |                              char *
In file included from ../Core/Inc/stm32l4xx_hal_conf.h:449,
                 from ../Drivers/STM32L4xx_HAL_Driver/Inc/stm32l4xx_hal.h:30,
                 from ../Core/Inc/main.h:31,
                 from ../Core/Inc/orientation.h:13,
                 from ../Core/Src/orientation.c:1:
../Drivers/STM32L4xx_HAL_Driver/Inc/stm32l4xx_hal_uart.h:1679:73: note: expected 'uint8_t *' {aka 'unsigned char *'} but argument is of type 'char *'
 1679 | HAL_StatusTypeDef HAL_UART_Transmit(UART_HandleTypeDef *huart, uint8_t *pData, uint16_t Size, uint32_t Timeout);
      |                                                                ~~~~~~~~~^~~~~
arm-none-eabi-gcc -o "MotorController.elf" @"objects.list"   -mcpu=cortex-m4 -T"C:\Users\Rasmu\OneDrive\Billeder\Dokumenter\GitHub\MotorController\STM32L432KCUX_FLASH.ld" --specs=nosys.specs -Wl,-Map="MotorController.map" -Wl,--gc-sections -static --specs=nano.specs -mfpu=fpv4-sp-d16 -mfloat-abi=hard -mthumb -Wl,--start-group -lc -lm -Wl,--end-group
Finished building target: MotorController.elf
 
arm-none-eabi-size   MotorController.elf 
arm-none-eabi-objdump -h -S  MotorController.elf  > "MotorController.list"
arm-none-eabi-objcopy  -O binary  MotorController.elf  "MotorController.bin"
   text	   data	    bss	    dec	    hex	filename
  36208	     32	   2768	  39008	   9860	MotorController.elf
Finished building: default.size.stdout
 
Finished building: MotorController.bin
 
Finished building: MotorController.list
 
10:54:21 **** Incremental Build of configuration Debug for project MotorController ****
make -j12 all 
arm-none-eabi-gcc "../Core/Src/orientation.c" -mcpu=cortex-m4 -std=gnu11 -g3 -DDEBUG -DUSE_HAL_DRIVER -DSTM32L432xx -c -I../Drivers/CMSIS/Include -I../Core/Inc -I../Drivers/CMSIS/Device/ST/STM32L4xx/Include -I../Drivers/STM32L4xx_HAL_Driver/Inc -I../Drivers/STM32L4xx_HAL_Driver/Inc/Legacy -O0 -ffunction-sections -fdata-sections -Wall -fstack-usage -MMD -MP -MF"Core/Src/orientation.d" -MT"Core/Src/orientation.o" --specs=nano.specs -mfpu=fpv4-sp-d16 -mfloat-abi=hard -mthumb -o "Core/Src/orientation.o"
../Core/Src/orientation.c: In function 'packOrient':
../Core/Src/orientation.c:21:17: warning: assignment to 'uint8_t *' {aka 'unsigned char *'} from incompatible pointer type 'float *' [-Wincompatible-pointer-types]
   21 |  angularPointer = &orientAngle;
      |                 ^
In file included from ../Core/Src/orientation.c:1:
../Core/Src/orientation.c: In function 'sendOrientData':
../Core/Inc/orientation.h:18:18: warning: passing argument 3 of 'to_frame' makes pointer from integer without a cast [-Wint-conversion]
   18 | #define ORIENTID 3
      |                  ^
      |                  |
      |                  int
../Core/Src/orientation.c:70:47: note: in expansion of macro 'ORIENTID'
   70 |   to_frame(packedOrientData, angularPosition, ORIENTID);
      |                                               ^~~~~~~~
In file included from ../Core/Inc/orientation.h:12,
                 from ../Core/Src/orientation.c:1:
../Core/Inc/comm_relay.h:22:62: note: expected 'uint8_t *' {aka 'unsigned char *'} but argument is of type 'int'
   22 | int to_frame(char * frame, uint8_t *revolutionAddr, uint8_t *ID);
      |                                                     ~~~~~~~~~^~
../Core/Src/orientation.c:71:30: warning: pointer targets in passing argument 2 of 'HAL_UART_Transmit' differ in signedness [-Wpointer-sign]
   71 |   HAL_UART_Transmit(&huart2, packedOrientData, sizeof(packedOrientData), HAL_MAX_DELAY);
      |                              ^~~~~~~~~~~~~~~~
      |                              |
      |                              char *
In file included from ../Core/Inc/stm32l4xx_hal_conf.h:449,
                 from ../Drivers/STM32L4xx_HAL_Driver/Inc/stm32l4xx_hal.h:30,
                 from ../Core/Inc/main.h:31,
                 from ../Core/Inc/orientation.h:13,
                 from ../Core/Src/orientation.c:1:
../Drivers/STM32L4xx_HAL_Driver/Inc/stm32l4xx_hal_uart.h:1679:73: note: expected 'uint8_t *' {aka 'unsigned char *'} but argument is of type 'char *'
 1679 | HAL_StatusTypeDef HAL_UART_Transmit(UART_HandleTypeDef *huart, uint8_t *pData, uint16_t Size, uint32_t Timeout);
      |                                                                ~~~~~~~~~^~~~~
arm-none-eabi-gcc -o "MotorController.elf" @"objects.list"   -mcpu=cortex-m4 -T"C:\Users\Rasmu\OneDrive\Billeder\Dokumenter\GitHub\MotorController\STM32L432KCUX_FLASH.ld" --specs=nosys.specs -Wl,-Map="MotorController.map" -Wl,--gc-sections -static --specs=nano.specs -mfpu=fpv4-sp-d16 -mfloat-abi=hard -mthumb -Wl,--start-group -lc -lm -Wl,--end-group
Finished building target: MotorController.elf
 
arm-none-eabi-size   MotorController.elf 
arm-none-eabi-objdump -h -S  MotorController.elf  > "MotorController.list"
arm-none-eabi-objcopy  -O binary  MotorController.elf  "MotorController.bin"
   text	   data	    bss	    dec	    hex	filename
  36208	     32	   2768	  39008	   9860	MotorController.elf
Finished building: default.size.stdout
 
Finished building: MotorController.bin
 
Finished building: MotorController.list
 
11:06:51 **** Incremental Build of configuration Debug for project MotorController ****
make -j12 all 
arm-none-eabi-size   MotorController.elf 
   text	   data	    bss	    dec	    hex	filename
  36208	     32	   2768	  39008	   9860	MotorController.elf
Finished building: default.size.stdout
 
11:15:32 **** Incremental Build of configuration Debug for project MotorController ****
make -j12 all 
arm-none-eabi-gcc "../Core/Src/main.c" -mcpu=cortex-m4 -std=gnu11 -g3 -DDEBUG -DUSE_HAL_DRIVER -DSTM32L432xx -c -I../Drivers/CMSIS/Include -I../Core/Inc -I../Drivers/CMSIS/Device/ST/STM32L4xx/Include -I../Drivers/STM32L4xx_HAL_Driver/Inc -I../Drivers/STM32L4xx_HAL_Driver/Inc/Legacy -O0 -ffunction-sections -fdata-sections -Wall -fstack-usage -MMD -MP -MF"Core/Src/main.d" -MT"Core/Src/main.o" --specs=nano.specs -mfpu=fpv4-sp-d16 -mfloat-abi=hard -mthumb -o "Core/Src/main.o"
../Core/Src/main.c: In function 'main':
../Core/Src/main.c:146:2: warning: implicit declaration of function 'motor_init'; did you mean 'motor_initi'? [-Wimplicit-function-declaration]
  146 |  motor_init(&motorR, 'R');
      |  ^~~~~~~~~~
      |  motor_initi
../Core/Src/main.c:149:2: warning: implicit declaration of function 'motorEncoder_init' [-Wimplicit-function-declaration]
  149 |  motorEncoder_init(&encoderR);
      |  ^~~~~~~~~~~~~~~~~
../Core/Src/main.c:152:2: warning: implicit declaration of function 'motorController_init' [-Wimplicit-function-declaration]
  152 |  motorController_init(&controllerR, &motorR, &encoderR);
      |  ^~~~~~~~~~~~~~~~~~~~
../Core/Src/main.c:174:32: warning: pointer targets in passing argument 2 of 'HAL_UART_Receive_DMA' differ in signedness [-Wpointer-sign]
  174 |  HAL_UART_Receive_DMA(&huart2, uart_in, UART_IN_BUF_SIZE);
      |                                ^~~~~~~
      |                                |
      |                                char *
In file included from ../Core/Inc/stm32l4xx_hal_conf.h:449,
                 from ../Drivers/STM32L4xx_HAL_Driver/Inc/stm32l4xx_hal.h:30,
                 from ../Core/Inc/main.h:31,
                 from ../Core/Src/main.c:21:
../Drivers/STM32L4xx_HAL_Driver/Inc/stm32l4xx_hal_uart.h:1684:76: note: expected 'uint8_t *' {aka 'unsigned char *'} but argument is of type 'char *'
 1684 | HAL_StatusTypeDef HAL_UART_Receive_DMA(UART_HandleTypeDef *huart, uint8_t *pData, uint16_t Size);
      |                                                                   ~~~~~~~~~^~~~~
../Core/Src/main.c: At top level:
../Core/Src/main.c:623:6: warning: conflicting types for 'motor_init'
  623 | void motor_init(Motor *m, char name) {
      |      ^~~~~~~~~~
../Core/Src/main.c:146:2: note: previous implicit declaration of 'motor_init' was here
  146 |  motor_init(&motorR, 'R');
      |  ^~~~~~~~~~
../Core/Src/main.c:629:6: warning: conflicting types for 'motorEncoder_init'
  629 | void motorEncoder_init(MotorEncoder *e) {
      |      ^~~~~~~~~~~~~~~~~
../Core/Src/main.c:149:2: note: previous implicit declaration of 'motorEncoder_init' was here
  149 |  motorEncoder_init(&encoderR);
      |  ^~~~~~~~~~~~~~~~~
../Core/Src/main.c:637:6: warning: conflicting types for 'motorController_init'
  637 | void motorController_init(MotorController *c, Motor *m, MotorEncoder *e) {
      |      ^~~~~~~~~~~~~~~~~~~~
../Core/Src/main.c:152:2: note: previous implicit declaration of 'motorController_init' was here
  152 |  motorController_init(&controllerR, &motorR, &encoderR);
      |  ^~~~~~~~~~~~~~~~~~~~
../Core/Src/main.c: In function 'updatePositionsAndVelocities':
../Core/Src/main.c:742:2: warning: implicit declaration of function 'sendPositionAndVelocity'; did you mean 'calcPositionAndVelocity'? [-Wimplicit-function-declaration]
  742 |  sendPositionAndVelocity();
      |  ^~~~~~~~~~~~~~~~~~~~~~~
      |  calcPositionAndVelocity
../Core/Src/main.c:745:2: warning: implicit declaration of function 'calcOrientOutput' [-Wimplicit-function-declaration]
  745 |  calcOrientOutput();
      |  ^~~~~~~~~~~~~~~~
../Core/Src/main.c:746:2: warning: implicit declaration of function 'sendOrientData' [-Wimplicit-function-declaration]
  746 |  sendOrientData();
      |  ^~~~~~~~~~~~~~
../Core/Src/main.c: In function 'packThe6Floats':
../Core/Src/main.c:750:21: warning: initialization of 'uint8_t *' {aka 'unsigned char *'} from incompatible pointer type 'float *' [-Wincompatible-pointer-types]
  750 |  uint8_t *pointer = &posX;
      |                     ^
../Core/Src/main.c:755:10: warning: assignment to 'uint8_t *' {aka 'unsigned char *'} from incompatible pointer type 'float *' [-Wincompatible-pointer-types]
  755 |  pointer = &posY;
      |          ^
../Core/Src/main.c:759:10: warning: assignment to 'uint8_t *' {aka 'unsigned char *'} from incompatible pointer type 'float *' [-Wincompatible-pointer-types]
  759 |  pointer = &posPhi;
      |          ^
../Core/Src/main.c:763:10: warning: assignment to 'uint8_t *' {aka 'unsigned char *'} from incompatible pointer type 'float *' [-Wincompatible-pointer-types]
  763 |  pointer = &velX;
      |          ^
../Core/Src/main.c:767:10: warning: assignment to 'uint8_t *' {aka 'unsigned char *'} from incompatible pointer type 'float *' [-Wincompatible-pointer-types]
  767 |  pointer = &velY;
      |          ^
../Core/Src/main.c:771:10: warning: assignment to 'uint8_t *' {aka 'unsigned char *'} from incompatible pointer type 'float *' [-Wincompatible-pointer-types]
  771 |  pointer = &velPhi;
      |          ^
../Core/Src/main.c: At top level:
../Core/Src/main.c:777:6: warning: conflicting types for 'sendPositionAndVelocity'
  777 | void sendPositionAndVelocity() {
      |      ^~~~~~~~~~~~~~~~~~~~~~~
../Core/Src/main.c:742:2: note: previous implicit declaration of 'sendPositionAndVelocity' was here
  742 |  sendPositionAndVelocity();
      |  ^~~~~~~~~~~~~~~~~~~~~~~
../Core/Src/main.c: In function 'sendPositionAndVelocity':
../Core/Src/main.c:785:39: warning: passing argument 3 of 'to_frame' makes pointer from integer without a cast [-Wint-conversion]
  785 |   to_frame(packedMotorData, position, 3);
      |                                       ^
      |                                       |
      |                                       int
In file included from ../Core/Src/main.c:26:
../Core/Inc/comm_relay.h:22:62: note: expected 'uint8_t *' {aka 'unsigned char *'} but argument is of type 'int'
   22 | int to_frame(char * frame, uint8_t *revolutionAddr, uint8_t *ID);
      |                                                     ~~~~~~~~~^~
../Core/Src/main.c:786:30: warning: pointer targets in passing argument 2 of 'HAL_UART_Transmit' differ in signedness [-Wpointer-sign]
  786 |   HAL_UART_Transmit(&huart2, packedMotorData, sizeof(packedMotorData), HAL_MAX_DELAY);
      |                              ^~~~~~~~~~~~~~~
      |                              |
      |                              char *
In file included from ../Core/Inc/stm32l4xx_hal_conf.h:449,
                 from ../Drivers/STM32L4xx_HAL_Driver/Inc/stm32l4xx_hal.h:30,
                 from ../Core/Inc/main.h:31,
                 from ../Core/Src/main.c:21:
../Drivers/STM32L4xx_HAL_Driver/Inc/stm32l4xx_hal_uart.h:1679:73: note: expected 'uint8_t *' {aka 'unsigned char *'} but argument is of type 'char *'
 1679 | HAL_StatusTypeDef HAL_UART_Transmit(UART_HandleTypeDef *huart, uint8_t *pData, uint16_t Size, uint32_t Timeout);
      |                                                                ~~~~~~~~~^~~~~
../Core/Src/main.c: In function 'clockcheckRight':
../Core/Src/main.c:799:41: warning: implicit declaration of function 'abs' [-Wimplicit-function-declaration]
  799 |   controllerR.Encoder->fineAdjustment = abs((controllerR.Encoder->fineAdjustment + controllerR.motor->direction) % TOTAL_WHEEL_TICKS);
      |                                         ^~~
../Core/Src/main.c:805:2: warning: implicit declaration of function 'checkRevolutions' [-Wimplicit-function-declaration]
  805 |  checkRevolutions(&controllerR);
      |  ^~~~~~~~~~~~~~~~
../Core/Src/main.c: At top level:
../Core/Src/main.c:844:6: warning: conflicting types for 'checkRevolutions'
  844 | void checkRevolutions(MotorController *c) {
      |      ^~~~~~~~~~~~~~~~
../Core/Src/main.c:805:2: note: previous implicit declaration of 'checkRevolutions' was here
  805 |  checkRevolutions(&controllerR);
      |  ^~~~~~~~~~~~~~~~
../Core/Src/main.c: In function 'uart_in_read':
../Core/Src/main.c:687:8: warning: 'dataLength' may be used uninitialized in this function [-Wmaybe-uninitialized]
  687 |    if (from_frame(frame, frameLength, data, dataLength) == 1) {
      |        ^~~~~~~~~~~~~~~~~~~~~~~~~~~~~~~~~~~~~~~~~~~~~~~~
arm-none-eabi-gcc -o "MotorController.elf" @"objects.list"   -mcpu=cortex-m4 -T"C:\Users\Rasmu\OneDrive\Billeder\Dokumenter\GitHub\MotorController\STM32L432KCUX_FLASH.ld" --specs=nosys.specs -Wl,-Map="MotorController.map" -Wl,--gc-sections -static --specs=nano.specs -mfpu=fpv4-sp-d16 -mfloat-abi=hard -mthumb -Wl,--start-group -lc -lm -Wl,--end-group
Finished building target: MotorController.elf
 
arm-none-eabi-size   MotorController.elf 
arm-none-eabi-objdump -h -S  MotorController.elf  > "MotorController.list"
arm-none-eabi-objcopy  -O binary  MotorController.elf  "MotorController.bin"
   text	   data	    bss	    dec	    hex	filename
  36160	     32	   2768	  38960	   9830	MotorController.elf
Finished building: default.size.stdout
 
Finished building: MotorController.bin
 
Finished building: MotorController.list
 
11:16:26 **** Incremental Build of configuration Debug for project MotorController ****
make -j12 all 
arm-none-eabi-size   MotorController.elf 
   text	   data	    bss	    dec	    hex	filename
  36160	     32	   2768	  38960	   9830	MotorController.elf
Finished building: default.size.stdout
 
11:17:57 **** Incremental Build of configuration Debug for project MotorController ****
make -j12 all 
arm-none-eabi-size   MotorController.elf 
   text	   data	    bss	    dec	    hex	filename
  36160	     32	   2768	  38960	   9830	MotorController.elf
Finished building: default.size.stdout
 
11:40:17 **** Incremental Build of configuration Debug for project MotorController ****
make -j12 all 
arm-none-eabi-gcc "../Core/Src/main.c" -mcpu=cortex-m4 -std=gnu11 -g3 -DDEBUG -DUSE_HAL_DRIVER -DSTM32L432xx -c -I../Drivers/CMSIS/Include -I../Core/Inc -I../Drivers/CMSIS/Device/ST/STM32L4xx/Include -I../Drivers/STM32L4xx_HAL_Driver/Inc -I../Drivers/STM32L4xx_HAL_Driver/Inc/Legacy -O0 -ffunction-sections -fdata-sections -Wall -fstack-usage -MMD -MP -MF"Core/Src/main.d" -MT"Core/Src/main.o" --specs=nano.specs -mfpu=fpv4-sp-d16 -mfloat-abi=hard -mthumb -o "Core/Src/main.o"
arm-none-eabi-gcc "../Core/Src/stm32l4xx_it.c" -mcpu=cortex-m4 -std=gnu11 -g3 -DDEBUG -DUSE_HAL_DRIVER -DSTM32L432xx -c -I../Drivers/CMSIS/Include -I../Core/Inc -I../Drivers/CMSIS/Device/ST/STM32L4xx/Include -I../Drivers/STM32L4xx_HAL_Driver/Inc -I../Drivers/STM32L4xx_HAL_Driver/Inc/Legacy -O0 -ffunction-sections -fdata-sections -Wall -fstack-usage -MMD -MP -MF"Core/Src/stm32l4xx_it.d" -MT"Core/Src/stm32l4xx_it.o" --specs=nano.specs -mfpu=fpv4-sp-d16 -mfloat-abi=hard -mthumb -o "Core/Src/stm32l4xx_it.o"
../Core/Src/main.c: In function 'main':
../Core/Src/main.c:146:2: warning: implicit declaration of function 'motor_init'; did you mean 'motor_initi'? [-Wimplicit-function-declaration]
  146 |  motor_init(&motorR, 'R');
      |  ^~~~~~~~~~
      |  motor_initi
../Core/Src/stm32l4xx_it.c: In function 'EXTI0_IRQHandler':
../Core/Src/stm32l4xx_it.c:214:2: warning: implicit declaration of function 'clockcheckRight' [-Wimplicit-function-declaration]
  214 |  clockcheckRight();
      |  ^~~~~~~~~~~~~~~
../Core/Src/main.c:149:2: warning: implicit declaration of function 'motorEncoder_init' [-Wimplicit-function-declaration]
  149 |  motorEncoder_init(&encoderR);
      |  ^~~~~~~~~~~~~~~~~
../Core/Src/stm32l4xx_it.c: In function 'EXTI1_IRQHandler':
../Core/Src/stm32l4xx_it.c:228:3: warning: implicit declaration of function 'counterclockcheckLeft' [-Wimplicit-function-declaration]
  228 |   counterclockcheckLeft();
      |   ^~~~~~~~~~~~~~~~~~~~~
../Core/Src/stm32l4xx_it.c: In function 'EXTI3_IRQHandler':
../Core/Src/stm32l4xx_it.c:242:2: warning: implicit declaration of function 'checkOrientClock' [-Wimplicit-function-declaration]
  242 |  checkOrientClock();
      |  ^~~~~~~~~~~~~~~~
../Core/Src/main.c:152:2: warning: implicit declaration of function 'motorController_init' [-Wimplicit-function-declaration]
  152 |  motorController_init(&controllerR, &motorR, &encoderR);
      |  ^~~~~~~~~~~~~~~~~~~~
../Core/Src/main.c:174:32: warning: pointer targets in passing argument 2 of 'HAL_UART_Receive_DMA' differ in signedness [-Wpointer-sign]
  174 |  HAL_UART_Receive_DMA(&huart2, uart_in, UART_IN_BUF_SIZE);
      |                                ^~~~~~~
      |                                |
      |                                char *
In file included from ../Core/Inc/stm32l4xx_hal_conf.h:449,
                 from ../Drivers/STM32L4xx_HAL_Driver/Inc/stm32l4xx_hal.h:30,
                 from ../Core/Inc/main.h:31,
                 from ../Core/Src/main.c:21:
../Drivers/STM32L4xx_HAL_Driver/Inc/stm32l4xx_hal_uart.h:1684:76: note: expected 'uint8_t *' {aka 'unsigned char *'} but argument is of type 'char *'
 1684 | HAL_StatusTypeDef HAL_UART_Receive_DMA(UART_HandleTypeDef *huart, uint8_t *pData, uint16_t Size);
      |                                                                   ~~~~~~~~~^~~~~
../Core/Src/main.c:193:3: warning: implicit declaration of function 'updateDutyCycle' [-Wimplicit-function-declaration]
  193 |   updateDutyCycle(&controllerR);
      |   ^~~~~~~~~~~~~~~
../Core/Src/stm32l4xx_it.c: In function 'EXTI4_IRQHandler':
../Core/Src/stm32l4xx_it.c:256:2: warning: implicit declaration of function 'counterclockcheckRight' [-Wimplicit-function-declaration]
  256 |  counterclockcheckRight();
      |  ^~~~~~~~~~~~~~~~~~~~~~
../Core/Src/main.c:196:3: warning: implicit declaration of function 'setDutyCycle' [-Wimplicit-function-declaration]
  196 |   setDutyCycle(&controllerR);
      |   ^~~~~~~~~~~~
../Core/Src/main.c: At top level:
../Core/Src/main.c:627:6: warning: conflicting types for 'motor_init'
  627 | void motor_init(Motor *m, char name) {
      |      ^~~~~~~~~~
../Core/Src/main.c:146:2: note: previous implicit declaration of 'motor_init' was here
  146 |  motor_init(&motorR, 'R');
      |  ^~~~~~~~~~
../Core/Src/main.c:633:6: warning: conflicting types for 'motorEncoder_init'
  633 | void motorEncoder_init(MotorEncoder *e) {
      |      ^~~~~~~~~~~~~~~~~
../Core/Src/main.c:149:2: note: previous implicit declaration of 'motorEncoder_init' was here
  149 |  motorEncoder_init(&encoderR);
      |  ^~~~~~~~~~~~~~~~~
../Core/Src/main.c:641:6: warning: conflicting types for 'motorController_init'
  641 | void motorController_init(MotorController *c, Motor *m, MotorEncoder *e) {
      |      ^~~~~~~~~~~~~~~~~~~~
../Core/Src/main.c:152:2: note: previous implicit declaration of 'motorController_init' was here
  152 |  motorController_init(&controllerR, &motorR, &encoderR);
      |  ^~~~~~~~~~~~~~~~~~~~
../Core/Src/stm32l4xx_it.c: In function 'EXTI9_5_IRQHandler':
../Core/Src/stm32l4xx_it.c:284:4: warning: implicit declaration of function 'clockcheckLeft' [-Wimplicit-function-declaration]
  284 |    clockcheckLeft();
      |    ^~~~~~~~~~~~~~
../Core/Src/main.c: In function 'updatePositionsAndVelocities':
../Core/Src/main.c:746:2: warning: implicit declaration of function 'sendPositionAndVelocity'; did you mean 'calcPositionAndVelocity'? [-Wimplicit-function-declaration]
  746 |  sendPositionAndVelocity();
      |  ^~~~~~~~~~~~~~~~~~~~~~~
      |  calcPositionAndVelocity
../Core/Src/main.c:749:2: warning: implicit declaration of function 'calcOrientOutput' [-Wimplicit-function-declaration]
  749 |  calcOrientOutput();
      |  ^~~~~~~~~~~~~~~~
../Core/Src/stm32l4xx_it.c: In function 'EXTI15_10_IRQHandler':
../Core/Src/stm32l4xx_it.c:313:2: warning: implicit declaration of function 'checkOrientCounterClock' [-Wimplicit-function-declaration]
  313 |  checkOrientCounterClock();
      |  ^~~~~~~~~~~~~~~~~~~~~~~
../Core/Src/main.c:750:2: warning: implicit declaration of function 'sendOrientData' [-Wimplicit-function-declaration]
  750 |  sendOrientData();
      |  ^~~~~~~~~~~~~~
../Core/Src/main.c: In function 'packThe6Floats':
../Core/Src/main.c:754:21: warning: initialization of 'uint8_t *' {aka 'unsigned char *'} from incompatible pointer type 'float *' [-Wincompatible-pointer-types]
  754 |  uint8_t *pointer = &posX;
      |                     ^
../Core/Src/main.c:759:10: warning: assignment to 'uint8_t *' {aka 'unsigned char *'} from incompatible pointer type 'float *' [-Wincompatible-pointer-types]
  759 |  pointer = &posY;
      |          ^
../Core/Src/main.c:763:10: warning: assignment to 'uint8_t *' {aka 'unsigned char *'} from incompatible pointer type 'float *' [-Wincompatible-pointer-types]
  763 |  pointer = &posPhi;
      |          ^
../Core/Src/main.c:767:10: warning: assignment to 'uint8_t *' {aka 'unsigned char *'} from incompatible pointer type 'float *' [-Wincompatible-pointer-types]
  767 |  pointer = &velX;
      |          ^
../Core/Src/main.c:771:10: warning: assignment to 'uint8_t *' {aka 'unsigned char *'} from incompatible pointer type 'float *' [-Wincompatible-pointer-types]
  771 |  pointer = &velY;
      |          ^
../Core/Src/main.c:775:10: warning: assignment to 'uint8_t *' {aka 'unsigned char *'} from incompatible pointer type 'float *' [-Wincompatible-pointer-types]
  775 |  pointer = &velPhi;
      |          ^
../Core/Src/main.c: At top level:
../Core/Src/main.c:781:6: warning: conflicting types for 'sendPositionAndVelocity'
  781 | void sendPositionAndVelocity() {
      |      ^~~~~~~~~~~~~~~~~~~~~~~
../Core/Src/main.c:746:2: note: previous implicit declaration of 'sendPositionAndVelocity' was here
  746 |  sendPositionAndVelocity();
      |  ^~~~~~~~~~~~~~~~~~~~~~~
../Core/Src/main.c: In function 'sendPositionAndVelocity':
../Core/Src/main.c:789:39: warning: passing argument 3 of 'to_frame' makes pointer from integer without a cast [-Wint-conversion]
  789 |   to_frame(packedMotorData, position, 3);
      |                                       ^
      |                                       |
      |                                       int
In file included from ../Core/Src/main.c:26:
../Core/Inc/comm_relay.h:22:62: note: expected 'uint8_t *' {aka 'unsigned char *'} but argument is of type 'int'
   22 | int to_frame(char * frame, uint8_t *revolutionAddr, uint8_t *ID);
      |                                                     ~~~~~~~~~^~
../Core/Src/main.c:790:30: warning: pointer targets in passing argument 2 of 'HAL_UART_Transmit' differ in signedness [-Wpointer-sign]
  790 |   HAL_UART_Transmit(&huart2, packedMotorData, sizeof(packedMotorData), HAL_MAX_DELAY);
      |                              ^~~~~~~~~~~~~~~
      |                              |
      |                              char *
In file included from ../Core/Inc/stm32l4xx_hal_conf.h:449,
                 from ../Drivers/STM32L4xx_HAL_Driver/Inc/stm32l4xx_hal.h:30,
                 from ../Core/Inc/main.h:31,
                 from ../Core/Src/main.c:21:
../Drivers/STM32L4xx_HAL_Driver/Inc/stm32l4xx_hal_uart.h:1679:73: note: expected 'uint8_t *' {aka 'unsigned char *'} but argument is of type 'char *'
 1679 | HAL_StatusTypeDef HAL_UART_Transmit(UART_HandleTypeDef *huart, uint8_t *pData, uint16_t Size, uint32_t Timeout);
      |                                                                ~~~~~~~~~^~~~~
../Core/Src/stm32l4xx_it.c: In function 'TIM6_DAC_IRQHandler':
../Core/Src/stm32l4xx_it.c:327:2: warning: implicit declaration of function 'updatePositionsAndVelocities' [-Wimplicit-function-declaration]
  327 |  updatePositionsAndVelocities();
      |  ^~~~~~~~~~~~~~~~~~~~~~~~~~~~
../Core/Src/main.c: In function 'clockcheckRight':
../Core/Src/main.c:803:41: warning: implicit declaration of function 'abs' [-Wimplicit-function-declaration]
  803 |   controllerR.Encoder->fineAdjustment = abs((controllerR.Encoder->fineAdjustment + controllerR.motor->direction) % TOTAL_WHEEL_TICKS);
      |                                         ^~~
../Core/Src/main.c:809:2: warning: implicit declaration of function 'checkRevolutions' [-Wimplicit-function-declaration]
  809 |  checkRevolutions(&controllerR);
      |  ^~~~~~~~~~~~~~~~
../Core/Src/main.c: At top level:
../Core/Src/main.c:848:6: warning: conflicting types for 'checkRevolutions'
  848 | void checkRevolutions(MotorController *c) {
      |      ^~~~~~~~~~~~~~~~
../Core/Src/main.c:809:2: note: previous implicit declaration of 'checkRevolutions' was here
  809 |  checkRevolutions(&controllerR);
      |  ^~~~~~~~~~~~~~~~
../Core/Src/main.c:894:6: warning: conflicting types for 'updateDutyCycle'
  894 | void updateDutyCycle(MotorController *c) {
      |      ^~~~~~~~~~~~~~~
../Core/Src/main.c:193:3: note: previous implicit declaration of 'updateDutyCycle' was here
  193 |   updateDutyCycle(&controllerR);
      |   ^~~~~~~~~~~~~~~
../Core/Src/main.c:901:6: warning: conflicting types for 'setDutyCycle'
  901 | void setDutyCycle(MotorController *c) {
      |      ^~~~~~~~~~~~
../Core/Src/main.c:196:3: note: previous implicit declaration of 'setDutyCycle' was here
  196 |   setDutyCycle(&controllerR);
      |   ^~~~~~~~~~~~
../Core/Src/main.c: In function 'uart_in_read':
../Core/Src/main.c:691:8: warning: 'dataLength' may be used uninitialized in this function [-Wmaybe-uninitialized]
  691 |    if (from_frame(frame, frameLength, data, dataLength) == 1) {
      |        ^~~~~~~~~~~~~~~~~~~~~~~~~~~~~~~~~~~~~~~~~~~~~~~~
arm-none-eabi-gcc -o "MotorController.elf" @"objects.list"   -mcpu=cortex-m4 -T"C:\Users\Rasmu\OneDrive\Billeder\Dokumenter\GitHub\MotorController\STM32L432KCUX_FLASH.ld" --specs=nosys.specs -Wl,-Map="MotorController.map" -Wl,--gc-sections -static --specs=nano.specs -mfpu=fpv4-sp-d16 -mfloat-abi=hard -mthumb -Wl,--start-group -lc -lm -Wl,--end-group
Finished building target: MotorController.elf
 
arm-none-eabi-size   MotorController.elf 
arm-none-eabi-objdump -h -S  MotorController.elf  > "MotorController.list"
arm-none-eabi-objcopy  -O binary  MotorController.elf  "MotorController.bin"
   text	   data	    bss	    dec	    hex	filename
  34928	     28	   2756	  37712	   9350	MotorController.elf
Finished building: default.size.stdout
 
Finished building: MotorController.bin
 
Finished building: MotorController.list
 
