15:33:06 **** Incremental Build of configuration Debug for project MotorController ****
make -j12 all 
arm-none-eabi-gcc -mcpu=cortex-m4 -g3 -DDEBUG -c -x assembler-with-cpp -MMD -MP -MF"Core/Startup/startup_stm32l432kcux.d" -MT"Core/Startup/startup_stm32l432kcux.o" --specs=nano.specs -mfpu=fpv4-sp-d16 -mfloat-abi=hard -mthumb -o "Core/Startup/startup_stm32l432kcux.o" "../Core/Startup/startup_stm32l432kcux.s"
arm-none-eabi-gcc "../Core/Src/main.c" -mcpu=cortex-m4 -std=gnu11 -g3 -DDEBUG -DUSE_HAL_DRIVER -DSTM32L432xx -c -I../Drivers/CMSIS/Include -I../Core/Inc -I../Drivers/CMSIS/Device/ST/STM32L4xx/Include -I../Drivers/STM32L4xx_HAL_Driver/Inc -I../Drivers/STM32L4xx_HAL_Driver/Inc/Legacy -O0 -ffunction-sections -fdata-sections -Wall -fstack-usage -MMD -MP -MF"Core/Src/main.d" -MT"Core/Src/main.o" --specs=nano.specs -mfpu=fpv4-sp-d16 -mfloat-abi=hard -mthumb -o "Core/Src/main.o"
../Core/Src/main.c: In function 'main':
../Core/Src/main.c:145:2: warning: implicit declaration of function 'motor_init'; did you mean 'motor_initi'? [-Wimplicit-function-declaration]
  145 |  motor_init(&motorR, 'R');
      |  ^~~~~~~~~~
      |  motor_initi
../Core/Src/main.c:148:2: warning: implicit declaration of function 'motorEncoder_init' [-Wimplicit-function-declaration]
  148 |  motorEncoder_init(&encoderR);
      |  ^~~~~~~~~~~~~~~~~
../Core/Src/main.c:151:2: warning: implicit declaration of function 'motorController_init' [-Wimplicit-function-declaration]
  151 |  motorController_init(&controllerR, &motorR, &encoderR);
      |  ^~~~~~~~~~~~~~~~~~~~
../Core/Src/main.c:181:32: warning: pointer targets in passing argument 2 of 'HAL_UART_Receive_DMA' differ in signedness [-Wpointer-sign]
  181 |  HAL_UART_Receive_DMA(&huart2, uart_in, UART_IN_BUF_SIZE);
      |                                ^~~~~~~
      |                                |
      |                                char *
In file included from ../Core/Inc/stm32l4xx_hal_conf.h:449,
                 from ../Drivers/STM32L4xx_HAL_Driver/Inc/stm32l4xx_hal.h:30,
                 from ../Core/Inc/main.h:31,
                 from ../Core/Src/main.c:21:
../Drivers/STM32L4xx_HAL_Driver/Inc/stm32l4xx_hal_uart.h:1684:76: note: expected 'uint8_t *' {aka 'unsigned char *'} but argument is of type 'char *'
 1684 | HAL_StatusTypeDef HAL_UART_Receive_DMA(UART_HandleTypeDef *huart, uint8_t *pData, uint16_t Size);
      |                                                                   ~~~~~~~~~^~~~~
../Core/Src/main.c: At top level:
../Core/Src/main.c:616:6: warning: conflicting types for 'motor_init'
  616 | void motor_init(Motor *m, char name) {
      |      ^~~~~~~~~~
../Core/Src/main.c:145:2: note: previous implicit declaration of 'motor_init' was here
  145 |  motor_init(&motorR, 'R');
      |  ^~~~~~~~~~
../Core/Src/main.c:622:6: warning: conflicting types for 'motorEncoder_init'
  622 | void motorEncoder_init(MotorEncoder *e) {
      |      ^~~~~~~~~~~~~~~~~
../Core/Src/main.c:148:2: note: previous implicit declaration of 'motorEncoder_init' was here
  148 |  motorEncoder_init(&encoderR);
      |  ^~~~~~~~~~~~~~~~~
../Core/Src/main.c:630:6: warning: conflicting types for 'motorController_init'
  630 | void motorController_init(MotorController *c, Motor *m, MotorEncoder *e) {
      |      ^~~~~~~~~~~~~~~~~~~~
../Core/Src/main.c:151:2: note: previous implicit declaration of 'motorController_init' was here
  151 |  motorController_init(&controllerR, &motorR, &encoderR);
      |  ^~~~~~~~~~~~~~~~~~~~
../Core/Src/main.c: In function 'updatePositionsAndVelocities':
../Core/Src/main.c:743:2: warning: implicit declaration of function 'sendPositionAndVelocity'; did you mean 'calcPositionAndVelocity'? [-Wimplicit-function-declaration]
  743 |  sendPositionAndVelocity();
      |  ^~~~~~~~~~~~~~~~~~~~~~~
      |  calcPositionAndVelocity
../Core/Src/main.c:746:2: warning: implicit declaration of function 'calcOrientOutput' [-Wimplicit-function-declaration]
  746 |  calcOrientOutput();
      |  ^~~~~~~~~~~~~~~~
../Core/Src/main.c:747:2: warning: implicit declaration of function 'sendOrientData' [-Wimplicit-function-declaration]
  747 |  sendOrientData();
      |  ^~~~~~~~~~~~~~
../Core/Src/main.c: In function 'packThe6Floats':
../Core/Src/main.c:751:21: warning: initialization of 'uint8_t *' {aka 'unsigned char *'} from incompatible pointer type 'float *' [-Wincompatible-pointer-types]
  751 |  uint8_t *pointer = &posX;
      |                     ^
../Core/Src/main.c:756:10: warning: assignment to 'uint8_t *' {aka 'unsigned char *'} from incompatible pointer type 'float *' [-Wincompatible-pointer-types]
  756 |  pointer = &posY;
      |          ^
../Core/Src/main.c:760:10: warning: assignment to 'uint8_t *' {aka 'unsigned char *'} from incompatible pointer type 'float *' [-Wincompatible-pointer-types]
  760 |  pointer = &posPhi;
      |          ^
../Core/Src/main.c:764:10: warning: assignment to 'uint8_t *' {aka 'unsigned char *'} from incompatible pointer type 'float *' [-Wincompatible-pointer-types]
  764 |  pointer = &velX;
      |          ^
../Core/Src/main.c:768:10: warning: assignment to 'uint8_t *' {aka 'unsigned char *'} from incompatible pointer type 'float *' [-Wincompatible-pointer-types]
  768 |  pointer = &velY;
      |          ^
../Core/Src/main.c:772:10: warning: assignment to 'uint8_t *' {aka 'unsigned char *'} from incompatible pointer type 'float *' [-Wincompatible-pointer-types]
  772 |  pointer = &velPhi;
      |          ^
../Core/Src/main.c: At top level:
../Core/Src/main.c:778:6: warning: conflicting types for 'sendPositionAndVelocity'
  778 | void sendPositionAndVelocity() {
      |      ^~~~~~~~~~~~~~~~~~~~~~~
../Core/Src/main.c:743:2: note: previous implicit declaration of 'sendPositionAndVelocity' was here
  743 |  sendPositionAndVelocity();
      |  ^~~~~~~~~~~~~~~~~~~~~~~
../Core/Src/main.c: In function 'sendPositionAndVelocity':
../Core/Src/main.c:786:39: warning: passing argument 3 of 'to_frame' makes pointer from integer without a cast [-Wint-conversion]
  786 |   to_frame(packedMotorData, position, 3);
      |                                       ^
      |                                       |
      |                                       int
In file included from ../Core/Src/main.c:26:
../Core/Inc/comm_relay.h:22:62: note: expected 'uint8_t *' {aka 'unsigned char *'} but argument is of type 'int'
   22 | int to_frame(char * frame, uint8_t *revolutionAddr, uint8_t *ID);
      |                                                     ~~~~~~~~~^~
../Core/Src/main.c:787:30: warning: pointer targets in passing argument 2 of 'HAL_UART_Transmit' differ in signedness [-Wpointer-sign]
  787 |   HAL_UART_Transmit(&huart2, packedMotorData, sizeof(packedMotorData),
      |                              ^~~~~~~~~~~~~~~
      |                              |
      |                              char *
In file included from ../Core/Inc/stm32l4xx_hal_conf.h:449,
                 from ../Drivers/STM32L4xx_HAL_Driver/Inc/stm32l4xx_hal.h:30,
                 from ../Core/Inc/main.h:31,
                 from ../Core/Src/main.c:21:
../Drivers/STM32L4xx_HAL_Driver/Inc/stm32l4xx_hal_uart.h:1679:73: note: expected 'uint8_t *' {aka 'unsigned char *'} but argument is of type 'char *'
 1679 | HAL_StatusTypeDef HAL_UART_Transmit(UART_HandleTypeDef *huart, uint8_t *pData, uint16_t Size, uint32_t Timeout);
      |                                                                ~~~~~~~~~^~~~~
../Core/Src/main.c: In function 'clockcheckRight':
../Core/Src/main.c:803:41: warning: implicit declaration of function 'abs' [-Wimplicit-function-declaration]
  803 |   controllerR.Encoder->fineAdjustment = abs(
      |                                         ^~~
../Core/Src/main.c:814:2: warning: implicit declaration of function 'checkRevolutions' [-Wimplicit-function-declaration]
  814 |  checkRevolutions(&controllerR);
      |  ^~~~~~~~~~~~~~~~
../Core/Src/main.c: At top level:
../Core/Src/main.c:874:6: warning: conflicting types for 'checkRevolutions'
  874 | void checkRevolutions(MotorController *c) {
      |      ^~~~~~~~~~~~~~~~
../Core/Src/main.c:814:2: note: previous implicit declaration of 'checkRevolutions' was here
  814 |  checkRevolutions(&controllerR);
      |  ^~~~~~~~~~~~~~~~
../Core/Src/main.c: In function 'uart_in_read':
../Core/Src/main.c:684:8: warning: 'dataLength' may be used uninitialized in this function [-Wmaybe-uninitialized]
  684 |    if (from_frame(frame, frameLength, data, dataLength) == 1) {
      |        ^~~~~~~~~~~~~~~~~~~~~~~~~~~~~~~~~~~~~~~~~~~~~~~~
arm-none-eabi-gcc -o "MotorController.elf" @"objects.list"   -mcpu=cortex-m4 -T"C:\Users\Rasmu\OneDrive\Billeder\Dokumenter\GitHub\MotorController\STM32L432KCUX_FLASH.ld" --specs=nosys.specs -Wl,-Map="MotorController.map" -Wl,--gc-sections -static --specs=nano.specs -mfpu=fpv4-sp-d16 -mfloat-abi=hard -mthumb -Wl,--start-group -lc -lm -Wl,--end-group
Finished building target: MotorController.elf
 
arm-none-eabi-size   MotorController.elf 
arm-none-eabi-objdump -h -S  MotorController.elf  > "MotorController.list"
arm-none-eabi-objcopy  -O binary  MotorController.elf  "MotorController.bin"
   text	   data	    bss	    dec	    hex	filename
  36920	     32	   2768	  39720	   9b28	MotorController.elf
Finished building: default.size.stdout
 
Finished building: MotorController.bin
 
Finished building: MotorController.list
 

15:33:09 Build Finished. 0 errors, 23 warnings. (took 3s.358ms)

