main.c:132:5:main	16	static
main.c:211:6:SystemClock_Config	96	static
main.c:260:13:MX_ADC1_Init	40	static
main.c:316:13:MX_TIM1_Init	96	static
main.c:390:13:MX_TIM2_Init	48	static
main.c:438:13:MX_TIM6_Init	24	static
main.c:476:13:MX_TIM7_Init	24	static
main.c:514:13:MX_USART2_UART_Init	8	static
main.c:547:13:MX_DMA_Init	16	static
main.c:565:13:MX_GPIO_Init	40	static
main.c:627:6:motor_init	16	static
main.c:633:6:motorEncoder_init	16	static
main.c:641:6:motorController_init	24	static
main.c:650:6:uart_in_read	80	static
main.c:698:6:referenceFormatting	16	static
main.c:718:7:calcDistance	24	static
main.c:723:6:calcPositionAndVelocity	40	static
main.c:742:6:updatePositionsAndVelocities	8	static
main.c:753:6:packThe6Floats	40	static
main.c:781:6:sendPositionAndVelocity	8	static
main.c:794:6:resetEncoder	16	static
main.c:800:6:clockcheckRight	16	static
main.c:812:6:counterclockcheckRight	16	static
main.c:824:6:clockcheckLeft	16	static
main.c:836:6:counterclockcheckLeft	16	static
main.c:848:6:checkRevolutions	16	static
main.c:876:6:calcOutput	16	static
main.c:880:6:calculateError	16	static
main.c:884:6:nextVoltage	24	static
main.c:888:6:updateAngularVelocity	32	static
main.c:894:6:updateDutyCycle	24	static
main.c:901:6:setDutyCycle	16	static
main.c:911:6:controller	16	static
main.c:929:6:controlBothMotors	8	static
main.c:935:6:UpdateBatteryVoltage	16	static
main.c:948:6:Error_Handler	4	static,ignoring_inline_asm
