main.c:160:5:main	24	static
main.c:249:6:SystemClock_Config	96	static
main.c:298:13:MX_ADC1_Init	40	static
main.c:354:13:MX_I2C3_Init	8	static
main.c:400:13:MX_TIM1_Init	96	static
main.c:474:13:MX_TIM2_Init	48	static
main.c:522:13:MX_TIM6_Init	24	static
main.c:560:13:MX_TIM7_Init	24	static
main.c:598:13:MX_USART2_UART_Init	8	static
main.c:631:13:MX_DMA_Init	16	static
main.c:649:13:MX_GPIO_Init	40	static
main.c:711:6:motor_init	16	static
main.c:717:6:motorEncoder_init	16	static
main.c:725:6:motorController_init	24	static
main.c:734:6:uart_in_read	80	static
main.c:782:6:referenceFormatting	16	static
main.c:803:7:calcDistance	24	static
main.c:808:6:calcPositionAndVelocity	40	static
main.c:827:6:updatePositionsAndVelocities	8	static
main.c:838:6:packThe6Floats	40	static
main.c:866:6:sendPositionAndVelocity	8	static
main.c:880:6:resetEncoder	16	static
main.c:886:6:clockcheckRight	16	static
main.c:899:6:counterclockcheckRight	16	static
main.c:912:6:clockcheckLeft	16	static
main.c:925:6:counterclockcheckLeft	16	static
main.c:938:6:checkRevolutions	16	static
main.c:966:6:calcOutput	16	static
main.c:970:6:calculateError	16	static
main.c:974:6:nextVoltage	24	static
main.c:978:6:updateAngularVelocity	32	static
main.c:984:6:updateDutyCycle	24	static
main.c:1003:6:setDutyCycle	16	static
main.c:1029:6:controller	16	static
main.c:1047:6:controlBothMotors	8	static
main.c:1053:6:UpdateBatteryVoltage	16	static
main.c:1060:6:HAL_I2C_MasterTxCpltCallback	16	static
main.c:1071:6:HAL_I2C_MasterRxCpltCallback	64	static
main.c:1136:6:IMU_LP_Filter	4	static
main.c:1163:6:Error_Handler	4	static,ignoring_inline_asm
