main.c:148:5:main	24	static
main.c:236:6:SystemClock_Config	96	static
main.c:280:13:MX_ADC1_Init	40	static
main.c:333:13:MX_I2C3_Init	8	static
main.c:375:13:MX_TIM1_Init	96	static
main.c:443:13:MX_TIM2_Init	48	static
main.c:487:13:MX_TIM6_Init	24	static
main.c:522:13:MX_TIM7_Init	24	static
main.c:557:13:MX_USART2_UART_Init	8	static
main.c:588:13:MX_DMA_Init	16	static
main.c:605:13:MX_GPIO_Init	40	static
main.c:666:6:motor_init	16	static
main.c:672:6:motorEncoder_init	16	static
main.c:680:6:motorController_init	24	static
main.c:689:6:uart_in_read	80	static
main.c:737:6:referenceFormatting	16	static
main.c:758:7:calcDistance	24	static
main.c:763:6:calcPositionAndVelocity	40	static
main.c:782:6:updatePositionsAndVelocities	8	static
main.c:793:6:packThe6Floats	40	static
main.c:821:6:sendPositionAndVelocity	8	static
main.c:835:6:resetEncoder	16	static
main.c:841:6:clockcheckRight	16	static
main.c:854:6:counterclockcheckRight	16	static
main.c:867:6:clockcheckLeft	16	static
main.c:880:6:counterclockcheckLeft	16	static
main.c:893:6:checkRevolutions	16	static
main.c:921:6:calcOutput	16	static
main.c:925:6:calculateError	16	static
main.c:929:6:nextVoltage	24	static
main.c:933:6:updateAngularVelocity	32	static
main.c:939:6:updateDutyCycle	24	static
main.c:958:6:setDutyCycle	16	static
main.c:984:6:controller	16	static
main.c:1002:6:controlBothMotors	8	static
main.c:1008:6:UpdateBatteryVoltage	16	static
main.c:1015:6:HAL_I2C_MasterTxCpltCallback	16	static
main.c:1026:6:HAL_I2C_MasterRxCpltCallback	64	static
main.c:1096:6:Error_Handler	4	static,ignoring_inline_asm
