main.c:132:5:main	16	static
main.c:206:6:SystemClock_Config	184	static
main.c:270:13:MX_ADC1_Init	40	static
main.c:326:13:MX_TIM1_Init	96	static
main.c:400:13:MX_TIM2_Init	48	static
main.c:448:13:MX_TIM6_Init	24	static
main.c:486:13:MX_TIM7_Init	24	static
main.c:524:13:MX_USART2_UART_Init	8	static
main.c:557:13:MX_DMA_Init	16	static
main.c:575:13:MX_GPIO_Init	40	static
main.c:637:6:motor_init	16	static
main.c:643:6:motorEncoder_init	16	static
main.c:651:6:motorController_init	24	static
main.c:660:6:uart_in_read	80	static
main.c:708:6:referenceFormatting	16	static
main.c:728:7:calcDistance	24	static
main.c:733:6:calcPositionAndVelocity	40	static
main.c:752:6:updatePositionsAndVelocities	8	static
main.c:763:6:packThe6Floats	40	static
main.c:791:6:sendPositionAndVelocity	8	static
main.c:804:6:resetEncoder	16	static
main.c:810:6:clockcheckRight	16	static
main.c:822:6:counterclockcheckRight	16	static
main.c:834:6:clockcheckLeft	16	static
main.c:846:6:counterclockcheckLeft	16	static
main.c:858:6:checkRevolutions	16	static
main.c:886:6:calcOutput	16	static
main.c:890:6:calculateError	16	static
main.c:894:6:nextVoltage	24	static
main.c:898:6:updateAngularVelocity	32	static
main.c:904:6:updateDutyCycle	24	static
main.c:911:6:setDutyCycle	16	static
main.c:921:6:controller	16	static
main.c:939:6:controlBothMotors	8	static
main.c:945:6:UpdateBatteryVoltage	16	static
main.c:958:6:Error_Handler	4	static,ignoring_inline_asm
