main.c:120:5:main	16	static
main.c:177:6:SystemClock_Config	184	static
main.c:241:13:MX_ADC1_Init	40	static
main.c:297:13:MX_TIM1_Init	96	static
main.c:371:13:MX_TIM6_Init	24	static
main.c:409:13:MX_USART2_UART_Init	8	static
main.c:444:13:MX_GPIO_Init	40	static
main.c:500:6:calcPositionAndVelocity	48	static
main.c:521:6:packThe6Floats	40	static
main.c:549:6:sendData	8	static
main.c:562:6:resetEncoder	4	static
main.c:579:6:clockcheckRight	16	static
main.c:591:6:counterclockcheckRight	16	static
main.c:603:6:clockcheckLeft	16	static
main.c:615:6:counterclockcheckLeft	16	static
main.c:627:6:checkRevolutions	16	static
main.c:647:6:calcOutput	4	static
main.c:652:7:calculateError	16	static
main.c:656:7:nextVoltage	24	static
main.c:660:6:controller	32	static
main.c:685:6:Error_Handler	4	static,ignoring_inline_asm
