main.c:135:5:main	24	static
main.c:226:6:SystemClock_Config	96	static
main.c:275:13:MX_ADC1_Init	40	static
main.c:331:13:MX_I2C3_Init	8	static
main.c:377:13:MX_TIM1_Init	96	static
main.c:451:13:MX_TIM2_Init	48	static
main.c:499:13:MX_TIM6_Init	24	static
main.c:537:13:MX_TIM7_Init	24	static
main.c:575:13:MX_USART2_UART_Init	8	static
main.c:608:13:MX_DMA_Init	16	static
main.c:626:13:MX_GPIO_Init	40	static
main.c:688:6:motor_init	16	static
main.c:694:6:motorEncoder_init	16	static
main.c:702:6:motorController_init	24	static
main.c:711:6:uart_in_read	80	static
main.c:763:6:referenceFormatting	16	static
main.c:784:7:calcDistance	24	static
main.c:790:6:calcPositionAndVelocity	40	static
main.c:811:6:updatePositionsAndVelocities	8	static
main.c:822:6:packThe6Floats	40	static
main.c:850:6:sendPositionAndVelocity	8	static
main.c:864:6:resetEncoder	16	static
main.c:870:6:clockcheckRight	16	static
main.c:889:6:counterclockcheckRight	16	static
main.c:908:6:clockcheckLeft	16	static
main.c:927:6:counterclockcheckLeft	16	static
main.c:946:6:checkRevolutions	16	static
main.c:974:6:calcOutput	16	static
main.c:979:6:calculateError	16	static
main.c:983:6:nextVoltage	24	static
main.c:987:6:updateAngularVelocity	32	static
main.c:993:6:updateDutyCycle	24	static
main.c:1011:6:setDutyCycle	16	static
main.c:1039:6:controller	16	static
main.c:1057:6:controlBothMotors	8	static
main.c:1063:6:UpdateBatteryVoltage	16	static
main.c:1076:6:Error_Handler	4	static,ignoring_inline_asm
