main.c:135:5:main	16	static
main.c:214:6:SystemClock_Config	96	static
main.c:258:13:MX_ADC1_Init	40	static
main.c:311:13:MX_TIM1_Init	96	static
main.c:379:13:MX_TIM2_Init	48	static
main.c:423:13:MX_TIM6_Init	24	static
main.c:458:13:MX_TIM7_Init	24	static
main.c:493:13:MX_USART2_UART_Init	8	static
main.c:524:13:MX_DMA_Init	16	static
main.c:541:13:MX_GPIO_Init	40	static
main.c:602:6:motor_init	16	static
main.c:608:6:motorEncoder_init	16	static
main.c:616:6:motorController_init	24	static
main.c:625:6:uart_in_read	80	static
main.c:676:6:referenceFormatting	16	static
main.c:697:7:calcDistance	24	static
main.c:702:6:calcPositionAndVelocity	40	static
main.c:721:6:updatePositionsAndVelocities	8	static
main.c:732:6:packThe6Floats	40	static
main.c:760:6:sendPositionAndVelocity	8	static
main.c:774:6:resetEncoder	16	static
main.c:780:6:clockcheckRight	16	static
main.c:793:6:counterclockcheckRight	16	static
main.c:806:6:clockcheckLeft	16	static
main.c:819:6:counterclockcheckLeft	16	static
main.c:832:6:checkRevolutions	16	static
main.c:860:6:calcOutput	16	static
main.c:864:6:calculateError	16	static
main.c:868:6:nextVoltage	24	static
main.c:882:6:updateAngularVelocity	32	static
main.c:892:6:updateDutyCycle	24	static
main.c:911:6:setDutyCycle	16	static
main.c:941:6:controller	16	static
main.c:959:6:controlBothMotors	8	static
main.c:965:6:UpdateBatteryVoltage	16	static
main.c:978:6:Error_Handler	4	static,ignoring_inline_asm
