main.c:125:5:main	8	static
main.c:184:6:SystemClock_Config	184	static
main.c:248:13:MX_ADC1_Init	40	static
main.c:304:13:MX_TIM1_Init	96	static
main.c:378:13:MX_TIM6_Init	24	static
main.c:416:13:MX_TIM7_Init	24	static
main.c:454:13:MX_USART2_UART_Init	8	static
main.c:489:13:MX_GPIO_Init	40	static
main.c:545:6:calcPositionAndVelocity	48	static
main.c:566:6:packThe6Floats	40	static
main.c:594:6:sendData	8	static
main.c:607:6:resetEncoder	4	static
main.c:624:6:clockcheckRight	16	static
main.c:636:6:counterclockcheckRight	16	static
main.c:648:6:clockcheckLeft	16	static
main.c:660:6:counterclockcheckLeft	16	static
main.c:672:6:checkRevolutions	16	static
main.c:692:6:calcOutput	4	static
main.c:697:7:calculateError	16	static
main.c:701:7:nextVoltage	24	static
main.c:705:6:controller	32	static
main.c:724:6:UpdateBatteryVoltage	16	static
main.c:738:6:Error_Handler	4	static,ignoring_inline_asm
