main.c:163:5:main	24	static
main.c:252:6:SystemClock_Config	96	static
main.c:301:13:MX_ADC1_Init	40	static
main.c:357:13:MX_I2C3_Init	8	static
main.c:403:13:MX_TIM1_Init	96	static
main.c:477:13:MX_TIM2_Init	48	static
main.c:525:13:MX_TIM6_Init	24	static
main.c:563:13:MX_TIM7_Init	24	static
main.c:601:13:MX_USART2_UART_Init	8	static
main.c:634:13:MX_DMA_Init	16	static
main.c:652:13:MX_GPIO_Init	40	static
main.c:714:6:motor_init	16	static
main.c:720:6:motorEncoder_init	16	static
main.c:728:6:motorController_init	24	static
main.c:737:6:uart_in_read	80	static
main.c:785:6:referenceFormatting	16	static
main.c:806:7:calcDistance	24	static
main.c:811:6:calcPositionAndVelocity	40	static
main.c:830:6:updatePositionsAndVelocities	8	static
main.c:841:6:packThe6Floats	40	static
main.c:869:6:sendPositionAndVelocity	8	static
main.c:883:6:resetEncoder	16	static
main.c:889:6:clockcheckRight	16	static
main.c:902:6:counterclockcheckRight	16	static
main.c:915:6:clockcheckLeft	16	static
main.c:928:6:counterclockcheckLeft	16	static
main.c:941:6:checkRevolutions	16	static
main.c:969:6:calcOutput	16	static
main.c:973:6:calculateError	16	static
main.c:977:6:nextVoltage	24	static
main.c:981:6:updateAngularVelocity	32	static
main.c:987:6:updateDutyCycle	24	static
main.c:1006:6:setDutyCycle	16	static
main.c:1032:6:controller	16	static
main.c:1050:6:controlBothMotors	8	static
main.c:1056:6:UpdateBatteryVoltage	16	static
main.c:1063:6:HAL_I2C_MasterTxCpltCallback	16	static
main.c:1074:6:HAL_I2C_MasterRxCpltCallback	64	static
main.c:1139:6:IMU_LP_Filter	184	static
main.c:1191:6:Error_Handler	4	static,ignoring_inline_asm
