main.c:147:5:main	24	static
main.c:242:6:SystemClock_Config	96	static
main.c:291:13:MX_ADC1_Init	40	static
main.c:347:13:MX_I2C3_Init	8	static
main.c:393:13:MX_TIM1_Init	96	static
main.c:467:13:MX_TIM2_Init	48	static
main.c:515:13:MX_TIM6_Init	24	static
main.c:553:13:MX_TIM7_Init	24	static
main.c:591:13:MX_USART2_UART_Init	8	static
main.c:624:13:MX_DMA_Init	16	static
main.c:648:13:MX_GPIO_Init	40	static
main.c:710:6:motor_init	16	static
main.c:716:6:motorEncoder_init	16	static
main.c:724:6:motorController_init	24	static
main.c:733:6:uart_in_read	80	static
main.c:785:6:referenceFormatting	16	static
main.c:806:7:calcDistance	24	static
main.c:812:6:calcPositionAndVelocity	40	static
main.c:833:6:updatePositionsAndVelocities	8	static
main.c:844:6:packThe6Floats	40	static
main.c:872:6:sendPositionAndVelocity	8	static
main.c:886:6:resetEncoder	16	static
main.c:892:6:clockcheckRight	16	static
main.c:911:6:counterclockcheckRight	16	static
main.c:930:6:clockcheckLeft	16	static
main.c:949:6:counterclockcheckLeft	16	static
main.c:968:6:checkRevolutions	16	static
main.c:996:6:calcOutput	16	static
main.c:1001:6:calculateError	16	static
main.c:1005:6:nextVoltage	24	static
main.c:1009:6:updateAngularVelocity	32	static
main.c:1015:6:updateDutyCycle	24	static
main.c:1033:6:setDutyCycle	16	static
main.c:1061:6:controller	16	static
main.c:1079:6:controlBothMotors	8	static
main.c:1085:6:UpdateBatteryVoltage	16	static
main.c:1093:6:HAL_I2C_MasterTxCpltCallback	16	static
main.c:1099:6:HAL_I2C_MasterRxCpltCallback	16	static
main.c:1115:6:Error_Handler	4	static,ignoring_inline_asm
