main.c:124:5:main	8	static
main.c:188:6:SystemClock_Config	184	static
main.c:246:13:MX_ADC1_Init	40	static
main.c:299:13:MX_TIM1_Init	96	static
main.c:367:13:MX_TIM2_Init	48	static
main.c:411:13:MX_TIM6_Init	24	static
main.c:446:13:MX_TIM7_Init	24	static
main.c:481:13:MX_USART2_UART_Init	8	static
main.c:514:13:MX_GPIO_Init	40	static
main.c:575:6:motor_init	16	static
main.c:581:6:motorEncoder_init	16	static
main.c:589:6:motorController_init	24	static
main.c:598:7:calcDistance	24	static
main.c:603:6:calcPositionAndVelocity	40	static
main.c:626:6:packThe6Floats	40	static
main.c:654:6:sendData	8	static
main.c:667:6:resetEncoder	16	static
main.c:673:6:clockcheckRight	16	static
main.c:685:6:counterclockcheckRight	16	static
main.c:697:6:clockcheckLeft	16	static
main.c:709:6:counterclockcheckLeft	16	static
main.c:721:6:checkRevolutions	16	static
main.c:749:6:calcOutput	16	static
main.c:753:6:calculateError	16	static
main.c:757:6:nextVoltage	24	static
main.c:761:6:updateAngularVelocity	32	static
main.c:767:6:updateDutyCycle	24	static
main.c:774:6:setDutyCycle	16	static
main.c:784:6:controller	16	static
main.c:802:6:controlBothMotors	8	static
main.c:807:6:UpdateBatteryVoltage	16	static
main.c:820:6:Error_Handler	4	static,ignoring_inline_asm
