main.c:150:5:main	24	static
main.c:245:6:SystemClock_Config	96	static
main.c:294:13:MX_ADC1_Init	40	static
main.c:350:13:MX_I2C3_Init	8	static
main.c:396:13:MX_TIM1_Init	96	static
main.c:470:13:MX_TIM2_Init	48	static
main.c:518:13:MX_TIM6_Init	24	static
main.c:556:13:MX_TIM7_Init	24	static
main.c:594:13:MX_USART2_UART_Init	8	static
main.c:627:13:MX_DMA_Init	16	static
main.c:651:13:MX_GPIO_Init	40	static
main.c:713:6:motor_init	16	static
main.c:719:6:motorEncoder_init	16	static
main.c:727:6:motorController_init	24	static
main.c:736:6:uart_in_read	80	static
main.c:788:6:referenceFormatting	16	static
main.c:809:7:calcDistance	24	static
main.c:815:6:calcPositionAndVelocity	40	static
main.c:836:6:updatePositionsAndVelocities	8	static
main.c:847:6:packThe6Floats	40	static
main.c:875:6:sendPositionAndVelocity	8	static
main.c:889:6:resetEncoder	16	static
main.c:895:6:clockcheckRight	16	static
main.c:914:6:counterclockcheckRight	16	static
main.c:933:6:clockcheckLeft	16	static
main.c:952:6:counterclockcheckLeft	16	static
main.c:971:6:checkRevolutions	16	static
main.c:999:6:calcOutput	16	static
main.c:1004:6:calculateError	16	static
main.c:1008:6:nextVoltage	24	static
main.c:1012:6:updateAngularVelocity	32	static
main.c:1018:6:updateDutyCycle	24	static
main.c:1036:6:setDutyCycle	16	static
main.c:1064:6:controller	16	static
main.c:1082:6:controlBothMotors	8	static
main.c:1088:6:UpdateBatteryVoltage	16	static
main.c:1096:6:HAL_I2C_MasterTxCpltCallback	16	static
main.c:1102:6:HAL_I2C_MasterRxCpltCallback	16	static
main.c:1118:6:Error_Handler	4	static,ignoring_inline_asm
