stm32l4xx_it.c:75:6:NMI_Handler	4	static
stm32l4xx_it.c:88:6:HardFault_Handler	4	static
stm32l4xx_it.c:101:6:MemManage_Handler	4	static
stm32l4xx_it.c:114:6:BusFault_Handler	4	static
stm32l4xx_it.c:127:6:UsageFault_Handler	4	static
stm32l4xx_it.c:140:6:SVC_Handler	4	static
stm32l4xx_it.c:152:6:DebugMon_Handler	4	static
stm32l4xx_it.c:164:6:PendSV_Handler	4	static
stm32l4xx_it.c:176:6:SysTick_Handler	8	static
stm32l4xx_it.c:196:6:EXTI0_IRQHandler	8	static
stm32l4xx_it.c:209:6:EXTI1_IRQHandler	8	static
stm32l4xx_it.c:222:6:EXTI3_IRQHandler	8	static
stm32l4xx_it.c:235:6:EXTI4_IRQHandler	8	static
stm32l4xx_it.c:248:6:DMA1_Channel6_IRQHandler	8	static
stm32l4xx_it.c:261:6:EXTI9_5_IRQHandler	8	static
stm32l4xx_it.c:275:6:TIM2_IRQHandler	8	static
stm32l4xx_it.c:288:6:EXTI15_10_IRQHandler	8	static
stm32l4xx_it.c:301:6:TIM6_DAC_IRQHandler	8	static
stm32l4xx_it.c:314:6:TIM7_IRQHandler	8	static
