Archive member included to satisfy reference by file (symbol)

/Applications/STM32CubeIDE.app/Contents/Eclipse/plugins/com.st.stm32cube.ide.mcu.externaltools.gnu-tools-for-stm32.9-2020-q2-update.macos64_2.0.0.202105311346/tools/bin/../lib/gcc/arm-none-eabi/9.3.1/../../../../arm-none-eabi/lib/thumb/v7e-m+fp/hard/libc_nano.a(lib_a-errno.o)
                              ./Core/Src/syscalls.o (__errno)
/Applications/STM32CubeIDE.app/Contents/Eclipse/plugins/com.st.stm32cube.ide.mcu.externaltools.gnu-tools-for-stm32.9-2020-q2-update.macos64_2.0.0.202105311346/tools/bin/../lib/gcc/arm-none-eabi/9.3.1/../../../../arm-none-eabi/lib/thumb/v7e-m+fp/hard/libc_nano.a(lib_a-exit.o)
                              /Applications/STM32CubeIDE.app/Contents/Eclipse/plugins/com.st.stm32cube.ide.mcu.externaltools.gnu-tools-for-stm32.9-2020-q2-update.macos64_2.0.0.202105311346/tools/bin/../lib/gcc/arm-none-eabi/9.3.1/../../../../arm-none-eabi/lib/thumb/v7e-m+fp/hard/crt0.o (exit)
/Applications/STM32CubeIDE.app/Contents/Eclipse/plugins/com.st.stm32cube.ide.mcu.externaltools.gnu-tools-for-stm32.9-2020-q2-update.macos64_2.0.0.202105311346/tools/bin/../lib/gcc/arm-none-eabi/9.3.1/../../../../arm-none-eabi/lib/thumb/v7e-m+fp/hard/libc_nano.a(lib_a-impure.o)
                              /Applications/STM32CubeIDE.app/Contents/Eclipse/plugins/com.st.stm32cube.ide.mcu.externaltools.gnu-tools-for-stm32.9-2020-q2-update.macos64_2.0.0.202105311346/tools/bin/../lib/gcc/arm-none-eabi/9.3.1/../../../../arm-none-eabi/lib/thumb/v7e-m+fp/hard/libc_nano.a(lib_a-exit.o) (_global_impure_ptr)
/Applications/STM32CubeIDE.app/Contents/Eclipse/plugins/com.st.stm32cube.ide.mcu.externaltools.gnu-tools-for-stm32.9-2020-q2-update.macos64_2.0.0.202105311346/tools/bin/../lib/gcc/arm-none-eabi/9.3.1/../../../../arm-none-eabi/lib/thumb/v7e-m+fp/hard/libc_nano.a(lib_a-init.o)
                              /Applications/STM32CubeIDE.app/Contents/Eclipse/plugins/com.st.stm32cube.ide.mcu.externaltools.gnu-tools-for-stm32.9-2020-q2-update.macos64_2.0.0.202105311346/tools/bin/../lib/gcc/arm-none-eabi/9.3.1/../../../../arm-none-eabi/lib/thumb/v7e-m+fp/hard/crt0.o (__libc_init_array)
/Applications/STM32CubeIDE.app/Contents/Eclipse/plugins/com.st.stm32cube.ide.mcu.externaltools.gnu-tools-for-stm32.9-2020-q2-update.macos64_2.0.0.202105311346/tools/bin/../lib/gcc/arm-none-eabi/9.3.1/../../../../arm-none-eabi/lib/thumb/v7e-m+fp/hard/libc_nano.a(lib_a-memcpy-stub.o)
                              ./Core/Src/main.o (memcpy)
/Applications/STM32CubeIDE.app/Contents/Eclipse/plugins/com.st.stm32cube.ide.mcu.externaltools.gnu-tools-for-stm32.9-2020-q2-update.macos64_2.0.0.202105311346/tools/bin/../lib/gcc/arm-none-eabi/9.3.1/../../../../arm-none-eabi/lib/thumb/v7e-m+fp/hard/libc_nano.a(lib_a-memset.o)
                              /Applications/STM32CubeIDE.app/Contents/Eclipse/plugins/com.st.stm32cube.ide.mcu.externaltools.gnu-tools-for-stm32.9-2020-q2-update.macos64_2.0.0.202105311346/tools/bin/../lib/gcc/arm-none-eabi/9.3.1/../../../../arm-none-eabi/lib/thumb/v7e-m+fp/hard/crt0.o (memset)
/Applications/STM32CubeIDE.app/Contents/Eclipse/plugins/com.st.stm32cube.ide.mcu.externaltools.gnu-tools-for-stm32.9-2020-q2-update.macos64_2.0.0.202105311346/tools/bin/../lib/gcc/arm-none-eabi/9.3.1/../../../../arm-none-eabi/lib/thumb/v7e-m+fp/hard/libm.a(lib_a-s_cos.o)
                              ./Core/Src/main.o (cos)
/Applications/STM32CubeIDE.app/Contents/Eclipse/plugins/com.st.stm32cube.ide.mcu.externaltools.gnu-tools-for-stm32.9-2020-q2-update.macos64_2.0.0.202105311346/tools/bin/../lib/gcc/arm-none-eabi/9.3.1/../../../../arm-none-eabi/lib/thumb/v7e-m+fp/hard/libm.a(lib_a-s_sin.o)
                              ./Core/Src/main.o (sin)
/Applications/STM32CubeIDE.app/Contents/Eclipse/plugins/com.st.stm32cube.ide.mcu.externaltools.gnu-tools-for-stm32.9-2020-q2-update.macos64_2.0.0.202105311346/tools/bin/../lib/gcc/arm-none-eabi/9.3.1/../../../../arm-none-eabi/lib/thumb/v7e-m+fp/hard/libm.a(lib_a-e_rem_pio2.o)
                              /Applications/STM32CubeIDE.app/Contents/Eclipse/plugins/com.st.stm32cube.ide.mcu.externaltools.gnu-tools-for-stm32.9-2020-q2-update.macos64_2.0.0.202105311346/tools/bin/../lib/gcc/arm-none-eabi/9.3.1/../../../../arm-none-eabi/lib/thumb/v7e-m+fp/hard/libm.a(lib_a-s_cos.o) (__ieee754_rem_pio2)
/Applications/STM32CubeIDE.app/Contents/Eclipse/plugins/com.st.stm32cube.ide.mcu.externaltools.gnu-tools-for-stm32.9-2020-q2-update.macos64_2.0.0.202105311346/tools/bin/../lib/gcc/arm-none-eabi/9.3.1/../../../../arm-none-eabi/lib/thumb/v7e-m+fp/hard/libm.a(lib_a-k_cos.o)
                              /Applications/STM32CubeIDE.app/Contents/Eclipse/plugins/com.st.stm32cube.ide.mcu.externaltools.gnu-tools-for-stm32.9-2020-q2-update.macos64_2.0.0.202105311346/tools/bin/../lib/gcc/arm-none-eabi/9.3.1/../../../../arm-none-eabi/lib/thumb/v7e-m+fp/hard/libm.a(lib_a-s_cos.o) (__kernel_cos)
[...]
Memory Configuration

Name             Origin             Length             Attributes
RAM              0x0000000020000000 0x0000000000010000 xrw
FLASH            0x0000000008000000 0x0000000000040000 xr
*default*        0x0000000000000000 0xffffffffffffffff

Linker script and memory map

LOAD /Applications/STM32CubeIDE.app/Contents/Eclipse/plugins/com.st.stm32cube.ide.mcu.externaltools.gnu-tools-for-stm32.9-2020-q2-update.macos64_2.0.0.202105311346/tools/bin/../lib/gcc/arm-none-eabi/9.3.1/thumb/v7e-m+fp/hard/crti.o
LOAD /Applications/STM32CubeIDE.app/Contents/Eclipse/plugins/com.st.stm32cube.ide.mcu.externaltools.gnu-tools-for-stm32.9-2020-q2-update.macos64_2.0.0.202105311346/tools/bin/../lib/gcc/arm-none-eabi/9.3.1/thumb/v7e-m+fp/hard/crtbegin.o
LOAD /Applications/STM32CubeIDE.app/Contents/Eclipse/plugins/com.st.stm32cube.ide.mcu.externaltools.gnu-tools-for-stm32.9-2020-q2-update.macos64_2.0.0.202105311346/tools/bin/../lib/gcc/arm-none-eabi/9.3.1/../../../../arm-none-eabi/lib/thumb/v7e-m+fp/hard/crt0.o
LOAD ./Core/Src/DCMotorDriver.o
LOAD ./Core/Src/comm_relay.o
LOAD ./Core/Src/main.o
LOAD ./Core/Src/orientation.o
LOAD ./Core/Src/stm32l4xx_hal_msp.o
LOAD ./Core/Src/stm32l4xx_it.o
LOAD ./Core/Src/syscalls.o
LOAD ./Core/Src/sysmem.o
LOAD ./Core/Src/system_stm32l4xx.o
LOAD ./Core/Startup/startup_stm32l432kcux.o
LOAD ./Drivers/STM32L4xx_HAL_Driver/Src/stm32l4xx_hal.o
LOAD ./Drivers/STM32L4xx_HAL_Driver/Src/stm32l4xx_hal_adc.o
LOAD ./Drivers/STM32L4xx_HAL_Driver/Src/stm32l4xx_hal_adc_ex.o
LOAD ./Drivers/STM32L4xx_HAL_Driver/Src/stm32l4xx_hal_cortex.o
LOAD ./Drivers/STM32L4xx_HAL_Driver/Src/stm32l4xx_hal_dma.o
LOAD ./Drivers/STM32L4xx_HAL_Driver/Src/stm32l4xx_hal_dma_ex.o
LOAD ./Drivers/STM32L4xx_HAL_Driver/Src/stm32l4xx_hal_exti.o
LOAD ./Drivers/STM32L4xx_HAL_Driver/Src/stm32l4xx_hal_flash.o
LOAD ./Drivers/STM32L4xx_HAL_Driver/Src/stm32l4xx_hal_flash_ex.o
LOAD ./Drivers/STM32L4xx_HAL_Driver/Src/stm32l4xx_hal_flash_ramfunc.o
LOAD ./Drivers/STM32L4xx_HAL_Driver/Src/stm32l4xx_hal_gpio.o
LOAD ./Drivers/STM32L4xx_HAL_Driver/Src/stm32l4xx_hal_i2c.o
LOAD ./Drivers/STM32L4xx_HAL_Driver/Src/stm32l4xx_hal_i2c_ex.o
LOAD ./Drivers/STM32L4xx_HAL_Driver/Src/stm32l4xx_hal_pwr.o
LOAD ./Drivers/STM32L4xx_HAL_Driver/Src/stm32l4xx_hal_pwr_ex.o
LOAD ./Drivers/STM32L4xx_HAL_Driver/Src/stm32l4xx_hal_rcc.o
LOAD ./Drivers/STM32L4xx_HAL_Driver/Src/stm32l4xx_hal_rcc_ex.o
LOAD ./Drivers/STM32L4xx_HAL_Driver/Src/stm32l4xx_hal_tim.o
LOAD ./Drivers/STM32L4xx_HAL_Driver/Src/stm32l4xx_hal_tim_ex.o
LOAD ./Drivers/STM32L4xx_HAL_Driver/Src/stm32l4xx_hal_uart.o
LOAD ./Drivers/STM32L4xx_HAL_Driver/Src/stm32l4xx_hal_uart_ex.o
START GROUP
LOAD /Applications/STM32CubeIDE.app/Contents/Eclipse/plugins/com.st.stm32cube.ide.mcu.externaltools.gnu-tools-for-stm32.9-2020-q2-update.macos64_2.0.0.202105311346/tools/bin/../lib/gcc/arm-none-eabi/9.3.1/../../../../arm-none-eabi/lib/thumb/v7e-m+fp/hard/libc_nano.a
LOAD /Applications/STM32CubeIDE.app/Contents/Eclipse/plugins/com.st.stm32cube.ide.mcu.externaltools.gnu-tools-for-stm32.9-2020-q2-update.macos64_2.0.0.202105311346/tools/bin/../lib/gcc/arm-none-eabi/9.3.1/../../../../arm-none-eabi/lib/thumb/v7e-m+fp/hard/libm.a
END GROUP
START GROUP
LOAD /Applications/STM32CubeIDE.app/Contents/Eclipse/plugins/com.st.stm32cube.ide.mcu.externaltools.gnu-tools-for-stm32.9-2020-q2-update.macos64_2.0.0.202105311346/tools/bin/../lib/gcc/arm-none-eabi/9.3.1/thumb/v7e-m+fp/hard/libgcc.a
LOAD /Applications/STM32CubeIDE.app/Contents/Eclipse/plugins/com.st.stm32cube.ide.mcu.externaltools.gnu-tools-for-stm32.9-2020-q2-update.macos64_2.0.0.202105311346/tools/bin/../lib/gcc/arm-none-eabi/9.3.1/../../../../arm-none-eabi/lib/thumb/v7e-m+fp/hard/libc_nano.a
END GROUP
START GROUP
LOAD /Applications/STM32CubeIDE.app/Contents/Eclipse/plugins/com.st.stm32cube.ide.mcu.externaltools.gnu-tools-for-stm32.9-2020-q2-update.macos64_2.0.0.202105311346/tools/bin/../lib/gcc/arm-none-eabi/9.3.1/thumb/v7e-m+fp/hard/libgcc.a
LOAD /Applications/STM32CubeIDE.app/Contents/Eclipse/plugins/com.st.stm32cube.ide.mcu.externaltools.gnu-tools-for-stm32.9-2020-q2-update.macos64_2.0.0.202105311346/tools/bin/../lib/gcc/arm-none-eabi/9.3.1/../../../../arm-none-eabi/lib/thumb/v7e-m+fp/hard/libc_nano.a
LOAD /Applications/STM32CubeIDE.app/Contents/Eclipse/plugins/com.st.stm32cube.ide.mcu.externaltools.gnu-tools-for-stm32.9-2020-q2-update.macos64_2.0.0.202105311346/tools/bin/../lib/gcc/arm-none-eabi/9.3.1/../../../../arm-none-eabi/lib/thumb/v7e-m+fp/hard/libnosys.a
END GROUP
START GROUP
LOAD /Applications/STM32CubeIDE.app/Contents/Eclipse/plugins/com.st.stm32cube.ide.mcu.externaltools.gnu-tools-for-stm32.9-2020-q2-update.macos64_2.0.0.202105311346/tools/bin/../lib/gcc/arm-none-eabi/9.3.1/thumb/v7e-m+fp/hard/libgcc.a
LOAD /Applications/STM32CubeIDE.app/Contents/Eclipse/plugins/com.st.stm32cube.ide.mcu.externaltools.gnu-tools-for-stm32.9-2020-q2-update.macos64_2.0.0.202105311346/tools/bin/../lib/gcc/arm-none-eabi/9.3.1/../../../../arm-none-eabi/lib/thumb/v7e-m+fp/hard/libc_nano.a
LOAD /Applications/STM32CubeIDE.app/Contents/Eclipse/plugins/com.st.stm32cube.ide.mcu.externaltools.gnu-tools-for-stm32.9-2020-q2-update.macos64_2.0.0.202105311346/tools/bin/../lib/gcc/arm-none-eabi/9.3.1/../../../../arm-none-eabi/lib/thumb/v7e-m+fp/hard/libnosys.a
END GROUP
LOAD /Applications/STM32CubeIDE.app/Contents/Eclipse/plugins/com.st.stm32cube.ide.mcu.externaltools.gnu-tools-for-stm32.9-2020-q2-update.macos64_2.0.0.202105311346/tools/bin/../lib/gcc/arm-none-eabi/9.3.1/thumb/v7e-m+fp/hard/crtend.o
LOAD /Applications/STM32CubeIDE.app/Contents/Eclipse/plugins/com.st.stm32cube.ide.mcu.externaltools.gnu-tools-for-stm32.9-2020-q2-update.macos64_2.0.0.202105311346/tools/bin/../lib/gcc/arm-none-eabi/9.3.1/thumb/v7e-m+fp/hard/crtn.o
                0x0000000020010000                _estack = (ORIGIN (RAM) + LENGTH (RAM))
                0x0000000000000200                _Min_Heap_Size = 0x200
                0x0000000000000400                _Min_Stack_Size = 0x400

.isr_vector     0x0000000008000000      0x18c
                0x0000000008000000                . = ALIGN (0x4)
 *(.isr_vector)
 .isr_vector    0x0000000008000000      0x18c ./Core/Startup/startup_stm32l432kcux.o
                0x0000000008000000                g_pfnVectors
                0x000000000800018c                . = ALIGN (0x4)

.text           0x0000000008000190     0x8a4c
                0x0000000008000190                . = ALIGN (0x4)
 *(.text)
 .text          0x0000000008000190       0x40 /Applications/STM32CubeIDE.app/Contents/Eclipse/plugins/com.st.stm32cube.ide.mcu.externaltools.gnu-tools-for-stm32.9-2020-q2-update.macos64_2.0.0.202105311346/tools/bin/../lib/gcc/arm-none-eabi/9.3.1/thumb/v7e-m+fp/hard/crtbegin.o
 .text          0x00000000080001d0      0x378 /Applications/STM32CubeIDE.app/Contents/Eclipse/plugins/com.st.stm32cube.ide.mcu.externaltools.gnu-tools-for-stm32.9-2020-q2-update.macos64_2.0.0.202105311346/tools/bin/../lib/gcc/arm-none-eabi/9.3.1/thumb/v7e-m+fp/hard/libgcc.a(_arm_addsubdf3.o)
                0x00000000080001d0                __aeabi_drsub
                0x00000000080001d8                __subdf3
                0x00000000080001d8                __aeabi_dsub
                0x00000000080001dc                __aeabi_dadd
                0x00000000080001dc                __adddf3
                0x0000000008000454                __aeabi_ui2d
                0x0000000008000454                __floatunsidf
                0x0000000008000474                __floatsidf
                0x0000000008000474                __aeabi_i2d
                0x0000000008000498                __extendsfdf2
                0x0000000008000498                __aeabi_f2d
                0x00000000080004dc                __aeabi_ul2d
                0x00000000080004dc                __floatundidf
                0x00000000080004ec                __aeabi_l2d
                0x00000000080004ec                __floatdidf
 .text          0x0000000008000548      0x424 /Applications/STM32CubeIDE.app/Contents/Eclipse/plugins/com.st.stm32cube.ide.mcu.externaltools.gnu-tools-for-stm32.9-2020-q2-update.macos64_2.0.0.202105311346/tools/bin/../lib/gcc/arm-none-eabi/9.3.1/thumb/v7e-m+fp/hard/libgcc.a(_arm_muldivdf3.o)
                0x0000000008000548                __aeabi_dmul
                0x0000000008000548                __muldf3
                0x000000000800079c                __aeabi_ddiv
                0x000000000800079c                __divdf3
 .text          0x000000000800096c      0x110 /Applications/STM32CubeIDE.app/Contents/Eclipse/plugins/com.st.stm32cube.ide.mcu.externaltools.gnu-tools-for-stm32.9-2020-q2-update.macos64_2.0.0.202105311346/tools/bin/../lib/gcc/arm-none-eabi/9.3.1/thumb/v7e-m+fp/hard/libgcc.a(_arm_cmpdf2.o)
                0x000000000800096c                __gedf2
                0x000000000800096c                __gtdf2
                0x0000000008000974                __ledf2
                0x0000000008000974                __ltdf2
                0x000000000800097c                __cmpdf2
                0x000000000800097c                __eqdf2
                0x000000000800097c                __nedf2
                0x00000000080009f8                __aeabi_cdrcmple
                0x0000000008000a08                __aeabi_cdcmple
                0x0000000008000a08                __aeabi_cdcmpeq
                0x0000000008000a18                __aeabi_dcmpeq
                0x0000000008000a2c                __aeabi_dcmplt
                0x0000000008000a40                __aeabi_dcmple
                0x0000000008000a54                __aeabi_dcmpge
                0x0000000008000a68                __aeabi_dcmpgt
 .text          0x0000000008000a7c       0x50 /Applications/STM32CubeIDE.app/Contents/Eclipse/plugins/com.st.stm32cube.ide.mcu.externaltools.gnu-tools-for-stm32.9-2020-q2-update.macos64_2.0.0.202105311346/tools/bin/../lib/gcc/arm-none-eabi/9.3.1/thumb/v7e-m+fp/hard/libgcc.a(_arm_fixdfsi.o)
                0x0000000008000a7c                __fixdfsi
                0x0000000008000a7c                __aeabi_d2iz
 .text          0x0000000008000acc       0xa0 /Applications/STM32CubeIDE.app/Contents/Eclipse/plugins/com.st.stm32cube.ide.mcu.externaltools.gnu-tools-for-stm32.9-2020-q2-update.macos64_2.0.0.202105311346/tools/bin/../lib/gcc/arm-none-eabi/9.3.1/thumb/v7e-m+fp/hard/libgcc.a(_arm_truncdfsf2.o)
                0x0000000008000acc                __aeabi_d2f
                0x0000000008000acc                __truncdfsf2
 .text          0x0000000008000b6c       0x30 /Applications/STM32CubeIDE.app/Contents/Eclipse/plugins/com.st.stm32cube.ide.mcu.externaltools.gnu-tools-for-stm32.9-2020-q2-update.macos64_2.0.0.202105311346/tools/bin/../lib/gcc/arm-none-eabi/9.3.1/thumb/v7e-m+fp/hard/libgcc.a(_aeabi_uldivmod.o)
                0x0000000008000b6c                __aeabi_uldivmod
 .text          0x0000000008000b9c      0x2c4 /Applications/STM32CubeIDE.app/Contents/Eclipse/plugins/com.st.stm32cube.ide.mcu.externaltools.gnu-tools-for-stm32.9-2020-q2-update.macos64_2.0.0.202105311346/tools/bin/../lib/gcc/arm-none-eabi/9.3.1/thumb/v7e-m+fp/hard/libgcc.a(_udivmoddi4.o)
                0x0000000008000b9c                __udivmoddi4
 .text          0x0000000008000e60        0x4 /Applications/STM32CubeIDE.app/Contents/Eclipse/plugins/com.st.stm32cube.ide.mcu.externaltools.gnu-tools-for-stm32.9-2020-q2-update.macos64_2.0.0.202105311346/tools/bin/../lib/gcc/arm-none-eabi/9.3.1/thumb/v7e-m+fp/hard/libgcc.a(_dvmd_tls.o)
                0x0000000008000e60                __aeabi_ldiv0
                0x0000000008000e60                __aeabi_idiv0
 *(.text*)
 .text.to_frame
                0x0000000008000e64       0xb2 ./Core/Src/comm_relay.o
                0x0000000008000e64                to_frame
 .text.is_special_character
                0x0000000008000f16       0x34 ./Core/Src/comm_relay.o
                0x0000000008000f16                is_special_character
 .text.from_frame
                0x0000000008000f4a       0xd2 ./Core/Src/comm_relay.o
                0x0000000008000f4a                from_frame
 *fill*         0x000000000800101c        0x4 
 .text.main     0x0000000008001020      0x19c ./Core/Src/main.o
                0x0000000008001020                main
 .text.SystemClock_Config
                0x00000000080011bc      0x108 ./Core/Src/main.o
                0x00000000080011bc                SystemClock_Config
 .text.MX_ADC1_Init
                0x00000000080012c4       0xe8 ./Core/Src/main.o
 .text.MX_TIM1_Init
                0x00000000080013ac      0x138 ./Core/Src/main.o
 .text.MX_TIM2_Init
                0x00000000080014e4       0xac ./Core/Src/main.o
 .text.MX_TIM6_Init
                0x0000000008001590       0x6c ./Core/Src/main.o
 .text.MX_TIM7_Init
                0x00000000080015fc       0x70 ./Core/Src/main.o
 .text.MX_USART2_UART_Init
                0x000000000800166c       0x60 ./Core/Src/main.o
 .text.MX_DMA_Init
                0x00000000080016cc       0x3c ./Core/Src/main.o
 .text.MX_GPIO_Init
                0x0000000008001708      0x144 ./Core/Src/main.o
 .text.motor_init
                0x000000000800184c       0x2c ./Core/Src/main.o
                0x000000000800184c                motor_init
 .text.motorEncoder_init
                0x0000000008001878       0x36 ./Core/Src/main.o
                0x0000000008001878                motorEncoder_init
 .text.motorController_init
                0x00000000080018ae       0x44 ./Core/Src/main.o
                0x00000000080018ae                motorController_init
 *fill*         0x00000000080018f2        0x2 
 .text.uart_in_read
                0x00000000080018f4      0x19c ./Core/Src/main.o
                0x00000000080018f4                uart_in_read
 .text.referenceFormatting
                0x0000000008001a90       0x58 ./Core/Src/main.o
                0x0000000008001a90                referenceFormatting
 .text.calcDistance
                0x0000000008001ae8       0x74 ./Core/Src/main.o
                0x0000000008001ae8                calcDistance
 *fill*         0x0000000008001b5c        0x4 
 .text.calcPositionAndVelocity
                0x0000000008001b60      0x22c ./Core/Src/main.o
                0x0000000008001b60                calcPositionAndVelocity
 .text.updatePositionsAndVelocities
                0x0000000008001d8c       0x18 ./Core/Src/main.o
                0x0000000008001d8c                updatePositionsAndVelocities
 .text.packThe6Floats
                0x0000000008001da4      0x12c ./Core/Src/main.o
                0x0000000008001da4                packThe6Floats
 .text.sendPositionAndVelocity
                0x0000000008001ed0       0xac ./Core/Src/main.o
                0x0000000008001ed0                sendPositionAndVelocity
 .text.clockcheckRight
                0x0000000008001f7c       0xc0 ./Core/Src/main.o
                0x0000000008001f7c                clockcheckRight
 .text.counterclockcheckRight
                0x000000000800203c       0xc0 ./Core/Src/main.o
                0x000000000800203c                counterclockcheckRight
 .text.clockcheckLeft
                0x00000000080020fc       0xc4 ./Core/Src/main.o
                0x00000000080020fc                clockcheckLeft
 .text.counterclockcheckLeft
                0x00000000080021c0       0xc4 ./Core/Src/main.o
                0x00000000080021c0                counterclockcheckLeft
 .text.checkRevolutions
                0x0000000008002284       0x8a ./Core/Src/main.o
                0x0000000008002284                checkRevolutions
 *fill*         0x000000000800230e        0x2 
 .text.calcOutput
                0x0000000008002310       0x44 ./Core/Src/main.o
                0x0000000008002310                calcOutput
 .text.calculateError
                0x0000000008002354       0x2a ./Core/Src/main.o
                0x0000000008002354                calculateError
 *fill*         0x000000000800237e        0x2 
 .text.nextVoltage
                0x0000000008002380       0x84 ./Core/Src/main.o
                0x0000000008002380                nextVoltage
 *fill*         0x0000000008002404        0x4 
 .text.updateAngularVelocity
                0x0000000008002408       0xb4 ./Core/Src/main.o
                0x0000000008002408                updateAngularVelocity
 .text.updateDutyCycle
                0x00000000080024bc       0x4c ./Core/Src/main.o
                0x00000000080024bc                updateDutyCycle
 .text.setDutyCycle
                0x0000000008002508       0x80 ./Core/Src/main.o
                0x0000000008002508                setDutyCycle
 .text.controller
                0x0000000008002588       0x38 ./Core/Src/main.o
                0x0000000008002588                controller
 .text.controlBothMotors
                0x00000000080025c0       0x28 ./Core/Src/main.o
                0x00000000080025c0                controlBothMotors
 .text.UpdateBatteryVoltage
                0x00000000080025e8       0x4c ./Core/Src/main.o
                0x00000000080025e8                UpdateBatteryVoltage
 .text.Error_Handler
                0x0000000008002634        0xa ./Core/Src/main.o
                0x0000000008002634                Error_Handler
 *fill*         0x000000000800263e        0x2 
 .text.calcOrientOutput
                0x0000000008002640       0x38 ./Core/Src/orientation.o
                0x0000000008002640                calcOrientOutput
 .text.packOrient
                0x0000000008002678       0x58 ./Core/Src/orientation.o
                0x0000000008002678                packOrient
 .text.checkOrientClock
                0x00000000080026d0       0x9c ./Core/Src/orientation.o
                0x00000000080026d0                checkOrientClock
 .text.checkOrientCounterClock
                0x000000000800276c       0x9c ./Core/Src/orientation.o
                0x000000000800276c                checkOrientCounterClock
 .text.checkRevolutionsOrient
                0x0000000008002808       0x2c ./Core/Src/orientation.o
                0x0000000008002808                checkRevolutionsOrient
 .text.sendOrientData
                0x0000000008002834       0x7c ./Core/Src/orientation.o
                0x0000000008002834                sendOrientData
 .text.HAL_MspInit
                0x00000000080028b0       0x48 ./Core/Src/stm32l4xx_hal_msp.o
                0x00000000080028b0                HAL_MspInit
 .text.HAL_ADC_MspInit
                0x00000000080028f8       0x7c ./Core/Src/stm32l4xx_hal_msp.o
                0x00000000080028f8                HAL_ADC_MspInit
 .text.HAL_TIM_PWM_MspInit
                0x0000000008002974       0x40 ./Core/Src/stm32l4xx_hal_msp.o
                0x0000000008002974                HAL_TIM_PWM_MspInit
 .text.HAL_TIM_OC_MspInit
                0x00000000080029b4       0x48 ./Core/Src/stm32l4xx_hal_msp.o
                0x00000000080029b4                HAL_TIM_OC_MspInit
 .text.HAL_TIM_Base_MspInit
                0x00000000080029fc       0x84 ./Core/Src/stm32l4xx_hal_msp.o
                0x00000000080029fc                HAL_TIM_Base_MspInit
 .text.HAL_TIM_MspPostInit
                0x0000000008002a80       0x70 ./Core/Src/stm32l4xx_hal_msp.o
                0x0000000008002a80                HAL_TIM_MspPostInit
 .text.HAL_UART_MspInit
                0x0000000008002af0      0x104 ./Core/Src/stm32l4xx_hal_msp.o
                0x0000000008002af0                HAL_UART_MspInit
 .text.NMI_Handler
                0x0000000008002bf4        0x6 ./Core/Src/stm32l4xx_it.o
                0x0000000008002bf4                NMI_Handler
 .text.HardFault_Handler
                0x0000000008002bfa        0x6 ./Core/Src/stm32l4xx_it.o
                0x0000000008002bfa                HardFault_Handler
 .text.MemManage_Handler
                0x0000000008002c00        0x6 ./Core/Src/stm32l4xx_it.o
                0x0000000008002c00                MemManage_Handler
 .text.BusFault_Handler
                0x0000000008002c06        0x6 ./Core/Src/stm32l4xx_it.o
                0x0000000008002c06                BusFault_Handler
 .text.UsageFault_Handler
                0x0000000008002c0c        0x6 ./Core/Src/stm32l4xx_it.o
                0x0000000008002c0c                UsageFault_Handler
 .text.SVC_Handler
                0x0000000008002c12        0xe ./Core/Src/stm32l4xx_it.o
                0x0000000008002c12                SVC_Handler
 .text.DebugMon_Handler
                0x0000000008002c20        0xe ./Core/Src/stm32l4xx_it.o
                0x0000000008002c20                DebugMon_Handler
 .text.PendSV_Handler
                0x0000000008002c2e        0xe ./Core/Src/stm32l4xx_it.o
                0x0000000008002c2e                PendSV_Handler
 .text.SysTick_Handler
                0x0000000008002c3c        0xc ./Core/Src/stm32l4xx_it.o
                0x0000000008002c3c                SysTick_Handler
 .text.EXTI0_IRQHandler
                0x0000000008002c48       0x12 ./Core/Src/stm32l4xx_it.o
                0x0000000008002c48                EXTI0_IRQHandler
 .text.EXTI1_IRQHandler
                0x0000000008002c5a       0x12 ./Core/Src/stm32l4xx_it.o
                0x0000000008002c5a                EXTI1_IRQHandler
 .text.EXTI3_IRQHandler
                0x0000000008002c6c       0x12 ./Core/Src/stm32l4xx_it.o
                0x0000000008002c6c                EXTI3_IRQHandler
 .text.EXTI4_IRQHandler
                0x0000000008002c7e       0x12 ./Core/Src/stm32l4xx_it.o
                0x0000000008002c7e                EXTI4_IRQHandler
 .text.DMA1_Channel6_IRQHandler
                0x0000000008002c90       0x14 ./Core/Src/stm32l4xx_it.o
                0x0000000008002c90                DMA1_Channel6_IRQHandler
 .text.EXTI9_5_IRQHandler
                0x0000000008002ca4       0x12 ./Core/Src/stm32l4xx_it.o
                0x0000000008002ca4                EXTI9_5_IRQHandler
 *fill*         0x0000000008002cb6        0x2 
 .text.TIM2_IRQHandler
                0x0000000008002cb8       0x18 ./Core/Src/stm32l4xx_it.o
                0x0000000008002cb8                TIM2_IRQHandler
 .text.EXTI15_10_IRQHandler
                0x0000000008002cd0       0x14 ./Core/Src/stm32l4xx_it.o
                0x0000000008002cd0                EXTI15_10_IRQHandler
 .text.TIM6_DAC_IRQHandler
                0x0000000008002ce4       0x18 ./Core/Src/stm32l4xx_it.o
                0x0000000008002ce4                TIM6_DAC_IRQHandler
 .text.TIM7_IRQHandler
                0x0000000008002cfc       0x18 ./Core/Src/stm32l4xx_it.o
                0x0000000008002cfc                TIM7_IRQHandler
 .text.SystemInit
                0x0000000008002d14       0x64 ./Core/Src/system_stm32l4xx.o
                0x0000000008002d14                SystemInit
 .text.Reset_Handler
                0x0000000008002d78       0x50 ./Core/Startup/startup_stm32l432kcux.o
                0x0000000008002d78                Reset_Handler
 .text.Default_Handler
                0x0000000008002dc8        0x2 ./Core/Startup/startup_stm32l432kcux.o
                0x0000000008002dc8                TIM1_BRK_TIM15_IRQHandler
                0x0000000008002dc8                EXTI2_IRQHandler
                0x0000000008002dc8                TIM1_CC_IRQHandler
                0x0000000008002dc8                TSC_IRQHandler
                0x0000000008002dc8                TAMP_STAMP_IRQHandler
                0x0000000008002dc8                LPTIM2_IRQHandler
                0x0000000008002dc8                I2C3_ER_IRQHandler
                0x0000000008002dc8                CAN1_RX0_IRQHandler
                0x0000000008002dc8                FPU_IRQHandler
                0x0000000008002dc8                TIM1_UP_TIM16_IRQHandler
                0x0000000008002dc8                SPI1_IRQHandler
                0x0000000008002dc8                DMA2_Channel2_IRQHandler
                0x0000000008002dc8                DMA1_Channel4_IRQHandler
                0x0000000008002dc8                ADC1_IRQHandler
                0x0000000008002dc8                DMA1_Channel7_IRQHandler
                0x0000000008002dc8                CAN1_RX1_IRQHandler
                0x0000000008002dc8                DMA2_Channel1_IRQHandler
                0x0000000008002dc8                QUADSPI_IRQHandler
                0x0000000008002dc8                I2C1_EV_IRQHandler
                0x0000000008002dc8                DMA2_Channel4_IRQHandler
                0x0000000008002dc8                RCC_IRQHandler
                0x0000000008002dc8                TIM1_TRG_COM_IRQHandler
                0x0000000008002dc8                DMA1_Channel1_IRQHandler
                0x0000000008002dc8                Default_Handler
                0x0000000008002dc8                DMA2_Channel7_IRQHandler
                0x0000000008002dc8                I2C3_EV_IRQHandler
                0x0000000008002dc8                USB_IRQHandler
                0x0000000008002dc8                RTC_WKUP_IRQHandler
                0x0000000008002dc8                PVD_PVM_IRQHandler
                0x0000000008002dc8                CAN1_TX_IRQHandler
                0x0000000008002dc8                DMA2_Channel5_IRQHandler
                0x0000000008002dc8                CRS_IRQHandler
                0x0000000008002dc8                DMA1_Channel5_IRQHandler
                0x0000000008002dc8                RNG_IRQHandler
                0x0000000008002dc8                DMA1_Channel3_IRQHandler
                0x0000000008002dc8                COMP_IRQHandler
                0x0000000008002dc8                WWDG_IRQHandler
                0x0000000008002dc8                LPUART1_IRQHandler
                0x0000000008002dc8                DMA2_Channel6_IRQHandler
                0x0000000008002dc8                USART2_IRQHandler
                0x0000000008002dc8                DMA1_Channel2_IRQHandler
                0x0000000008002dc8                CAN1_SCE_IRQHandler
                0x0000000008002dc8                FLASH_IRQHandler
                0x0000000008002dc8                USART1_IRQHandler
                0x0000000008002dc8                SPI3_IRQHandler
                0x0000000008002dc8                I2C1_ER_IRQHandler
                0x0000000008002dc8                SWPMI1_IRQHandler
                0x0000000008002dc8                LPTIM1_IRQHandler
                0x0000000008002dc8                SAI1_IRQHandler
                0x0000000008002dc8                DMA2_Channel3_IRQHandler
                0x0000000008002dc8                RTC_Alarm_IRQHandler
 .text.HAL_Init
                0x0000000008002dca       0x30 ./Drivers/STM32L4xx_HAL_Driver/Src/stm32l4xx_hal.o
                0x0000000008002dca                HAL_Init
 *fill*         0x0000000008002dfa        0x2 
 .text.HAL_InitTick
                0x0000000008002dfc       0x78 ./Drivers/STM32L4xx_HAL_Driver/Src/stm32l4xx_hal.o
                0x0000000008002dfc                HAL_InitTick
 .text.HAL_IncTick
                0x0000000008002e74       0x28 ./Drivers/STM32L4xx_HAL_Driver/Src/stm32l4xx_hal.o
                0x0000000008002e74                HAL_IncTick
 .text.HAL_GetTick
                0x0000000008002e9c       0x18 ./Drivers/STM32L4xx_HAL_Driver/Src/stm32l4xx_hal.o
                0x0000000008002e9c                HAL_GetTick
 .text.LL_ADC_SetCommonClock
                0x0000000008002eb4       0x26 ./Drivers/STM32L4xx_HAL_Driver/Src/stm32l4xx_hal_adc.o
 .text.LL_ADC_SetCommonPathInternalCh
                0x0000000008002eda       0x26 ./Drivers/STM32L4xx_HAL_Driver/Src/stm32l4xx_hal_adc.o
 .text.LL_ADC_GetCommonPathInternalCh
                0x0000000008002f00       0x1c ./Drivers/STM32L4xx_HAL_Driver/Src/stm32l4xx_hal_adc.o
 .text.LL_ADC_SetOffset
                0x0000000008002f1c       0x48 ./Drivers/STM32L4xx_HAL_Driver/Src/stm32l4xx_hal_adc.o
 .text.LL_ADC_GetOffsetChannel
                0x0000000008002f64       0x2c ./Drivers/STM32L4xx_HAL_Driver/Src/stm32l4xx_hal_adc.o
 .text.LL_ADC_SetOffsetState
                0x0000000008002f90       0x36 ./Drivers/STM32L4xx_HAL_Driver/Src/stm32l4xx_hal_adc.o
 .text.LL_ADC_REG_IsTriggerSourceSWStart
                0x0000000008002fc6       0x26 ./Drivers/STM32L4xx_HAL_Driver/Src/stm32l4xx_hal_adc.o
 .text.LL_ADC_REG_SetSequencerRanks
                0x0000000008002fec       0x58 ./Drivers/STM32L4xx_HAL_Driver/Src/stm32l4xx_hal_adc.o
 .text.LL_ADC_SetChannelSamplingTime
                0x0000000008003044       0x56 ./Drivers/STM32L4xx_HAL_Driver/Src/stm32l4xx_hal_adc.o
 *fill*         0x000000000800309a        0x2 
 .text.LL_ADC_SetChannelSingleDiff
                0x000000000800309c       0x48 ./Drivers/STM32L4xx_HAL_Driver/Src/stm32l4xx_hal_adc.o
 .text.LL_ADC_DisableDeepPowerDown
                0x00000000080030e4       0x24 ./Drivers/STM32L4xx_HAL_Driver/Src/stm32l4xx_hal_adc.o
 .text.LL_ADC_IsDeepPowerDownEnabled
                0x0000000008003108       0x28 ./Drivers/STM32L4xx_HAL_Driver/Src/stm32l4xx_hal_adc.o
 .text.LL_ADC_EnableInternalRegulator
                0x0000000008003130       0x28 ./Drivers/STM32L4xx_HAL_Driver/Src/stm32l4xx_hal_adc.o
 .text.LL_ADC_IsInternalRegulatorEnabled
                0x0000000008003158       0x28 ./Drivers/STM32L4xx_HAL_Driver/Src/stm32l4xx_hal_adc.o
 .text.LL_ADC_Enable
                0x0000000008003180       0x28 ./Drivers/STM32L4xx_HAL_Driver/Src/stm32l4xx_hal_adc.o
 .text.LL_ADC_Disable
                0x00000000080031a8       0x28 ./Drivers/STM32L4xx_HAL_Driver/Src/stm32l4xx_hal_adc.o
 .text.LL_ADC_IsEnabled
                0x00000000080031d0       0x26 ./Drivers/STM32L4xx_HAL_Driver/Src/stm32l4xx_hal_adc.o
 .text.LL_ADC_IsDisableOngoing
                0x00000000080031f6       0x26 ./Drivers/STM32L4xx_HAL_Driver/Src/stm32l4xx_hal_adc.o
 .text.LL_ADC_REG_StartConversion
                0x000000000800321c       0x28 ./Drivers/STM32L4xx_HAL_Driver/Src/stm32l4xx_hal_adc.o
 .text.LL_ADC_REG_IsConversionOngoing
                0x0000000008003244       0x26 ./Drivers/STM32L4xx_HAL_Driver/Src/stm32l4xx_hal_adc.o
 .text.LL_ADC_INJ_IsConversionOngoing
                0x000000000800326a       0x26 ./Drivers/STM32L4xx_HAL_Driver/Src/stm32l4xx_hal_adc.o
 .text.HAL_ADC_Init
                0x0000000008003290      0x290 ./Drivers/STM32L4xx_HAL_Driver/Src/stm32l4xx_hal_adc.o
                0x0000000008003290                HAL_ADC_Init
 .text.HAL_ADC_Start
                0x0000000008003520       0xc6 ./Drivers/STM32L4xx_HAL_Driver/Src/stm32l4xx_hal_adc.o
                0x0000000008003520                HAL_ADC_Start
 .text.HAL_ADC_PollForConversion
                0x00000000080035e6      0x11e ./Drivers/STM32L4xx_HAL_Driver/Src/stm32l4xx_hal_adc.o
                0x00000000080035e6                HAL_ADC_PollForConversion
 .text.HAL_ADC_GetValue
                0x0000000008003704       0x1a ./Drivers/STM32L4xx_HAL_Driver/Src/stm32l4xx_hal_adc.o
                0x0000000008003704                HAL_ADC_GetValue
 *fill*         0x000000000800371e        0x2 
 .text.HAL_ADC_ConfigChannel
                0x0000000008003720      0x7c0 ./Drivers/STM32L4xx_HAL_Driver/Src/stm32l4xx_hal_adc.o
                0x0000000008003720                HAL_ADC_ConfigChannel
 .text.ADC_Enable
                0x0000000008003ee0       0xc4 ./Drivers/STM32L4xx_HAL_Driver/Src/stm32l4xx_hal_adc.o
                0x0000000008003ee0                ADC_Enable
 .text.ADC_Disable
                0x0000000008003fa4       0xbe ./Drivers/STM32L4xx_HAL_Driver/Src/stm32l4xx_hal_adc.o
                0x0000000008003fa4                ADC_Disable
 .text.LL_ADC_StartCalibration
                0x0000000008004062       0x32 ./Drivers/STM32L4xx_HAL_Driver/Src/stm32l4xx_hal_adc_ex.o
 .text.LL_ADC_IsCalibrationOnGoing
                0x0000000008004094       0x28 ./Drivers/STM32L4xx_HAL_Driver/Src/stm32l4xx_hal_adc_ex.o
 .text.HAL_ADCEx_Calibration_Start
                0x00000000080040bc       0xc0 ./Drivers/STM32L4xx_HAL_Driver/Src/stm32l4xx_hal_adc_ex.o
                0x00000000080040bc                HAL_ADCEx_Calibration_Start
 .text.__NVIC_SetPriorityGrouping
                0x000000000800417c       0x48 ./Drivers/STM32L4xx_HAL_Driver/Src/stm32l4xx_hal_cortex.o
 .text.__NVIC_GetPriorityGrouping
                0x00000000080041c4       0x1c ./Drivers/STM32L4xx_HAL_Driver/Src/stm32l4xx_hal_cortex.o
 .text.__NVIC_EnableIRQ
                0x00000000080041e0       0x3c ./Drivers/STM32L4xx_HAL_Driver/Src/stm32l4xx_hal_cortex.o
 .text.__NVIC_SetPriority
                0x000000000800421c       0x54 ./Drivers/STM32L4xx_HAL_Driver/Src/stm32l4xx_hal_cortex.o
 .text.NVIC_EncodePriority
                0x0000000008004270       0x66 ./Drivers/STM32L4xx_HAL_Driver/Src/stm32l4xx_hal_cortex.o
 *fill*         0x00000000080042d6        0x2 
 .text.SysTick_Config
                0x00000000080042d8       0x44 ./Drivers/STM32L4xx_HAL_Driver/Src/stm32l4xx_hal_cortex.o
 .text.HAL_NVIC_SetPriorityGrouping
                0x000000000800431c       0x16 ./Drivers/STM32L4xx_HAL_Driver/Src/stm32l4xx_hal_cortex.o
                0x000000000800431c                HAL_NVIC_SetPriorityGrouping
 .text.HAL_NVIC_SetPriority
                0x0000000008004332       0x38 ./Drivers/STM32L4xx_HAL_Driver/Src/stm32l4xx_hal_cortex.o
                0x0000000008004332                HAL_NVIC_SetPriority
 .text.HAL_NVIC_EnableIRQ
                0x000000000800436a       0x1c ./Drivers/STM32L4xx_HAL_Driver/Src/stm32l4xx_hal_cortex.o
                0x000000000800436a                HAL_NVIC_EnableIRQ
 .text.HAL_SYSTICK_Config
                0x0000000008004386       0x18 ./Drivers/STM32L4xx_HAL_Driver/Src/stm32l4xx_hal_cortex.o
                0x0000000008004386                HAL_SYSTICK_Config
 *fill*         0x000000000800439e        0x2 
 .text.HAL_DMA_Init
                0x00000000080043a0      0x170 ./Drivers/STM32L4xx_HAL_Driver/Src/stm32l4xx_hal_dma.o
                0x00000000080043a0                HAL_DMA_Init
 .text.HAL_DMA_Start_IT
                0x0000000008004510       0xc0 ./Drivers/STM32L4xx_HAL_Driver/Src/stm32l4xx_hal_dma.o
                0x0000000008004510                HAL_DMA_Start_IT
 .text.HAL_DMA_IRQHandler
                0x00000000080045d0      0x15e ./Drivers/STM32L4xx_HAL_Driver/Src/stm32l4xx_hal_dma.o
                0x00000000080045d0                HAL_DMA_IRQHandler
 .text.DMA_SetConfig
                0x000000000800472e       0x60 ./Drivers/STM32L4xx_HAL_Driver/Src/stm32l4xx_hal_dma.o
 *fill*         0x000000000800478e        0x2 
 .text.HAL_GPIO_Init
                0x0000000008004790      0x2d4 ./Drivers/STM32L4xx_HAL_Driver/Src/stm32l4xx_hal_gpio.o
                0x0000000008004790                HAL_GPIO_Init
 .text.HAL_GPIO_ReadPin
                0x0000000008004a64       0x30 ./Drivers/STM32L4xx_HAL_Driver/Src/stm32l4xx_hal_gpio.o
                0x0000000008004a64                HAL_GPIO_ReadPin
 .text.HAL_GPIO_WritePin
                0x0000000008004a94       0x30 ./Drivers/STM32L4xx_HAL_Driver/Src/stm32l4xx_hal_gpio.o
                0x0000000008004a94                HAL_GPIO_WritePin
 .text.HAL_GPIO_EXTI_IRQHandler
                0x0000000008004ac4       0x30 ./Drivers/STM32L4xx_HAL_Driver/Src/stm32l4xx_hal_gpio.o
                0x0000000008004ac4                HAL_GPIO_EXTI_IRQHandler
 .text.HAL_GPIO_EXTI_Callback
                0x0000000008004af4       0x16 ./Drivers/STM32L4xx_HAL_Driver/Src/stm32l4xx_hal_gpio.o
                0x0000000008004af4                HAL_GPIO_EXTI_Callback
 *fill*         0x0000000008004b0a        0x2 
 .text.HAL_PWREx_GetVoltageRange
                0x0000000008004b0c       0x1c ./Drivers/STM32L4xx_HAL_Driver/Src/stm32l4xx_hal_pwr_ex.o
                0x0000000008004b0c                HAL_PWREx_GetVoltageRange
 .text.HAL_PWREx_ControlVoltageScaling
                0x0000000008004b28       0xac ./Drivers/STM32L4xx_HAL_Driver/Src/stm32l4xx_hal_pwr_ex.o
                0x0000000008004b28                HAL_PWREx_ControlVoltageScaling
 .text.HAL_RCC_OscConfig
                0x0000000008004bd4      0x840 ./Drivers/STM32L4xx_HAL_Driver/Src/stm32l4xx_hal_rcc.o
                0x0000000008004bd4                HAL_RCC_OscConfig
 .text.HAL_RCC_ClockConfig
                0x0000000008005414      0x1c4 ./Drivers/STM32L4xx_HAL_Driver/Src/stm32l4xx_hal_rcc.o
                0x0000000008005414                HAL_RCC_ClockConfig
 .text.HAL_RCC_GetSysClockFreq
                0x00000000080055d8      0x118 ./Drivers/STM32L4xx_HAL_Driver/Src/stm32l4xx_hal_rcc.o
                0x00000000080055d8                HAL_RCC_GetSysClockFreq
 .text.HAL_RCC_GetHCLKFreq
                0x00000000080056f0       0x18 ./Drivers/STM32L4xx_HAL_Driver/Src/stm32l4xx_hal_rcc.o
                0x00000000080056f0                HAL_RCC_GetHCLKFreq
 .text.HAL_RCC_GetPCLK1Freq
                0x0000000008005708       0x2c ./Drivers/STM32L4xx_HAL_Driver/Src/stm32l4xx_hal_rcc.o
                0x0000000008005708                HAL_RCC_GetPCLK1Freq
 .text.HAL_RCC_GetPCLK2Freq
                0x0000000008005734       0x2c ./Drivers/STM32L4xx_HAL_Driver/Src/stm32l4xx_hal_rcc.o
                0x0000000008005734                HAL_RCC_GetPCLK2Freq
 .text.RCC_SetFlashLatencyFromMSIRange
                0x0000000008005760       0xc0 ./Drivers/STM32L4xx_HAL_Driver/Src/stm32l4xx_hal_rcc.o
 .text.HAL_RCCEx_PeriphCLKConfig
                0x0000000008005820      0x3e8 ./Drivers/STM32L4xx_HAL_Driver/Src/stm32l4xx_hal_rcc_ex.o
                0x0000000008005820                HAL_RCCEx_PeriphCLKConfig
 .text.RCCEx_PLLSAI1_Config
                0x0000000008005c08      0x1e4 ./Drivers/STM32L4xx_HAL_Driver/Src/stm32l4xx_hal_rcc_ex.o
 .text.HAL_TIM_Base_Init
                0x0000000008005dec       0xae ./Drivers/STM32L4xx_HAL_Driver/Src/stm32l4xx_hal_tim.o
                0x0000000008005dec                HAL_TIM_Base_Init
 *fill*         0x0000000008005e9a        0x2 
 .text.HAL_TIM_Base_Start_IT
                0x0000000008005e9c       0xa8 ./Drivers/STM32L4xx_HAL_Driver/Src/stm32l4xx_hal_tim.o
                0x0000000008005e9c                HAL_TIM_Base_Start_IT
 .text.HAL_TIM_OC_Init
                0x0000000008005f44       0xae ./Drivers/STM32L4xx_HAL_Driver/Src/stm32l4xx_hal_tim.o
                0x0000000008005f44                HAL_TIM_OC_Init
 .text.HAL_TIM_PWM_Init
                0x0000000008005ff2       0xae ./Drivers/STM32L4xx_HAL_Driver/Src/stm32l4xx_hal_tim.o
                0x0000000008005ff2                HAL_TIM_PWM_Init
 .text.HAL_TIM_IRQHandler
                0x00000000080060a0      0x23e ./Drivers/STM32L4xx_HAL_Driver/Src/stm32l4xx_hal_tim.o
                0x00000000080060a0                HAL_TIM_IRQHandler
 *fill*         0x00000000080062de        0x2 
 .text.HAL_TIM_OC_ConfigChannel
                0x00000000080062e0       0xec ./Drivers/STM32L4xx_HAL_Driver/Src/stm32l4xx_hal_tim.o
                0x00000000080062e0                HAL_TIM_OC_ConfigChannel
 .text.HAL_TIM_PWM_ConfigChannel
                0x00000000080063cc      0x220 ./Drivers/STM32L4xx_HAL_Driver/Src/stm32l4xx_hal_tim.o
                0x00000000080063cc                HAL_TIM_PWM_ConfigChannel
 .text.HAL_TIM_PeriodElapsedCallback
                0x00000000080065ec       0x14 ./Drivers/STM32L4xx_HAL_Driver/Src/stm32l4xx_hal_tim.o
                0x00000000080065ec                HAL_TIM_PeriodElapsedCallback
 .text.HAL_TIM_OC_DelayElapsedCallback
                0x0000000008006600       0x14 ./Drivers/STM32L4xx_HAL_Driver/Src/stm32l4xx_hal_tim.o
                0x0000000008006600                HAL_TIM_OC_DelayElapsedCallback
 .text.HAL_TIM_IC_CaptureCallback
                0x0000000008006614       0x14 ./Drivers/STM32L4xx_HAL_Driver/Src/stm32l4xx_hal_tim.o
                0x0000000008006614                HAL_TIM_IC_CaptureCallback
 .text.HAL_TIM_PWM_PulseFinishedCallback
                0x0000000008006628       0x14 ./Drivers/STM32L4xx_HAL_Driver/Src/stm32l4xx_hal_tim.o
                0x0000000008006628                HAL_TIM_PWM_PulseFinishedCallback
 .text.HAL_TIM_TriggerCallback
                0x000000000800663c       0x14 ./Drivers/STM32L4xx_HAL_Driver/Src/stm32l4xx_hal_tim.o
                0x000000000800663c                HAL_TIM_TriggerCallback
 .text.TIM_Base_SetConfig
                0x0000000008006650       0xc8 ./Drivers/STM32L4xx_HAL_Driver/Src/stm32l4xx_hal_tim.o
                0x0000000008006650                TIM_Base_SetConfig
 .text.TIM_OC1_SetConfig
                0x0000000008006718       0xf8 ./Drivers/STM32L4xx_HAL_Driver/Src/stm32l4xx_hal_tim.o
 .text.TIM_OC2_SetConfig
                0x0000000008006810       0xf4 ./Drivers/STM32L4xx_HAL_Driver/Src/stm32l4xx_hal_tim.o
                0x0000000008006810                TIM_OC2_SetConfig
 .text.TIM_OC3_SetConfig
                0x0000000008006904       0xf0 ./Drivers/STM32L4xx_HAL_Driver/Src/stm32l4xx_hal_tim.o
 .text.TIM_OC4_SetConfig
                0x00000000080069f4       0xbc ./Drivers/STM32L4xx_HAL_Driver/Src/stm32l4xx_hal_tim.o
 .text.TIM_OC5_SetConfig
                0x0000000008006ab0       0xb0 ./Drivers/STM32L4xx_HAL_Driver/Src/stm32l4xx_hal_tim.o
 .text.TIM_OC6_SetConfig
                0x0000000008006b60       0xb4 ./Drivers/STM32L4xx_HAL_Driver/Src/stm32l4xx_hal_tim.o
 .text.HAL_TIMEx_MasterConfigSynchronization
                0x0000000008006c14       0xcc ./Drivers/STM32L4xx_HAL_Driver/Src/stm32l4xx_hal_tim_ex.o
                0x0000000008006c14                HAL_TIMEx_MasterConfigSynchronization
 .text.HAL_TIMEx_ConfigBreakDeadTime
                0x0000000008006ce0       0xf0 ./Drivers/STM32L4xx_HAL_Driver/Src/stm32l4xx_hal_tim_ex.o
                0x0000000008006ce0                HAL_TIMEx_ConfigBreakDeadTime
 .text.HAL_TIMEx_CommutCallback
                0x0000000008006dd0       0x14 ./Drivers/STM32L4xx_HAL_Driver/Src/stm32l4xx_hal_tim_ex.o
                0x0000000008006dd0                HAL_TIMEx_CommutCallback
 .text.HAL_TIMEx_BreakCallback
                0x0000000008006de4       0x14 ./Drivers/STM32L4xx_HAL_Driver/Src/stm32l4xx_hal_tim_ex.o
                0x0000000008006de4                HAL_TIMEx_BreakCallback
 .text.HAL_TIMEx_Break2Callback
                0x0000000008006df8       0x14 ./Drivers/STM32L4xx_HAL_Driver/Src/stm32l4xx_hal_tim_ex.o
                0x0000000008006df8                HAL_TIMEx_Break2Callback
 .text.HAL_UART_Init
                0x0000000008006e0c       0x9c ./Drivers/STM32L4xx_HAL_Driver/Src/stm32l4xx_hal_uart.o
                0x0000000008006e0c                HAL_UART_Init
 .text.HAL_UART_Transmit
                0x0000000008006ea8      0x128 ./Drivers/STM32L4xx_HAL_Driver/Src/stm32l4xx_hal_uart.o
                0x0000000008006ea8                HAL_UART_Transmit
 .text.HAL_UART_Receive_DMA
                0x0000000008006fd0       0x88 ./Drivers/STM32L4xx_HAL_Driver/Src/stm32l4xx_hal_uart.o
                0x0000000008006fd0                HAL_UART_Receive_DMA
 .text.HAL_UART_RxCpltCallback
                0x0000000008007058       0x14 ./Drivers/STM32L4xx_HAL_Driver/Src/stm32l4xx_hal_uart.o
                0x0000000008007058                HAL_UART_RxCpltCallback
 .text.HAL_UART_RxHalfCpltCallback
                0x000000000800706c       0x14 ./Drivers/STM32L4xx_HAL_Driver/Src/stm32l4xx_hal_uart.o
                0x000000000800706c                HAL_UART_RxHalfCpltCallback
 .text.HAL_UART_ErrorCallback
                0x0000000008007080       0x14 ./Drivers/STM32L4xx_HAL_Driver/Src/stm32l4xx_hal_uart.o
                0x0000000008007080                HAL_UART_ErrorCallback
 .text.HAL_UARTEx_RxEventCallback
                0x0000000008007094       0x18 ./Drivers/STM32L4xx_HAL_Driver/Src/stm32l4xx_hal_uart.o
                0x0000000008007094                HAL_UARTEx_RxEventCallback
 .text.UART_SetConfig
                0x00000000080070ac      0x418 ./Drivers/STM32L4xx_HAL_Driver/Src/stm32l4xx_hal_uart.o
                0x00000000080070ac                UART_SetConfig
 .text.UART_AdvFeatureConfig
                0x00000000080074c4      0x144 ./Drivers/STM32L4xx_HAL_Driver/Src/stm32l4xx_hal_uart.o
                0x00000000080074c4                UART_AdvFeatureConfig
 .text.UART_CheckIdleState
                0x0000000008007608       0x92 ./Drivers/STM32L4xx_HAL_Driver/Src/stm32l4xx_hal_uart.o
                0x0000000008007608                UART_CheckIdleState
 .text.UART_WaitOnFlagUntilTimeout
                0x000000000800769a       0xf8 ./Drivers/STM32L4xx_HAL_Driver/Src/stm32l4xx_hal_uart.o
                0x000000000800769a                UART_WaitOnFlagUntilTimeout
 *fill*         0x0000000008007792        0x2 
 .text.UART_Start_Receive_DMA
                0x0000000008007794       0xd8 ./Drivers/STM32L4xx_HAL_Driver/Src/stm32l4xx_hal_uart.o
                0x0000000008007794                UART_Start_Receive_DMA
 .text.UART_EndTxTransfer
                0x000000000800786c       0x2a ./Drivers/STM32L4xx_HAL_Driver/Src/stm32l4xx_hal_uart.o
 .text.UART_EndRxTransfer
                0x0000000008007896       0x5e ./Drivers/STM32L4xx_HAL_Driver/Src/stm32l4xx_hal_uart.o
 .text.UART_DMAReceiveCplt
                0x00000000080078f4       0x98 ./Drivers/STM32L4xx_HAL_Driver/Src/stm32l4xx_hal_uart.o
 .text.UART_DMARxHalfCplt
                0x000000000800798c       0x38 ./Drivers/STM32L4xx_HAL_Driver/Src/stm32l4xx_hal_uart.o
 .text.UART_DMAError
                0x00000000080079c4       0x7c ./Drivers/STM32L4xx_HAL_Driver/Src/stm32l4xx_hal_uart.o
 .text.__libc_init_array
                0x0000000008007a40       0x48 /Applications/STM32CubeIDE.app/Contents/Eclipse/plugins/com.st.stm32cube.ide.mcu.externaltools.gnu-tools-for-stm32.9-2020-q2-update.macos64_2.0.0.202105311346/tools/bin/../lib/gcc/arm-none-eabi/9.3.1/../../../../arm-none-eabi/lib/thumb/v7e-m+fp/hard/libc_nano.a(lib_a-init.o)
                0x0000000008007a40                __libc_init_array
 .text.memcpy   0x0000000008007a88       0x1c /Applications/STM32CubeIDE.app/Contents/Eclipse/plugins/com.st.stm32cube.ide.mcu.externaltools.gnu-tools-for-stm32.9-2020-q2-update.macos64_2.0.0.202105311346/tools/bin/../lib/gcc/arm-none-eabi/9.3.1/../../../../arm-none-eabi/lib/thumb/v7e-m+fp/hard/libc_nano.a(lib_a-memcpy-stub.o)
                0x0000000008007a88                memcpy
 .text.memset   0x0000000008007aa4       0x10 /Applications/STM32CubeIDE.app/Contents/Eclipse/plugins/com.st.stm32cube.ide.mcu.externaltools.gnu-tools-for-stm32.9-2020-q2-update.macos64_2.0.0.202105311346/tools/bin/../lib/gcc/arm-none-eabi/9.3.1/../../../../arm-none-eabi/lib/thumb/v7e-m+fp/hard/libc_nano.a(lib_a-memset.o)
                0x0000000008007aa4                memset
 *fill*         0x0000000008007ab4        0x4 
 .text.cos      0x0000000008007ab8       0xa0 /Applications/STM32CubeIDE.app/Contents/Eclipse/plugins/com.st.stm32cube.ide.mcu.externaltools.gnu-tools-for-stm32.9-2020-q2-update.macos64_2.0.0.202105311346/tools/bin/../lib/gcc/arm-none-eabi/9.3.1/../../../../arm-none-eabi/lib/thumb/v7e-m+fp/hard/libm.a(lib_a-s_cos.o)
                0x0000000008007ab8                cos
 .text.sin      0x0000000008007b58       0xa8 /Applications/STM32CubeIDE.app/Contents/Eclipse/plugins/com.st.stm32cube.ide.mcu.externaltools.gnu-tools-for-stm32.9-2020-q2-update.macos64_2.0.0.202105311346/tools/bin/../lib/gcc/arm-none-eabi/9.3.1/../../../../arm-none-eabi/lib/thumb/v7e-m+fp/hard/libm.a(lib_a-s_sin.o)
                0x0000000008007b58                sin
 .text.__ieee754_rem_pio2
                0x0000000008007c00      0x414 /Applications/STM32CubeIDE.app/Contents/Eclipse/plugins/com.st.stm32cube.ide.mcu.externaltools.gnu-tools-for-stm32.9-2020-q2-update.macos64_2.0.0.202105311346/tools/bin/../lib/gcc/arm-none-eabi/9.3.1/../../../../arm-none-eabi/lib/thumb/v7e-m+fp/hard/libm.a(lib_a-e_rem_pio2.o)
                0x0000000008007c00                __ieee754_rem_pio2
 *fill*         0x0000000008008014        0x4 
 .text.__kernel_cos
                0x0000000008008018      0x18c /Applications/STM32CubeIDE.app/Contents/Eclipse/plugins/com.st.stm32cube.ide.mcu.externaltools.gnu-tools-for-stm32.9-2020-q2-update.macos64_2.0.0.202105311346/tools/bin/../lib/gcc/arm-none-eabi/9.3.1/../../../../arm-none-eabi/lib/thumb/v7e-m+fp/hard/libm.a(lib_a-k_cos.o)
                0x0000000008008018                __kernel_cos
 *fill*         0x00000000080081a4        0x4 
 .text.__kernel_rem_pio2
                0x00000000080081a8      0x680 /Applications/STM32CubeIDE.app/Contents/Eclipse/plugins/com.st.stm32cube.ide.mcu.externaltools.gnu-tools-for-stm32.9-2020-q2-update.macos64_2.0.0.202105311346/tools/bin/../lib/gcc/arm-none-eabi/9.3.1/../../../../arm-none-eabi/lib/thumb/v7e-m+fp/hard/libm.a(lib_a-k_rem_pio2.o)
                0x00000000080081a8                __kernel_rem_pio2
 .text.__kernel_sin
                0x0000000008008828      0x17c /Applications/STM32CubeIDE.app/Contents/Eclipse/plugins/com.st.stm32cube.ide.mcu.externaltools.gnu-tools-for-stm32.9-2020-q2-update.macos64_2.0.0.202105311346/tools/bin/../lib/gcc/arm-none-eabi/9.3.1/../../../../arm-none-eabi/lib/thumb/v7e-m+fp/hard/libm.a(lib_a-k_sin.o)
                0x0000000008008828                __kernel_sin
 .text.fabs     0x00000000080089a4       0x12 /Applications/STM32CubeIDE.app/Contents/Eclipse/plugins/com.st.stm32cube.ide.mcu.externaltools.gnu-tools-for-stm32.9-2020-q2-update.macos64_2.0.0.202105311346/tools/bin/../lib/gcc/arm-none-eabi/9.3.1/../../../../arm-none-eabi/lib/thumb/v7e-m+fp/hard/libm.a(lib_a-s_fabs.o)
                0x00000000080089a4                fabs
 *fill*         0x00000000080089b6        0x2 
 .text.floor    0x00000000080089b8      0x100 /Applications/STM32CubeIDE.app/Contents/Eclipse/plugins/com.st.stm32cube.ide.mcu.externaltools.gnu-tools-for-stm32.9-2020-q2-update.macos64_2.0.0.202105311346/tools/bin/../lib/gcc/arm-none-eabi/9.3.1/../../../../arm-none-eabi/lib/thumb/v7e-m+fp/hard/libm.a(lib_a-s_floor.o)
                0x00000000080089b8                floor
 .text.scalbn   0x0000000008008ab8      0x10c /Applications/STM32CubeIDE.app/Contents/Eclipse/plugins/com.st.stm32cube.ide.mcu.externaltools.gnu-tools-for-stm32.9-2020-q2-update.macos64_2.0.0.202105311346/tools/bin/../lib/gcc/arm-none-eabi/9.3.1/../../../../arm-none-eabi/lib/thumb/v7e-m+fp/hard/libm.a(lib_a-s_scalbn.o)
                0x0000000008008ab8                scalbn
 *(.glue_7)
 .glue_7        0x0000000008008bc4        0x0 linker stubs
 *(.glue_7t)
 .glue_7t       0x0000000008008bc4        0x0 linker stubs
 *(.eh_frame)
 .eh_frame      0x0000000008008bc4        0x0 /Applications/STM32CubeIDE.app/Contents/Eclipse/plugins/com.st.stm32cube.ide.mcu.externaltools.gnu-tools-for-stm32.9-2020-q2-update.macos64_2.0.0.202105311346/tools/bin/../lib/gcc/arm-none-eabi/9.3.1/thumb/v7e-m+fp/hard/crtbegin.o
 *(.init)
 .init          0x0000000008008bc4        0x4 /Applications/STM32CubeIDE.app/Contents/Eclipse/plugins/com.st.stm32cube.ide.mcu.externaltools.gnu-tools-for-stm32.9-2020-q2-update.macos64_2.0.0.202105311346/tools/bin/../lib/gcc/arm-none-eabi/9.3.1/thumb/v7e-m+fp/hard/crti.o
                0x0000000008008bc4                _init
 .init          0x0000000008008bc8        0x8 /Applications/STM32CubeIDE.app/Contents/Eclipse/plugins/com.st.stm32cube.ide.mcu.externaltools.gnu-tools-for-stm32.9-2020-q2-update.macos64_2.0.0.202105311346/tools/bin/../lib/gcc/arm-none-eabi/9.3.1/thumb/v7e-m+fp/hard/crtn.o
 *(.fini)
 .fini          0x0000000008008bd0        0x4 /Applications/STM32CubeIDE.app/Contents/Eclipse/plugins/com.st.stm32cube.ide.mcu.externaltools.gnu-tools-for-stm32.9-2020-q2-update.macos64_2.0.0.202105311346/tools/bin/../lib/gcc/arm-none-eabi/9.3.1/thumb/v7e-m+fp/hard/crti.o
                0x0000000008008bd0                _fini
 .fini          0x0000000008008bd4        0x8 /Applications/STM32CubeIDE.app/Contents/Eclipse/plugins/com.st.stm32cube.ide.mcu.externaltools.gnu-tools-for-stm32.9-2020-q2-update.macos64_2.0.0.202105311346/tools/bin/../lib/gcc/arm-none-eabi/9.3.1/thumb/v7e-m+fp/hard/crtn.o
                0x0000000008008bdc                . = ALIGN (0x4)
                0x0000000008008bdc                _etext = .

.vfp11_veneer   0x0000000008008bdc        0x0
 .vfp11_veneer  0x0000000008008bdc        0x0 linker stubs

.v4_bx          0x0000000008008bdc        0x0
 .v4_bx         0x0000000008008bdc        0x0 linker stubs

.iplt           0x0000000008008bdc        0x0
 .iplt          0x0000000008008bdc        0x0 /Applications/STM32CubeIDE.app/Contents/Eclipse/plugins/com.st.stm32cube.ide.mcu.externaltools.gnu-tools-for-stm32.9-2020-q2-update.macos64_2.0.0.202105311346/tools/bin/../lib/gcc/arm-none-eabi/9.3.1/thumb/v7e-m+fp/hard/crtbegin.o

.rodata         0x0000000008008be0      0x220
                0x0000000008008be0                . = ALIGN (0x4)
 *(.rodata)
 *(.rodata*)
 .rodata.AHBPrescTable
                0x0000000008008be0       0x10 ./Core/Src/system_stm32l4xx.o
                0x0000000008008be0                AHBPrescTable
 .rodata.APBPrescTable
                0x0000000008008bf0        0x8 ./Core/Src/system_stm32l4xx.o
                0x0000000008008bf0                APBPrescTable
 .rodata.MSIRangeTable
                0x0000000008008bf8       0x30 ./Core/Src/system_stm32l4xx.o
                0x0000000008008bf8                MSIRangeTable
 .rodata.npio2_hw
                0x0000000008008c28       0x80 /Applications/STM32CubeIDE.app/Contents/Eclipse/plugins/com.st.stm32cube.ide.mcu.externaltools.gnu-tools-for-stm32.9-2020-q2-update.macos64_2.0.0.202105311346/tools/bin/../lib/gcc/arm-none-eabi/9.3.1/../../../../arm-none-eabi/lib/thumb/v7e-m+fp/hard/libm.a(lib_a-e_rem_pio2.o)
 .rodata.two_over_pi
                0x0000000008008ca8      0x108 /Applications/STM32CubeIDE.app/Contents/Eclipse/plugins/com.st.stm32cube.ide.mcu.externaltools.gnu-tools-for-stm32.9-2020-q2-update.macos64_2.0.0.202105311346/tools/bin/../lib/gcc/arm-none-eabi/9.3.1/../../../../arm-none-eabi/lib/thumb/v7e-m+fp/hard/libm.a(lib_a-e_rem_pio2.o)
 .rodata.PIo2   0x0000000008008db0       0x40 /Applications/STM32CubeIDE.app/Contents/Eclipse/plugins/com.st.stm32cube.ide.mcu.externaltools.gnu-tools-for-stm32.9-2020-q2-update.macos64_2.0.0.202105311346/tools/bin/../lib/gcc/arm-none-eabi/9.3.1/../../../../arm-none-eabi/lib/thumb/v7e-m+fp/hard/libm.a(lib_a-k_rem_pio2.o)
 .rodata.init_jk
                0x0000000008008df0       0x10 /Applications/STM32CubeIDE.app/Contents/Eclipse/plugins/com.st.stm32cube.ide.mcu.externaltools.gnu-tools-for-stm32.9-2020-q2-update.macos64_2.0.0.202105311346/tools/bin/../lib/gcc/arm-none-eabi/9.3.1/../../../../arm-none-eabi/lib/thumb/v7e-m+fp/hard/libm.a(lib_a-k_rem_pio2.o)
                0x0000000008008e00                . = ALIGN (0x4)

.ARM.extab      0x0000000008008e00        0x0
                0x0000000008008e00                . = ALIGN (0x4)
 *(.ARM.extab* .gnu.linkonce.armextab.*)
                0x0000000008008e00                . = ALIGN (0x4)

.ARM            0x0000000008008e00        0x8
                0x0000000008008e00                . = ALIGN (0x4)
                0x0000000008008e00                __exidx_start = .
 *(.ARM.exidx*)
 .ARM.exidx     0x0000000008008e00        0x8 /Applications/STM32CubeIDE.app/Contents/Eclipse/plugins/com.st.stm32cube.ide.mcu.externaltools.gnu-tools-for-stm32.9-2020-q2-update.macos64_2.0.0.202105311346/tools/bin/../lib/gcc/arm-none-eabi/9.3.1/thumb/v7e-m+fp/hard/libgcc.a(_udivmoddi4.o)
                0x0000000008008e08                __exidx_end = .
                0x0000000008008e08                . = ALIGN (0x4)

.rel.dyn        0x0000000008008e08        0x0
 .rel.iplt      0x0000000008008e08        0x0 /Applications/STM32CubeIDE.app/Contents/Eclipse/plugins/com.st.stm32cube.ide.mcu.externaltools.gnu-tools-for-stm32.9-2020-q2-update.macos64_2.0.0.202105311346/tools/bin/../lib/gcc/arm-none-eabi/9.3.1/thumb/v7e-m+fp/hard/crtbegin.o

.preinit_array  0x0000000008008e08        0x0
                0x0000000008008e08                . = ALIGN (0x4)
                0x0000000008008e08                PROVIDE (__preinit_array_start = .)
 *(.preinit_array*)
                0x0000000008008e08                PROVIDE (__preinit_array_end = .)
                0x0000000008008e08                . = ALIGN (0x4)

.init_array     0x0000000008008e08        0x4
                0x0000000008008e08                . = ALIGN (0x4)
                0x0000000008008e08                PROVIDE (__init_array_start = .)
 *(SORT_BY_NAME(.init_array.*))
 *(.init_array*)
 .init_array    0x0000000008008e08        0x4 /Applications/STM32CubeIDE.app/Contents/Eclipse/plugins/com.st.stm32cube.ide.mcu.externaltools.gnu-tools-for-stm32.9-2020-q2-update.macos64_2.0.0.202105311346/tools/bin/../lib/gcc/arm-none-eabi/9.3.1/thumb/v7e-m+fp/hard/crtbegin.o
                0x0000000008008e0c                PROVIDE (__init_array_end = .)
                0x0000000008008e0c                . = ALIGN (0x4)

.fini_array     0x0000000008008e0c        0x4
                0x0000000008008e0c                . = ALIGN (0x4)
                [!provide]                        PROVIDE (__fini_array_start = .)
 *(SORT_BY_NAME(.fini_array.*))
 *(.fini_array*)
 .fini_array    0x0000000008008e0c        0x4 /Applications/STM32CubeIDE.app/Contents/Eclipse/plugins/com.st.stm32cube.ide.mcu.externaltools.gnu-tools-for-stm32.9-2020-q2-update.macos64_2.0.0.202105311346/tools/bin/../lib/gcc/arm-none-eabi/9.3.1/thumb/v7e-m+fp/hard/crtbegin.o
                [!provide]                        PROVIDE (__fini_array_end = .)
                0x0000000008008e10                . = ALIGN (0x4)
                0x0000000008008e10                _sidata = LOADADDR (.data)

.data           0x0000000020000000       0x18 load address 0x0000000008008e10
                0x0000000020000000                . = ALIGN (0x4)
                0x0000000020000000                _sdata = .
 *(.data)
 *(.data*)
 .data.uart_in_lastStart
                0x0000000020000000        0x4 ./Core/Src/main.o
                0x0000000020000000                uart_in_lastStart
 .data.voltageMeasScaling
                0x0000000020000004        0x4 ./Core/Src/main.o
                0x0000000020000004                voltageMeasScaling
 .data.angularResolution
                0x0000000020000008        0x4 ./Core/Src/orientation.o
                0x0000000020000008                angularResolution
 .data.SystemCoreClock
                0x000000002000000c        0x4 ./Core/Src/system_stm32l4xx.o
                0x000000002000000c                SystemCoreClock
 .data.uwTickPrio
                0x0000000020000010        0x4 ./Drivers/STM32L4xx_HAL_Driver/Src/stm32l4xx_hal.o
                0x0000000020000010                uwTickPrio
 .data.uwTickFreq
                0x0000000020000014        0x1 ./Drivers/STM32L4xx_HAL_Driver/Src/stm32l4xx_hal.o
                0x0000000020000014                uwTickFreq
 *(.RamFunc)
 *(.RamFunc*)
                0x0000000020000018                . = ALIGN (0x4)
 *fill*         0x0000000020000015        0x3 
                0x0000000020000018                _edata = .

.igot.plt       0x0000000020000018        0x0 load address 0x0000000008008e28
 .igot.plt      0x0000000020000018        0x0 /Applications/STM32CubeIDE.app/Contents/Eclipse/plugins/com.st.stm32cube.ide.mcu.externaltools.gnu-tools-for-stm32.9-2020-q2-update.macos64_2.0.0.202105311346/tools/bin/../lib/gcc/arm-none-eabi/9.3.1/thumb/v7e-m+fp/hard/crtbegin.o
                0x0000000020000018                . = ALIGN (0x4)

.bss            0x0000000020000018      0x4cc load address 0x0000000008008e28
                0x0000000020000018                _sbss = .
                0x0000000020000018                __bss_start__ = _sbss
 *(.bss)
 .bss           0x0000000020000018       0x1c /Applications/STM32CubeIDE.app/Contents/Eclipse/plugins/com.st.stm32cube.ide.mcu.externaltools.gnu-tools-for-stm32.9-2020-q2-update.macos64_2.0.0.202105311346/tools/bin/../lib/gcc/arm-none-eabi/9.3.1/thumb/v7e-m+fp/hard/crtbegin.o
 *(.bss*)
 .bss.validStartDelimiter
                0x0000000020000034        0x1 ./Core/Src/main.o
                0x0000000020000034                validStartDelimiter
 *fill*         0x0000000020000035        0x3 
 .bss.uart_in_read_ptr
                0x0000000020000038        0x4 ./Core/Src/main.o
                0x0000000020000038                uart_in_read_ptr
 .bss.uart_dma_laps_ahead
                0x000000002000003c        0x4 ./Core/Src/main.o
                0x000000002000003c                uart_dma_laps_ahead
 .bss.uart_in   0x0000000020000040      0x100 ./Core/Src/main.o
                0x0000000020000040                uart_in
 .bss.uart_in_escapes
                0x0000000020000140        0x4 ./Core/Src/main.o
                0x0000000020000140                uart_in_escapes
 .bss.batteryVoltage
                0x0000000020000144        0x4 ./Core/Src/main.o
                0x0000000020000144                batteryVoltage
 .bss.spamCheckY
                0x0000000020000148        0x4 ./Core/Src/main.o
                0x0000000020000148                spamCheckY
 .bss.spamCheckX
                0x000000002000014c        0x4 ./Core/Src/main.o
                0x000000002000014c                spamCheckX
 .bss.spamCheckPhi
                0x0000000020000150        0x4 ./Core/Src/main.o
                0x0000000020000150                spamCheckPhi
 .bss.packedMotorData
                0x0000000020000154       0x32 ./Core/Src/main.o
                0x0000000020000154                packedMotorData
 *fill*         0x0000000020000186        0x2 
 .bss.posX      0x0000000020000188        0x4 ./Core/Src/main.o
                0x0000000020000188                posX
 .bss.posXPrev  0x000000002000018c        0x4 ./Core/Src/main.o
                0x000000002000018c                posXPrev
 .bss.posY      0x0000000020000190        0x4 ./Core/Src/main.o
                0x0000000020000190                posY
 .bss.posYPrev  0x0000000020000194        0x4 ./Core/Src/main.o
                0x0000000020000194                posYPrev
 .bss.posPhi    0x0000000020000198        0x4 ./Core/Src/main.o
                0x0000000020000198                posPhi
 .bss.posPhiPrev
                0x000000002000019c        0x4 ./Core/Src/main.o
                0x000000002000019c                posPhiPrev
 .bss.velX      0x00000000200001a0        0x4 ./Core/Src/main.o
                0x00000000200001a0                velX
 .bss.velY      0x00000000200001a4        0x4 ./Core/Src/main.o
                0x00000000200001a4                velY
 .bss.velPhi    0x00000000200001a8        0x4 ./Core/Src/main.o
                0x00000000200001a8                velPhi
 .bss.position  0x00000000200001ac       0x19 ./Core/Src/main.o
                0x00000000200001ac                position
 .bss.directionOrient
                0x00000000200001c5        0x1 ./Core/Src/orientation.o
                0x00000000200001c5                directionOrient
 .bss.orientIncrement
                0x00000000200001c6        0x2 ./Core/Src/orientation.o
                0x00000000200001c6                orientIncrement
 .bss.orientAngle
                0x00000000200001c8        0x4 ./Core/Src/orientation.o
                0x00000000200001c8                orientAngle
 .bss.spamCheckDirOrient
                0x00000000200001cc        0x1 ./Core/Src/orientation.o
                0x00000000200001cc                spamCheckDirOrient
 *fill*         0x00000000200001cd        0x3 
 .bss.spamCheckOrientAngle
                0x00000000200001d0        0x4 ./Core/Src/orientation.o
                0x00000000200001d0                spamCheckOrientAngle
 .bss.packedOrientData
                0x00000000200001d4       0x32 ./Core/Src/orientation.o
                0x00000000200001d4                packedOrientData
 *fill*         0x0000000020000206        0x2 
 .bss.angularPosition
                0x0000000020000208        0x5 ./Core/Src/orientation.o
                0x0000000020000208                angularPosition
 *(COMMON)
 *fill*         0x000000002000020d        0x3 
 COMMON         0x0000000020000210      0x2d0 ./Core/Src/main.o
                0x0000000020000210                hdma_usart2_rx
                0x0000000020000258                motorR
                0x0000000020000260                motorL
                0x0000000020000268                positionCalculationPeriod
                0x000000002000026c                controllerL
                0x0000000020000284                hadc1
                0x00000000200002e8                controllerPeriod
                0x00000000200002ec                htim6
                0x0000000020000338                controllerR
                0x0000000020000350                htim1
                0x000000002000039c                htim2
                0x00000000200003e8                huart2
                0x000000002000046c                encoderL
                0x0000000020000480                htim7
                0x00000000200004cc                encoderR
 COMMON         0x00000000200004e0        0x4 ./Drivers/STM32L4xx_HAL_Driver/Src/stm32l4xx_hal.o
                0x00000000200004e0                uwTick
                0x00000000200004e4                . = ALIGN (0x4)
                0x00000000200004e4                _ebss = .
                0x00000000200004e4                __bss_end__ = _ebss

._user_heap_stack
                0x00000000200004e4      0x604 load address 0x0000000008008e28
                0x00000000200004e8                . = ALIGN (0x8)
 *fill*         0x00000000200004e4        0x4 
                [!provide]                        PROVIDE (end = .)
                0x00000000200004e8                PROVIDE (_end = .)
                0x00000000200006e8                . = (. + _Min_Heap_Size)
 *fill*         0x00000000200004e8      0x200 
                0x0000000020000ae8                . = (. + _Min_Stack_Size)
 *fill*         0x00000000200006e8      0x400 
                0x0000000020000ae8                . = ALIGN (0x8)

/DISCARD/
 libc.a(*)
 libm.a(*)
 libgcc.a(*)

.ARM.attributes
                0x0000000000000000       0x30
 *(.ARM.attributes)
 .ARM.attributes
                0x0000000000000000       0x1e /Applications/STM32CubeIDE.app/Contents/Eclipse/plugins/com.st.stm32cube.ide.mcu.externaltools.gnu-tools-for-stm32.9-2020-q2-update.macos64_2.0.0.202105311346/tools/bin/../lib/gcc/arm-none-eabi/9.3.1/thumb/v7e-m+fp/hard/crti.o
 .ARM.attributes
                0x000000000000001e       0x34 /Applications/STM32CubeIDE.app/Contents/Eclipse/plugins/com.st.stm32cube.ide.mcu.externaltools.gnu-tools-for-stm32.9-2020-q2-update.macos64_2.0.0.202105311346/tools/bin/../lib/gcc/arm-none-eabi/9.3.1/thumb/v7e-m+fp/hard/crtbegin.o
 .ARM.attributes
                0x0000000000000052       0x34 ./Core/Src/comm_relay.o
 .ARM.attributes
                0x0000000000000086       0x34 ./Core/Src/main.o
 .ARM.attributes
                0x00000000000000ba       0x34 ./Core/Src/orientation.o
 .ARM.attributes
                0x00000000000000ee       0x34 ./Core/Src/stm32l4xx_hal_msp.o
 .ARM.attributes
                0x0000000000000122       0x34 ./Core/Src/stm32l4xx_it.o
 .ARM.attributes
                0x0000000000000156       0x34 ./Core/Src/system_stm32l4xx.o
 .ARM.attributes
                0x000000000000018a       0x21 ./Core/Startup/startup_stm32l432kcux.o
 .ARM.attributes
                0x00000000000001ab       0x34 ./Drivers/STM32L4xx_HAL_Driver/Src/stm32l4xx_hal.o
 .ARM.attributes
                0x00000000000001df       0x34 ./Drivers/STM32L4xx_HAL_Driver/Src/stm32l4xx_hal_adc.o
 .ARM.attributes
                0x0000000000000213       0x34 ./Drivers/STM32L4xx_HAL_Driver/Src/stm32l4xx_hal_adc_ex.o
 .ARM.attributes
                0x0000000000000247       0x34 ./Drivers/STM32L4xx_HAL_Driver/Src/stm32l4xx_hal_cortex.o
 .ARM.attributes
                0x000000000000027b       0x34 ./Drivers/STM32L4xx_HAL_Driver/Src/stm32l4xx_hal_dma.o
 .ARM.attributes
                0x00000000000002af       0x34 ./Drivers/STM32L4xx_HAL_Driver/Src/stm32l4xx_hal_gpio.o
 .ARM.attributes
                0x00000000000002e3       0x34 ./Drivers/STM32L4xx_HAL_Driver/Src/stm32l4xx_hal_pwr_ex.o
 .ARM.attributes
                0x0000000000000317       0x34 ./Drivers/STM32L4xx_HAL_Driver/Src/stm32l4xx_hal_rcc.o
 .ARM.attributes
                0x000000000000034b       0x34 ./Drivers/STM32L4xx_HAL_Driver/Src/stm32l4xx_hal_rcc_ex.o
 .ARM.attributes
                0x000000000000037f       0x34 ./Drivers/STM32L4xx_HAL_Driver/Src/stm32l4xx_hal_tim.o
 .ARM.attributes
                0x00000000000003b3       0x34 ./Drivers/STM32L4xx_HAL_Driver/Src/stm32l4xx_hal_tim_ex.o
 .ARM.attributes
                0x00000000000003e7       0x34 ./Drivers/STM32L4xx_HAL_Driver/Src/stm32l4xx_hal_uart.o
 .ARM.attributes
                0x000000000000041b       0x34 /Applications/STM32CubeIDE.app/Contents/Eclipse/plugins/com.st.stm32cube.ide.mcu.externaltools.gnu-tools-for-stm32.9-2020-q2-update.macos64_2.0.0.202105311346/tools/bin/../lib/gcc/arm-none-eabi/9.3.1/../../../../arm-none-eabi/lib/thumb/v7e-m+fp/hard/libc_nano.a(lib_a-init.o)
 .ARM.attributes
                0x000000000000044f       0x34 /Applications/STM32CubeIDE.app/Contents/Eclipse/plugins/com.st.stm32cube.ide.mcu.externaltools.gnu-tools-for-stm32.9-2020-q2-update.macos64_2.0.0.202105311346/tools/bin/../lib/gcc/arm-none-eabi/9.3.1/../../../../arm-none-eabi/lib/thumb/v7e-m+fp/hard/libc_nano.a(lib_a-memcpy-stub.o)
 .ARM.attributes
                0x0000000000000483       0x34 /Applications/STM32CubeIDE.app/Contents/Eclipse/plugins/com.st.stm32cube.ide.mcu.externaltools.gnu-tools-for-stm32.9-2020-q2-update.macos64_2.0.0.202105311346/tools/bin/../lib/gcc/arm-none-eabi/9.3.1/../../../../arm-none-eabi/lib/thumb/v7e-m+fp/hard/libc_nano.a(lib_a-memset.o)
 .ARM.attributes
                0x00000000000004b7       0x34 /Applications/STM32CubeIDE.app/Contents/Eclipse/plugins/com.st.stm32cube.ide.mcu.externaltools.gnu-tools-for-stm32.9-2020-q2-update.macos64_2.0.0.202105311346/tools/bin/../lib/gcc/arm-none-eabi/9.3.1/../../../../arm-none-eabi/lib/thumb/v7e-m+fp/hard/libm.a(lib_a-s_cos.o)
 .ARM.attributes
                0x00000000000004eb       0x34 /Applications/STM32CubeIDE.app/Contents/Eclipse/plugins/com.st.stm32cube.ide.mcu.externaltools.gnu-tools-for-stm32.9-2020-q2-update.macos64_2.0.0.202105311346/tools/bin/../lib/gcc/arm-none-eabi/9.3.1/../../../../arm-none-eabi/lib/thumb/v7e-m+fp/hard/libm.a(lib_a-s_sin.o)
 .ARM.attributes
                0x000000000000051f       0x34 /Applications/STM32CubeIDE.app/Contents/Eclipse/plugins/com.st.stm32cube.ide.mcu.externaltools.gnu-tools-for-stm32.9-2020-q2-update.macos64_2.0.0.202105311346/tools/bin/../lib/gcc/arm-none-eabi/9.3.1/../../../../arm-none-eabi/lib/thumb/v7e-m+fp/hard/libm.a(lib_a-e_rem_pio2.o)
 .ARM.attributes
                0x0000000000000553       0x34 /Applications/STM32CubeIDE.app/Contents/Eclipse/plugins/com.st.stm32cube.ide.mcu.externaltools.gnu-tools-for-stm32.9-2020-q2-update.macos64_2.0.0.202105311346/tools/bin/../lib/gcc/arm-none-eabi/9.3.1/../../../../arm-none-eabi/lib/thumb/v7e-m+fp/hard/libm.a(lib_a-k_cos.o)
 .ARM.attributes
                0x0000000000000587       0x34 /Applications/STM32CubeIDE.app/Contents/Eclipse/plugins/com.st.stm32cube.ide.mcu.externaltools.gnu-tools-for-stm32.9-2020-q2-update.macos64_2.0.0.202105311346/tools/bin/../lib/gcc/arm-none-eabi/9.3.1/../../../../arm-none-eabi/lib/thumb/v7e-m+fp/hard/libm.a(lib_a-k_rem_pio2.o)
 .ARM.attributes
                0x00000000000005bb       0x34 /Applications/STM32CubeIDE.app/Contents/Eclipse/plugins/com.st.stm32cube.ide.mcu.externaltools.gnu-tools-for-stm32.9-2020-q2-update.macos64_2.0.0.202105311346/tools/bin/../lib/gcc/arm-none-eabi/9.3.1/../../../../arm-none-eabi/lib/thumb/v7e-m+fp/hard/libm.a(lib_a-k_sin.o)
 .ARM.attributes
                0x00000000000005ef       0x34 /Applications/STM32CubeIDE.app/Contents/Eclipse/plugins/com.st.stm32cube.ide.mcu.externaltools.gnu-tools-for-stm32.9-2020-q2-update.macos64_2.0.0.202105311346/tools/bin/../lib/gcc/arm-none-eabi/9.3.1/../../../../arm-none-eabi/lib/thumb/v7e-m+fp/hard/libm.a(lib_a-s_fabs.o)
 .ARM.attributes
                0x0000000000000623       0x34 /Applications/STM32CubeIDE.app/Contents/Eclipse/plugins/com.st.stm32cube.ide.mcu.externaltools.gnu-tools-for-stm32.9-2020-q2-update.macos64_2.0.0.202105311346/tools/bin/../lib/gcc/arm-none-eabi/9.3.1/../../../../arm-none-eabi/lib/thumb/v7e-m+fp/hard/libm.a(lib_a-s_floor.o)
 .ARM.attributes
                0x0000000000000657       0x34 /Applications/STM32CubeIDE.app/Contents/Eclipse/plugins/com.st.stm32cube.ide.mcu.externaltools.gnu-tools-for-stm32.9-2020-q2-update.macos64_2.0.0.202105311346/tools/bin/../lib/gcc/arm-none-eabi/9.3.1/../../../../arm-none-eabi/lib/thumb/v7e-m+fp/hard/libm.a(lib_a-s_scalbn.o)
 .ARM.attributes
                0x000000000000068b       0x1e /Applications/STM32CubeIDE.app/Contents/Eclipse/plugins/com.st.stm32cube.ide.mcu.externaltools.gnu-tools-for-stm32.9-2020-q2-update.macos64_2.0.0.202105311346/tools/bin/../lib/gcc/arm-none-eabi/9.3.1/thumb/v7e-m+fp/hard/libgcc.a(_arm_addsubdf3.o)
 .ARM.attributes
                0x00000000000006a9       0x1e /Applications/STM32CubeIDE.app/Contents/Eclipse/plugins/com.st.stm32cube.ide.mcu.externaltools.gnu-tools-for-stm32.9-2020-q2-update.macos64_2.0.0.202105311346/tools/bin/../lib/gcc/arm-none-eabi/9.3.1/thumb/v7e-m+fp/hard/libgcc.a(_arm_muldivdf3.o)
 .ARM.attributes
                0x00000000000006c7       0x1e /Applications/STM32CubeIDE.app/Contents/Eclipse/plugins/com.st.stm32cube.ide.mcu.externaltools.gnu-tools-for-stm32.9-2020-q2-update.macos64_2.0.0.202105311346/tools/bin/../lib/gcc/arm-none-eabi/9.3.1/thumb/v7e-m+fp/hard/libgcc.a(_arm_cmpdf2.o)
 .ARM.attributes
                0x00000000000006e5       0x1e /Applications/STM32CubeIDE.app/Contents/Eclipse/plugins/com.st.stm32cube.ide.mcu.externaltools.gnu-tools-for-stm32.9-2020-q2-update.macos64_2.0.0.202105311346/tools/bin/../lib/gcc/arm-none-eabi/9.3.1/thumb/v7e-m+fp/hard/libgcc.a(_arm_fixdfsi.o)
 .ARM.attributes
                0x0000000000000703       0x1e /Applications/STM32CubeIDE.app/Contents/Eclipse/plugins/com.st.stm32cube.ide.mcu.externaltools.gnu-tools-for-stm32.9-2020-q2-update.macos64_2.0.0.202105311346/tools/bin/../lib/gcc/arm-none-eabi/9.3.1/thumb/v7e-m+fp/hard/libgcc.a(_arm_truncdfsf2.o)
 .ARM.attributes
                0x0000000000000721       0x1e /Applications/STM32CubeIDE.app/Contents/Eclipse/plugins/com.st.stm32cube.ide.mcu.externaltools.gnu-tools-for-stm32.9-2020-q2-update.macos64_2.0.0.202105311346/tools/bin/../lib/gcc/arm-none-eabi/9.3.1/thumb/v7e-m+fp/hard/libgcc.a(_aeabi_uldivmod.o)
 .ARM.attributes
                0x000000000000073f       0x34 /Applications/STM32CubeIDE.app/Contents/Eclipse/plugins/com.st.stm32cube.ide.mcu.externaltools.gnu-tools-for-stm32.9-2020-q2-update.macos64_2.0.0.202105311346/tools/bin/../lib/gcc/arm-none-eabi/9.3.1/thumb/v7e-m+fp/hard/libgcc.a(_udivmoddi4.o)
 .ARM.attributes
                0x0000000000000773       0x1e /Applications/STM32CubeIDE.app/Contents/Eclipse/plugins/com.st.stm32cube.ide.mcu.externaltools.gnu-tools-for-stm32.9-2020-q2-update.macos64_2.0.0.202105311346/tools/bin/../lib/gcc/arm-none-eabi/9.3.1/thumb/v7e-m+fp/hard/libgcc.a(_dvmd_tls.o)
 .ARM.attributes
                0x0000000000000791       0x1e /Applications/STM32CubeIDE.app/Contents/Eclipse/plugins/com.st.stm32cube.ide.mcu.externaltools.gnu-tools-for-stm32.9-2020-q2-update.macos64_2.0.0.202105311346/tools/bin/../lib/gcc/arm-none-eabi/9.3.1/thumb/v7e-m+fp/hard/crtn.o
OUTPUT(MotorController.elf elf32-littlearm)
LOAD linker stubs
LOAD /Applications/STM32CubeIDE.app/Contents/Eclipse/plugins/com.st.stm32cube.ide.mcu.externaltools.gnu-tools-for-stm32.9-2020-q2-update.macos64_2.0.0.202105311346/tools/bin/../lib/gcc/arm-none-eabi/9.3.1/../../../../arm-none-eabi/lib/thumb/v7e-m+fp/hard/libc.a
LOAD /Applications/STM32CubeIDE.app/Contents/Eclipse/plugins/com.st.stm32cube.ide.mcu.externaltools.gnu-tools-for-stm32.9-2020-q2-update.macos64_2.0.0.202105311346/tools/bin/../lib/gcc/arm-none-eabi/9.3.1/../../../../arm-none-eabi/lib/thumb/v7e-m+fp/hard/libm.a
LOAD /Applications/STM32CubeIDE.app/Contents/Eclipse/plugins/com.st.stm32cube.ide.mcu.externaltools.gnu-tools-for-stm32.9-2020-q2-update.macos64_2.0.0.202105311346/tools/bin/../lib/gcc/arm-none-eabi/9.3.1/thumb/v7e-m+fp/hard/libgcc.a

.debug_info     0x0000000000000000    0x16c59
 .debug_info    0x0000000000000000      0xcc9 ./Core/Src/comm_relay.o
 .debug_info    0x0000000000000cc9     0x2fae ./Core/Src/main.o
 .debug_info    0x0000000000003c77     0x1383 ./Core/Src/orientation.o
 .debug_info    0x0000000000004ffa     0x1879 ./Core/Src/stm32l4xx_hal_msp.o
 .debug_info    0x0000000000006873      0xae7 ./Core/Src/stm32l4xx_it.o
 .debug_info    0x000000000000735a      0x787 ./Core/Src/system_stm32l4xx.o
 .debug_info    0x0000000000007ae1       0x22 ./Core/Startup/startup_stm32l432kcux.o
 .debug_info    0x0000000000007b03      0xb5e ./Drivers/STM32L4xx_HAL_Driver/Src/stm32l4xx_hal.o
 .debug_info    0x0000000000008661     0x1eab ./Drivers/STM32L4xx_HAL_Driver/Src/stm32l4xx_hal_adc.o
 .debug_info    0x000000000000a50c     0x19f6 ./Drivers/STM32L4xx_HAL_Driver/Src/stm32l4xx_hal_adc_ex.o
 .debug_info    0x000000000000bf02      0xfb0 ./Drivers/STM32L4xx_HAL_Driver/Src/stm32l4xx_hal_cortex.o
 .debug_info    0x000000000000ceb2      0x973 ./Drivers/STM32L4xx_HAL_Driver/Src/stm32l4xx_hal_dma.o
 .debug_info    0x000000000000d825      0xa5f ./Drivers/STM32L4xx_HAL_Driver/Src/stm32l4xx_hal_gpio.o
 .debug_info    0x000000000000e284      0xb7b ./Drivers/STM32L4xx_HAL_Driver/Src/stm32l4xx_hal_pwr_ex.o
 .debug_info    0x000000000000edff      0xdb5 ./Drivers/STM32L4xx_HAL_Driver/Src/stm32l4xx_hal_rcc.o
 .debug_info    0x000000000000fbb4     0x1108 ./Drivers/STM32L4xx_HAL_Driver/Src/stm32l4xx_hal_rcc_ex.o
 .debug_info    0x0000000000010cbc     0x2cb9 ./Drivers/STM32L4xx_HAL_Driver/Src/stm32l4xx_hal_tim.o
 .debug_info    0x0000000000013975     0x1813 ./Drivers/STM32L4xx_HAL_Driver/Src/stm32l4xx_hal_tim_ex.o
 .debug_info    0x0000000000015188     0x1ad1 ./Drivers/STM32L4xx_HAL_Driver/Src/stm32l4xx_hal_uart.o

.debug_abbrev   0x0000000000000000     0x2a61
 .debug_abbrev  0x0000000000000000      0x224 ./Core/Src/comm_relay.o
 .debug_abbrev  0x0000000000000224      0x3ef ./Core/Src/main.o
 .debug_abbrev  0x0000000000000613      0x26f ./Core/Src/orientation.o
 .debug_abbrev  0x0000000000000882      0x23e ./Core/Src/stm32l4xx_hal_msp.o
 .debug_abbrev  0x0000000000000ac0      0x1f3 ./Core/Src/stm32l4xx_it.o
 .debug_abbrev  0x0000000000000cb3      0x165 ./Core/Src/system_stm32l4xx.o
 .debug_abbrev  0x0000000000000e18       0x12 ./Core/Startup/startup_stm32l432kcux.o
 .debug_abbrev  0x0000000000000e2a      0x20b ./Drivers/STM32L4xx_HAL_Driver/Src/stm32l4xx_hal.o
 .debug_abbrev  0x0000000000001035      0x288 ./Drivers/STM32L4xx_HAL_Driver/Src/stm32l4xx_hal_adc.o
 .debug_abbrev  0x00000000000012bd      0x2ac ./Drivers/STM32L4xx_HAL_Driver/Src/stm32l4xx_hal_adc_ex.o
 .debug_abbrev  0x0000000000001569      0x33c ./Drivers/STM32L4xx_HAL_Driver/Src/stm32l4xx_hal_cortex.o
 .debug_abbrev  0x00000000000018a5      0x201 ./Drivers/STM32L4xx_HAL_Driver/Src/stm32l4xx_hal_dma.o
 .debug_abbrev  0x0000000000001aa6      0x1e8 ./Drivers/STM32L4xx_HAL_Driver/Src/stm32l4xx_hal_gpio.o
 .debug_abbrev  0x0000000000001c8e      0x1f3 ./Drivers/STM32L4xx_HAL_Driver/Src/stm32l4xx_hal_pwr_ex.o
 .debug_abbrev  0x0000000000001e81      0x275 ./Drivers/STM32L4xx_HAL_Driver/Src/stm32l4xx_hal_rcc.o
 .debug_abbrev  0x00000000000020f6      0x268 ./Drivers/STM32L4xx_HAL_Driver/Src/stm32l4xx_hal_rcc_ex.o
 .debug_abbrev  0x000000000000235e      0x25e ./Drivers/STM32L4xx_HAL_Driver/Src/stm32l4xx_hal_tim.o
 .debug_abbrev  0x00000000000025bc      0x266 ./Drivers/STM32L4xx_HAL_Driver/Src/stm32l4xx_hal_tim_ex.o
 .debug_abbrev  0x0000000000002822      0x23f ./Drivers/STM32L4xx_HAL_Driver/Src/stm32l4xx_hal_uart.o

.debug_aranges  0x0000000000000000     0x13c8
 .debug_aranges
                0x0000000000000000       0x30 ./Core/Src/comm_relay.o
 .debug_aranges
                0x0000000000000030      0x138 ./Core/Src/main.o
 .debug_aranges
                0x0000000000000168       0x48 ./Core/Src/orientation.o
 .debug_aranges
                0x00000000000001b0       0x78 ./Core/Src/stm32l4xx_hal_msp.o
 .debug_aranges
                0x0000000000000228       0xb0 ./Core/Src/stm32l4xx_it.o
 .debug_aranges
                0x00000000000002d8       0x28 ./Core/Src/system_stm32l4xx.o
 .debug_aranges
                0x0000000000000300       0x28 ./Core/Startup/startup_stm32l432kcux.o
 .debug_aranges
                0x0000000000000328      0x108 ./Drivers/STM32L4xx_HAL_Driver/Src/stm32l4xx_hal.o
 .debug_aranges
                0x0000000000000430      0x210 ./Drivers/STM32L4xx_HAL_Driver/Src/stm32l4xx_hal_adc.o
 .debug_aranges
                0x0000000000000640      0x170 ./Drivers/STM32L4xx_HAL_Driver/Src/stm32l4xx_hal_adc_ex.o
 .debug_aranges
                0x00000000000007b0      0x118 ./Drivers/STM32L4xx_HAL_Driver/Src/stm32l4xx_hal_cortex.o
 .debug_aranges
                0x00000000000008c8       0x80 ./Drivers/STM32L4xx_HAL_Driver/Src/stm32l4xx_hal_dma.o
 .debug_aranges
                0x0000000000000948       0x58 ./Drivers/STM32L4xx_HAL_Driver/Src/stm32l4xx_hal_gpio.o
 .debug_aranges
                0x00000000000009a0      0x128 ./Drivers/STM32L4xx_HAL_Driver/Src/stm32l4xx_hal_pwr_ex.o
 .debug_aranges
                0x0000000000000ac8       0x88 ./Drivers/STM32L4xx_HAL_Driver/Src/stm32l4xx_hal_rcc.o
 .debug_aranges
                0x0000000000000b50       0xf0 ./Drivers/STM32L4xx_HAL_Driver/Src/stm32l4xx_hal_rcc_ex.o
 .debug_aranges
                0x0000000000000c40      0x3e0 ./Drivers/STM32L4xx_HAL_Driver/Src/stm32l4xx_hal_tim.o
 .debug_aranges
                0x0000000000001020      0x180 ./Drivers/STM32L4xx_HAL_Driver/Src/stm32l4xx_hal_tim_ex.o
 .debug_aranges
                0x00000000000011a0      0x228 ./Drivers/STM32L4xx_HAL_Driver/Src/stm32l4xx_hal_uart.o

.debug_ranges   0x0000000000000000     0x12d0
 .debug_ranges  0x0000000000000000       0x20 ./Core/Src/comm_relay.o
 .debug_ranges  0x0000000000000020      0x128 ./Core/Src/main.o
 .debug_ranges  0x0000000000000148       0x38 ./Core/Src/orientation.o
 .debug_ranges  0x0000000000000180       0x68 ./Core/Src/stm32l4xx_hal_msp.o
 .debug_ranges  0x00000000000001e8       0xa0 ./Core/Src/stm32l4xx_it.o
 .debug_ranges  0x0000000000000288       0x18 ./Core/Src/system_stm32l4xx.o
 .debug_ranges  0x00000000000002a0       0x20 ./Core/Startup/startup_stm32l432kcux.o
 .debug_ranges  0x00000000000002c0       0xf8 ./Drivers/STM32L4xx_HAL_Driver/Src/stm32l4xx_hal.o
 .debug_ranges  0x00000000000003b8      0x200 ./Drivers/STM32L4xx_HAL_Driver/Src/stm32l4xx_hal_adc.o
 .debug_ranges  0x00000000000005b8      0x160 ./Drivers/STM32L4xx_HAL_Driver/Src/stm32l4xx_hal_adc_ex.o
 .debug_ranges  0x0000000000000718      0x108 ./Drivers/STM32L4xx_HAL_Driver/Src/stm32l4xx_hal_cortex.o
 .debug_ranges  0x0000000000000820       0x70 ./Drivers/STM32L4xx_HAL_Driver/Src/stm32l4xx_hal_dma.o
 .debug_ranges  0x0000000000000890       0x48 ./Drivers/STM32L4xx_HAL_Driver/Src/stm32l4xx_hal_gpio.o
 .debug_ranges  0x00000000000008d8      0x118 ./Drivers/STM32L4xx_HAL_Driver/Src/stm32l4xx_hal_pwr_ex.o
 .debug_ranges  0x00000000000009f0       0x78 ./Drivers/STM32L4xx_HAL_Driver/Src/stm32l4xx_hal_rcc.o
 .debug_ranges  0x0000000000000a68       0xe0 ./Drivers/STM32L4xx_HAL_Driver/Src/stm32l4xx_hal_rcc_ex.o
 .debug_ranges  0x0000000000000b48      0x3d0 ./Drivers/STM32L4xx_HAL_Driver/Src/stm32l4xx_hal_tim.o
 .debug_ranges  0x0000000000000f18      0x170 ./Drivers/STM32L4xx_HAL_Driver/Src/stm32l4xx_hal_tim_ex.o
 .debug_ranges  0x0000000000001088      0x248 ./Drivers/STM32L4xx_HAL_Driver/Src/stm32l4xx_hal_uart.o

.debug_macro    0x0000000000000000     0x374f
 .debug_macro   0x0000000000000000      0x2e2 ./Core/Src/comm_relay.o
 .debug_macro   0x00000000000002e2       0x4c ./Core/Src/comm_relay.o
 .debug_macro   0x000000000000032e       0x18 ./Core/Src/comm_relay.o
 .debug_macro   0x0000000000000346       0x94 ./Core/Src/comm_relay.o
 .debug_macro   0x00000000000003da       0x3c ./Core/Src/comm_relay.o
 .debug_macro   0x0000000000000416       0x34 ./Core/Src/comm_relay.o
 .debug_macro   0x000000000000044a       0x16 ./Core/Src/comm_relay.o
 .debug_macro   0x0000000000000460       0x43 ./Core/Src/comm_relay.o
 .debug_macro   0x00000000000004a3       0x57 ./Core/Src/comm_relay.o
 .debug_macro   0x00000000000004fa       0x34 ./Core/Src/comm_relay.o
 .debug_macro   0x000000000000052e       0x10 ./Core/Src/comm_relay.o
 .debug_macro   0x000000000000053e       0x58 ./Core/Src/comm_relay.o
 .debug_macro   0x0000000000000596       0x71 ./Core/Src/comm_relay.o
 .debug_macro   0x0000000000000607       0x1c ./Core/Src/comm_relay.o
 .debug_macro   0x0000000000000623      0x12a ./Core/Src/comm_relay.o
 .debug_macro   0x000000000000074d      0x339 ./Core/Src/comm_relay.o
 .debug_macro   0x0000000000000a86       0x10 ./Core/Src/comm_relay.o
 .debug_macro   0x0000000000000a96       0x35 ./Core/Src/comm_relay.o
 .debug_macro   0x0000000000000acb       0x20 ./Core/Src/comm_relay.o
 .debug_macro   0x0000000000000aeb       0x22 ./Core/Src/comm_relay.o
 .debug_macro   0x0000000000000b0d       0xfb ./Core/Src/comm_relay.o
 .debug_macro   0x0000000000000c08       0x56 ./Core/Src/comm_relay.o
 .debug_macro   0x0000000000000c5e      0x336 ./Core/Src/main.o
 .debug_macro   0x0000000000000f94       0x52 ./Core/Src/main.o
 .debug_macro   0x0000000000000fe6      0x333 ./Core/Src/main.o
 .debug_macro   0x0000000000001319      0x1a9 ./Core/Src/main.o
 .debug_macro   0x00000000000014c2       0x22 ./Core/Src/main.o
 .debug_macro   0x00000000000014e4      0x2f7 ./Core/Src/orientation.o
 .debug_macro   0x00000000000017db       0x10 ./Core/Src/orientation.o
 .debug_macro   0x00000000000017eb      0x20b ./Core/Src/stm32l4xx_hal_msp.o
 .debug_macro   0x00000000000019f6      0x215 ./Core/Src/stm32l4xx_it.o
 .debug_macro   0x0000000000001c0b      0x1fc ./Core/Src/system_stm32l4xx.o
 .debug_macro   0x0000000000001e07      0x244 ./Drivers/STM32L4xx_HAL_Driver/Src/stm32l4xx_hal.o
 .debug_macro   0x000000000000204b      0x219 ./Drivers/STM32L4xx_HAL_Driver/Src/stm32l4xx_hal_adc.o
 .debug_macro   0x0000000000002264      0x208 ./Drivers/STM32L4xx_HAL_Driver/Src/stm32l4xx_hal_adc_ex.o
 .debug_macro   0x000000000000246c      0x1fc ./Drivers/STM32L4xx_HAL_Driver/Src/stm32l4xx_hal_cortex.o
 .debug_macro   0x0000000000002668      0x1fc ./Drivers/STM32L4xx_HAL_Driver/Src/stm32l4xx_hal_dma.o
 .debug_macro   0x0000000000002864      0x23b ./Drivers/STM32L4xx_HAL_Driver/Src/stm32l4xx_hal_gpio.o
 .debug_macro   0x0000000000002a9f      0x220 ./Drivers/STM32L4xx_HAL_Driver/Src/stm32l4xx_hal_pwr_ex.o
 .debug_macro   0x0000000000002cbf      0x23e ./Drivers/STM32L4xx_HAL_Driver/Src/stm32l4xx_hal_rcc.o
 .debug_macro   0x0000000000002efd      0x232 ./Drivers/STM32L4xx_HAL_Driver/Src/stm32l4xx_hal_rcc_ex.o
 .debug_macro   0x000000000000312f      0x1fd ./Drivers/STM32L4xx_HAL_Driver/Src/stm32l4xx_hal_tim.o
 .debug_macro   0x000000000000332c      0x1fc ./Drivers/STM32L4xx_HAL_Driver/Src/stm32l4xx_hal_tim_ex.o
 .debug_macro   0x0000000000003528      0x227 ./Drivers/STM32L4xx_HAL_Driver/Src/stm32l4xx_hal_uart.o

.debug_line     0x0000000000000000    0x147df
 .debug_line    0x0000000000000000      0xa1f ./Core/Src/comm_relay.o
 .debug_line    0x0000000000000a1f     0x141b ./Core/Src/main.o
 .debug_line    0x0000000000001e3a      0xa1d ./Core/Src/orientation.o
 .debug_line    0x0000000000002857      0x93a ./Core/Src/stm32l4xx_hal_msp.o
 .debug_line    0x0000000000003191      0x93b ./Core/Src/stm32l4xx_it.o
 .debug_line    0x0000000000003acc      0x820 ./Core/Src/system_stm32l4xx.o
 .debug_line    0x00000000000042ec       0x87 ./Core/Startup/startup_stm32l432kcux.o
 .debug_line    0x0000000000004373      0xacc ./Drivers/STM32L4xx_HAL_Driver/Src/stm32l4xx_hal.o
 .debug_line    0x0000000000004e3f     0x1c3e ./Drivers/STM32L4xx_HAL_Driver/Src/stm32l4xx_hal_adc.o
 .debug_line    0x0000000000006a7d     0x14e4 ./Drivers/STM32L4xx_HAL_Driver/Src/stm32l4xx_hal_adc_ex.o
 .debug_line    0x0000000000007f61      0xd06 ./Drivers/STM32L4xx_HAL_Driver/Src/stm32l4xx_hal_cortex.o
 .debug_line    0x0000000000008c67      0xd3e ./Drivers/STM32L4xx_HAL_Driver/Src/stm32l4xx_hal_dma.o
 .debug_line    0x00000000000099a5      0xb5a ./Drivers/STM32L4xx_HAL_Driver/Src/stm32l4xx_hal_gpio.o
 .debug_line    0x000000000000a4ff      0xc52 ./Drivers/STM32L4xx_HAL_Driver/Src/stm32l4xx_hal_pwr_ex.o
 .debug_line    0x000000000000b151      0xfe5 ./Drivers/STM32L4xx_HAL_Driver/Src/stm32l4xx_hal_rcc.o
 .debug_line    0x000000000000c136     0x1331 ./Drivers/STM32L4xx_HAL_Driver/Src/stm32l4xx_hal_rcc_ex.o
 .debug_line    0x000000000000d467     0x3aba ./Drivers/STM32L4xx_HAL_Driver/Src/stm32l4xx_hal_tim.o
 .debug_line    0x0000000000010f21     0x1b3b ./Drivers/STM32L4xx_HAL_Driver/Src/stm32l4xx_hal_tim_ex.o
 .debug_line    0x0000000000012a5c     0x1d83 ./Drivers/STM32L4xx_HAL_Driver/Src/stm32l4xx_hal_uart.o

.debug_str      0x0000000000000000    0xdbefd
 .debug_str     0x0000000000000000    0xd55a5 ./Core/Src/comm_relay.o
                                      0xd5b0f (size before relaxing)
 .debug_str     0x00000000000d55a5     0x1fb1 ./Core/Src/main.o
                                      0xd7cf6 (size before relaxing)
 .debug_str     0x00000000000d7556      0x12e ./Core/Src/orientation.o
                                      0xd5fe5 (size before relaxing)
 .debug_str     0x00000000000d7684      0x12f ./Core/Src/stm32l4xx_hal_msp.o
                                      0xd383a (size before relaxing)
 .debug_str     0x00000000000d77b3      0x162 ./Core/Src/stm32l4xx_it.o
                                      0xd2f1b (size before relaxing)
 .debug_str     0x00000000000d7915       0xb8 ./Core/Src/system_stm32l4xx.o
                                      0xd25c6 (size before relaxing)
 .debug_str     0x00000000000d79cd       0x36 ./Core/Startup/startup_stm32l432kcux.o
                                         0x7c (size before relaxing)
 .debug_str     0x00000000000d7a03      0x4de ./Drivers/STM32L4xx_HAL_Driver/Src/stm32l4xx_hal.o
                                      0xd2ebf (size before relaxing)
 .debug_str     0x00000000000d7ee1      0x98c ./Drivers/STM32L4xx_HAL_Driver/Src/stm32l4xx_hal_adc.o
                                      0xd32d6 (size before relaxing)
 .debug_str     0x00000000000d886d      0x614 ./Drivers/STM32L4xx_HAL_Driver/Src/stm32l4xx_hal_adc_ex.o
                                      0xd317d (size before relaxing)
 .debug_str     0x00000000000d8e81      0x389 ./Drivers/STM32L4xx_HAL_Driver/Src/stm32l4xx_hal_cortex.o
                                      0xd2d1c (size before relaxing)
 .debug_str     0x00000000000d920a      0x253 ./Drivers/STM32L4xx_HAL_Driver/Src/stm32l4xx_hal_dma.o
                                      0xd2836 (size before relaxing)
 .debug_str     0x00000000000d945d      0x22d ./Drivers/STM32L4xx_HAL_Driver/Src/stm32l4xx_hal_gpio.o
                                      0xd285b (size before relaxing)
 .debug_str     0x00000000000d968a      0x44a ./Drivers/STM32L4xx_HAL_Driver/Src/stm32l4xx_hal_pwr_ex.o
                                      0xd2a84 (size before relaxing)
 .debug_str     0x00000000000d9ad4      0x395 ./Drivers/STM32L4xx_HAL_Driver/Src/stm32l4xx_hal_rcc.o
                                      0xd2b5d (size before relaxing)
 .debug_str     0x00000000000d9e69      0x527 ./Drivers/STM32L4xx_HAL_Driver/Src/stm32l4xx_hal_rcc_ex.o
                                      0xd2dd5 (size before relaxing)
 .debug_str     0x00000000000da390      0xd8e ./Drivers/STM32L4xx_HAL_Driver/Src/stm32l4xx_hal_tim.o
                                      0xd385f (size before relaxing)
 .debug_str     0x00000000000db11e      0x537 ./Drivers/STM32L4xx_HAL_Driver/Src/stm32l4xx_hal_tim_ex.o
                                      0xd3131 (size before relaxing)
 .debug_str     0x00000000000db655      0x8a8 ./Drivers/STM32L4xx_HAL_Driver/Src/stm32l4xx_hal_uart.o
                                      0xd3225 (size before relaxing)

.comment        0x0000000000000000       0x53
 .comment       0x0000000000000000       0x53 ./Core/Src/comm_relay.o
                                         0x54 (size before relaxing)
 .comment       0x0000000000000053       0x54 ./Core/Src/main.o
 .comment       0x0000000000000053       0x54 ./Core/Src/orientation.o
 .comment       0x0000000000000053       0x54 ./Core/Src/stm32l4xx_hal_msp.o
 .comment       0x0000000000000053       0x54 ./Core/Src/stm32l4xx_it.o
 .comment       0x0000000000000053       0x54 ./Core/Src/system_stm32l4xx.o
 .comment       0x0000000000000053       0x54 ./Drivers/STM32L4xx_HAL_Driver/Src/stm32l4xx_hal.o
 .comment       0x0000000000000053       0x54 ./Drivers/STM32L4xx_HAL_Driver/Src/stm32l4xx_hal_adc.o
 .comment       0x0000000000000053       0x54 ./Drivers/STM32L4xx_HAL_Driver/Src/stm32l4xx_hal_adc_ex.o
 .comment       0x0000000000000053       0x54 ./Drivers/STM32L4xx_HAL_Driver/Src/stm32l4xx_hal_cortex.o
 .comment       0x0000000000000053       0x54 ./Drivers/STM32L4xx_HAL_Driver/Src/stm32l4xx_hal_dma.o
 .comment       0x0000000000000053       0x54 ./Drivers/STM32L4xx_HAL_Driver/Src/stm32l4xx_hal_gpio.o
 .comment       0x0000000000000053       0x54 ./Drivers/STM32L4xx_HAL_Driver/Src/stm32l4xx_hal_pwr_ex.o
 .comment       0x0000000000000053       0x54 ./Drivers/STM32L4xx_HAL_Driver/Src/stm32l4xx_hal_rcc.o
 .comment       0x0000000000000053       0x54 ./Drivers/STM32L4xx_HAL_Driver/Src/stm32l4xx_hal_rcc_ex.o
 .comment       0x0000000000000053       0x54 ./Drivers/STM32L4xx_HAL_Driver/Src/stm32l4xx_hal_tim.o
 .comment       0x0000000000000053       0x54 ./Drivers/STM32L4xx_HAL_Driver/Src/stm32l4xx_hal_tim_ex.o
 .comment       0x0000000000000053       0x54 ./Drivers/STM32L4xx_HAL_Driver/Src/stm32l4xx_hal_uart.o

.debug_frame    0x0000000000000000     0x58bc
 .debug_frame   0x0000000000000000       0x84 ./Core/Src/comm_relay.o
 .debug_frame   0x0000000000000084      0x520 ./Core/Src/main.o
 .debug_frame   0x00000000000005a4       0xd4 ./Core/Src/orientation.o
 .debug_frame   0x0000000000000678      0x1cc ./Core/Src/stm32l4xx_hal_msp.o
 .debug_frame   0x0000000000000844      0x21c ./Core/Src/stm32l4xx_it.o
 .debug_frame   0x0000000000000a60       0x58 ./Core/Src/system_stm32l4xx.o
 .debug_frame   0x0000000000000ab8      0x3dc ./Drivers/STM32L4xx_HAL_Driver/Src/stm32l4xx_hal.o
 .debug_frame   0x0000000000000e94      0x9b0 ./Drivers/STM32L4xx_HAL_Driver/Src/stm32l4xx_hal_adc.o
 .debug_frame   0x0000000000001844      0x68c ./Drivers/STM32L4xx_HAL_Driver/Src/stm32l4xx_hal_adc_ex.o